03-30 10:17:20.853  2058  2058 W QImsService: QtiImsExtService : onBind returned null
03-30 10:17:20.854  2152  2152 D QtiImsExtConnector: Attempt to bind QtiImsExt service returned with: true
03-30 10:17:20.855  2152  2152 D QtiImsExtConnector: onNullBinding componentName ComponentInfo{org.codeaurora.ims/org.codeaurora.ims.QtiImsExtService}
03-30 10:17:21.035   706   706 I health@2.1-serv: type=1400 audit(0.0:9700): avc: denied { read } for name="present" dev="sysfs" ino=63723 scontext=u:r:hal_health_default:s0 tcontext=u:object_r:sysfs:s0 tclass=file permissive=1
03-30 10:17:21.035   706   706 I health@2.1-serv: type=1400 audit(0.0:9701): avc: denied { open } for path="/sys/devices/platform/soc/c440000.qcom,spmi/spmi-0/spmi0-00/c440000.qcom,spmi:qcom,pm6150@0:qcom,qpnp-smb5/power_supply/battery/present" dev="sysfs" ino=63723 scontext=u:r:hal_health_default:s0 tcontext=u:object_r:sysfs:s0 tclass=file permissive=1
03-30 10:17:21.035   706   706 I health@2.1-serv: type=1400 audit(0.0:9702): avc: denied { getattr } for path="/sys/devices/platform/soc/c440000.qcom,spmi/spmi-0/spmi0-00/c440000.qcom,spmi:qcom,pm6150@0:qcom,qpnp-smb5/power_supply/battery/present" dev="sysfs" ino=63723 scontext=u:r:hal_health_default:s0 tcontext=u:object_r:sysfs:s0 tclass=file permissive=1
03-30 10:17:21.050     0     0 E QG-K    : qg_iio_read_raw: Couldn't read IIO channel 83, rc = -19
03-30 10:17:21.061     0     0 E QG-K    : qg_iio_read_raw: Couldn't read IIO channel 84, rc = -19
03-30 10:17:21.073     0     0 W healthd : battery l=67 v=3900 t=25.1 h=2 st=3 c=-47302 fc=0 cc=0 chg=
03-30 10:17:21.083     0     0 E QG-K    : qg_iio_read_raw: Couldn't read IIO channel 83, rc = -19
03-30 10:17:21.093     0     0 E QG-K    : qg_iio_read_raw: Couldn't read IIO channel 84, rc = -19
03-30 10:17:21.100  2134  2134 V DeviceStatisticsService: chargerType=0 batteryLevel=67 totalBatteryCapacity=0
03-30 10:17:21.101  1800  1800 D KeyguardUpdateMonitor: received broadcast android.intent.action.BATTERY_CHANGED
03-30 10:17:21.133  1800  1800 D KeyguardUpdateMonitor: handleBatteryUpdate
03-30 10:17:21.174  1177  1177 W HidlServiceManagement: Waited one second for com.qualcomm.qti.dpm.api@1.0::IdpmQmi/dpmQmiService
03-30 10:17:21.176   481   481 I hwservicemanager: Since com.qualcomm.qti.dpm.api@1.0::IdpmQmi/dpmQmiService is not registered, trying to start it as a lazy HAL.
03-30 10:17:21.177  1177  1177 I HidlServiceManagement: getService: Trying again for com.qualcomm.qti.dpm.api@1.0::IdpmQmi/dpmQmiService...
03-30 10:17:21.180   481 16253 W libc    : Unable to set property "ctl.interface_start" to "com.qualcomm.qti.dpm.api@1.0::IdpmQmi/dpmQmiService": error code: 0x20
03-30 10:17:21.181   481 16253 I hwservicemanager: Tried to start com.qualcomm.qti.dpm.api@1.0::IdpmQmi/dpmQmiService as a lazy service, but was unable to. Usually this happens when a service is not installed, but if the service is intended to be used as a lazy service, then it may be configured incorrectly.
03-30 10:17:21.201 16137 16137 W HidlServiceManagement: Waited one second for android.hardware.secure_element@1.2::ISecureElement/eSE1
03-30 10:17:21.202   481   481 I hwservicemanager: Since android.hardware.secure_element@1.2::ISecureElement/eSE1 is not registered, trying to start it as a lazy HAL.
03-30 10:17:21.203 16137 16137 I HidlServiceManagement: getService: Trying again for android.hardware.secure_element@1.2::ISecureElement/eSE1...
03-30 10:17:21.206   481 16254 W libc    : Unable to set property "ctl.interface_start" to "android.hardware.secure_element@1.2::ISecureElement/eSE1": error code: 0x20
03-30 10:17:21.207   481 16254 I hwservicemanager: Tried to start android.hardware.secure_element@1.2::ISecureElement/eSE1 as a lazy service, but was unable to. Usually this happens when a service is not installed, but if the service is intended to be used as a lazy service, then it may be configured incorrectly.
03-30 10:17:21.368  1047 14518 D CompatibilityInfo: mCompatibilityFlags - 0
03-30 10:17:21.368  1047 14518 D CompatibilityInfo: applicationDensity - 480
03-30 10:17:21.368  1047 14518 D CompatibilityInfo: applicationScale - 1.0
03-30 10:17:21.370  2058  2058 I QImsService: QtiImsExtService : QtiImsExtService created!
03-30 10:17:21.370  2058  2058 E QImsService: QtiImsExtService : QtiImsExtService, ImsService is not yet started retry.
03-30 10:17:21.371  2152  2152 D QtiImsExtConnector: Attempt to bind QtiImsExt service returned with: true
03-30 10:17:21.371  2058  2058 E QImsService: QtiImsExtService : QtiImsExtService, ImsService is not yet started retry.
03-30 10:17:21.371  2058  2058 W QImsService: QtiImsExtService : onBind returned null
03-30 10:17:21.373  2152  2152 D QtiImsExtConnector: onNullBinding componentName ComponentInfo{org.codeaurora.ims/org.codeaurora.ims.QtiImsExtService}
03-30 10:17:21.588     0     0 I init    : starting service 'qccsyshalservice'...
03-30 10:17:21.626     0     0 I init    : starting service 'qccsyshal@1.1-service'...
03-30 10:17:21.641     0     0 I init    : starting service 'vendor.memtrack-hal-1-0'...
03-30 10:17:21.646 16255 16255 I qccsyshalservice: Start with system binder
03-30 10:17:21.646 16255 16255 D ProcessState: Binder ioctl to enable oneway spam detection failed: Invalid argument
03-30 10:17:21.646 16255 16255 D hw-ProcessState: Binder ioctl to enable oneway spam detection failed: Invalid argument
03-30 10:17:21.646 16255 16255 I qccsyshalservice: Registering qccsyshal service...
03-30 10:17:21.646 16255 16255 E cutils-trace: Error opening trace file: Permission denied (13)
03-30 10:17:21.647   481   481 I hwservicemanager: getTransport: Cannot find entry vendor.qti.hardware.qccsyshal@1.0::IQccsyshal/qccsyshal in either framework or device VINTF manifest.
03-30 10:17:21.654     0     0 I binder  : 16255:16255 ioctl 40046210 7ff1e8ac24 returned -22
03-30 10:17:21.655     0     0 I binder  : 16255:16255 ioctl 40046210 7ff1e8abf4 returned -22
03-30 10:17:21.648 16255 16255 E HidlServiceManagement: Service vendor.qti.hardware.qccsyshal@1.0::IQccsyshal/qccsyshal must be in VINTF manifest in order to register/get.
03-30 10:17:21.648 16255 16255 E qccsyshalservice: [ERROR] registerAsService() failed with status: -2147483648
03-30 10:17:21.659     0     0 I init    : starting service 'vendor.sensors-hal-1-0'...
03-30 10:17:21.655 16256 16256 I qccsyshal@1.1-service: Start with system binder
03-30 10:17:21.664     0     0 I binder  : 16256:16256 ioctl 40046210 7ff27cb494 returned -22
03-30 10:17:21.656 16256 16256 D ProcessState: Binder ioctl to enable oneway spam detection failed: Invalid argument
03-30 10:17:21.656 16256 16256 D hw-ProcessState: Binder ioctl to enable oneway spam detection failed: Invalid argument
03-30 10:17:21.656 16256 16256 I qccsyshal@1.1-service: Registering qccsyshal service...
03-30 10:17:21.664     0     0 I binder  : 16256:16256 ioctl 40046210 7ff27cb464 returned -22
03-30 10:17:21.656 16256 16256 E cutils-trace: Error opening trace file: Permission denied (13)
03-30 10:17:21.667     0     0 I init    : starting service 'feature_enabler_client'...
03-30 10:17:21.657   481   481 I hwservicemanager: getTransport: Cannot find entry vendor.qti.hardware.qccsyshal@1.1::IQccsyshal/qccsyshal in either framework or device VINTF manifest.
03-30 10:17:21.657 16256 16256 E HidlServiceManagement: Service vendor.qti.hardware.qccsyshal@1.1::IQccsyshal/qccsyshal must be in VINTF manifest in order to register/get.
03-30 10:17:21.657 16256 16256 E qccsyshal@1.1-service: [ERROR] registerAsService() failed with status: -2147483648
03-30 10:17:21.663  1957  3396 W HidlServiceManagement: Waited one second for com.qualcomm.qti.uceservice@2.3::IUceService/com.qualcomm.qti.uceservice
03-30 10:17:21.664  4361  4361 W HidlServiceManagement: Waited one second for vendor.qti.hardware.qccvndhal@1.0::IQccvndhal/qccvndhal
03-30 10:17:21.664   481   481 I hwservicemanager: Since com.qualcomm.qti.uceservice@2.3::IUceService/com.qualcomm.qti.uceservice is not registered, trying to start it as a lazy HAL.
03-30 10:17:21.665   481   481 I hwservicemanager: Since vendor.qti.hardware.qccvndhal@1.0::IQccvndhal/qccvndhal is not registered, trying to start it as a lazy HAL.
03-30 10:17:21.665  1957  3396 I HidlServiceManagement: getService: Trying again for com.qualcomm.qti.uceservice@2.3::IUceService/com.qualcomm.qti.uceservice...
03-30 10:17:21.665  4361  4361 I HidlServiceManagement: getService: Trying again for vendor.qti.hardware.qccvndhal@1.0::IQccvndhal/qccvndhal...
03-30 10:17:21.667   481 16261 W libc    : Unable to set property "ctl.interface_start" to "vendor.qti.hardware.qccvndhal@1.0::IQccvndhal/qccvndhal": error code: 0x20
03-30 10:17:21.667   481 16261 I hwservicemanager: Tried to start vendor.qti.hardware.qccvndhal@1.0::IQccvndhal/qccvndhal as a lazy service, but was unable to. Usually this happens when a service is not installed, but if the service is intended to be used as a lazy service, then it may be configured incorrectly.
03-30 10:17:21.668   481 16260 W libc    : Unable to set property "ctl.interface_start" to "com.qualcomm.qti.uceservice@2.3::IUceService/com.qualcomm.qti.uceservice": error code: 0x20
03-30 10:17:21.668   481 16260 I hwservicemanager: Tried to start com.qualcomm.qti.uceservice@2.3::IUceService/com.qualcomm.qti.uceservice as a lazy service, but was unable to. Usually this happens when a service is not installed, but if the service is intended to be used as a lazy service, then it may be configured incorrectly.
03-30 10:17:21.673     0     0 I init    : Service 'qccsyshalservice' (pid 16255) exited with status 1
03-30 10:17:21.673     0     0 I init    : Sending signal 9 to service 'qccsyshalservice' (pid 16255) process group...
03-30 10:17:21.673     0     0 I libprocessgroup: Successfully killed process cgroup uid 1000 pid 16255 in 0ms
03-30 10:17:21.674     0     0 I init    : Service 'qccsyshal@1.1-service' (pid 16256) exited with status 1
03-30 10:17:21.674     0     0 I init    : Sending signal 9 to service 'qccsyshal@1.1-service' (pid 16256) process group...
03-30 10:17:21.675 16259 16259 D ProcessState: Binder ioctl to enable oneway spam detection failed: Invalid argument
03-30 10:17:21.684     0     0 I binder  : 16259:16259 ioctl 40046210 7fe68ae904 returned -22
03-30 10:17:21.676 16259 16259 D FEATURE_ENABLER_CLIENT: : Shared buffer size: 1040
03-30 10:17:21.676 16259 16259 D QSEECOMAPI: QSEECom_get_handle sb_length = 0x1040
03-30 10:17:21.676 16259 16259 D QSEECOMAPI: App is not loaded in QSEE
03-30 10:17:21.676 16259 16259 E QSEECOMAPI: Error::Cannot open the file /vendor/firmware_mnt/image/featenabler.mdt errno = 2
03-30 10:17:21.676 16259 16259 E QSEECOMAPI: Error::Loading image failed with ret = -1
03-30 10:17:21.676 16259 16259 D QSEECOMAPI: QSEECom_get_handle sb_length = 0x1040
03-30 10:17:21.676 16259 16259 D QSEECOMAPI: App is not loaded in QSEE
03-30 10:17:21.676 16259 16259 E QSEECOMAPI: Error::Cannot open the file /vendor/firmware/featenabler.mdt errno = 2
03-30 10:17:21.676 16259 16259 E QSEECOMAPI: Error::Loading image failed with ret = -1
03-30 10:17:21.676 16259 16259 E FEATURE_ENABLER_CLIENT: : Start app: fail 0x0
03-30 10:17:21.687 16257 16257 D hw-ProcessState: Binder ioctl to enable oneway spam detection failed: Invalid argument
03-30 10:17:21.696     0     0 I binder  : 16257:16257 ioctl 40046210 7ff0cba914 returned -22
03-30 10:17:21.688 16257 16257 E cutils-trace: Error opening trace file: Permission denied (13)
03-30 10:17:21.688   481   481 I hwservicemanager: getTransport: Cannot find entry android.hardware.memtrack@1.0::IMemtrack/default in either framework or device VINTF manifest.
03-30 10:17:21.691 16258 16258 D hw-ProcessState: Binder ioctl to enable oneway spam detection failed: Invalid argument
03-30 10:17:21.699     0     0 I binder  : 16258:16258 ioctl 40046210 7fc6fbbcf4 returned -22
03-30 10:17:21.691 16258 16258 E cutils-trace: Error opening trace file: Permission denied (13)
03-30 10:17:21.692   481   481 I hwservicemanager: getTransport: Cannot find entry android.hardware.memtrack@1.0::IMemtrack/default in either framework or device VINTF manifest.
03-30 10:17:21.692   481   481 I hwservicemanager: getTransport: Cannot find entry android.hardware.sensors@1.0::ISensors/default in either framework or device VINTF manifest.
03-30 10:17:21.692 16257 16257 E HidlServiceManagement: Service android.hardware.memtrack@1.0::IMemtrack/default must be in VINTF manifest in order to register/get.
03-30 10:17:21.692 16257 16257 E LegacySupport: Could not register service android.hardware.memtrack@1.0::IMemtrack/default (-2147483648).
03-30 10:17:21.704 16258 16258 I android.hardware.sensors@1.0-service: Loaded library from sensors.ssc.so
03-30 10:17:21.704 16258 16258 W android.hardware.sensors@1.0-service: Error calling dlsym: undefined symbol: HMI
03-30 10:17:21.707 16258 16258 E android.hardware.sensors@1.0-service: HAL specifies version 1.4, but does not implement set_operation_mode()
03-30 10:17:21.709   481   481 I hwservicemanager: getTransport: Cannot find entry android.hardware.sensors@1.0::ISensors/default in either framework or device VINTF manifest.
03-30 10:17:21.709 16258 16258 E HidlServiceManagement: Service android.hardware.sensors@1.0::ISensors/default must be in VINTF manifest in order to register/get.
03-30 10:17:21.709 16258 16258 E LegacySupport: Could not register service android.hardware.sensors@1.0::ISensors/default (-2147483648).
03-30 10:17:21.885  1047 14518 D CompatibilityInfo: mCompatibilityFlags - 0
03-30 10:17:21.885  1047 14518 D CompatibilityInfo: applicationDensity - 480
03-30 10:17:21.885  1047 14518 D CompatibilityInfo: applicationScale - 1.0
03-30 10:17:21.888  2058  2058 I QImsService: QtiImsExtService : QtiImsExtService created!
03-30 10:17:21.888  2058  2058 E QImsService: QtiImsExtService : QtiImsExtService, ImsService is not yet started retry.
03-30 10:17:21.888  2152  2152 D QtiImsExtConnector: Attempt to bind QtiImsExt service returned with: true
03-30 10:17:21.888  2058  2058 E QImsService: QtiImsExtService : QtiImsExtService, ImsService is not yet started retry.
03-30 10:17:21.889  2058  2058 W QImsService: QtiImsExtService : onBind returned null
03-30 10:17:21.890  2152  2152 D QtiImsExtConnector: onNullBinding componentName ComponentInfo{org.codeaurora.ims/org.codeaurora.ims.QtiImsExtService}
03-30 10:17:22.129  1047  1394 W ActivityManager: Timeout executing service: ServiceRecord{6b4b98b u0 com.android.se/.SecureElementService}
03-30 10:17:22.177  1177  1177 W HidlServiceManagement: Waited one second for com.qualcomm.qti.dpm.api@1.0::IdpmQmi/dpmQmiService
03-30 10:17:22.178   481   481 I hwservicemanager: Since com.qualcomm.qti.dpm.api@1.0::IdpmQmi/dpmQmiService is not registered, trying to start it as a lazy HAL.
03-30 10:17:22.179  1177  1177 I HidlServiceManagement: getService: Trying again for com.qualcomm.qti.dpm.api@1.0::IdpmQmi/dpmQmiService...
03-30 10:17:22.181   481 16264 W libc    : Unable to set property "ctl.interface_start" to "com.qualcomm.qti.dpm.api@1.0::IdpmQmi/dpmQmiService": error code: 0x20
03-30 10:17:22.182   481 16264 I hwservicemanager: Tried to start com.qualcomm.qti.dpm.api@1.0::IdpmQmi/dpmQmiService as a lazy service, but was unable to. Usually this happens when a service is not installed, but if the service is intended to be used as a lazy service, then it may be configured incorrectly.
03-30 10:17:22.204 16137 16137 W HidlServiceManagement: Waited one second for android.hardware.secure_element@1.2::ISecureElement/eSE1
03-30 10:17:22.204   481   481 I hwservicemanager: Since android.hardware.secure_element@1.2::ISecureElement/eSE1 is not registered, trying to start it as a lazy HAL.
03-30 10:17:22.205 16137 16137 I HidlServiceManagement: getService: Trying again for android.hardware.secure_element@1.2::ISecureElement/eSE1...
03-30 10:17:22.207   481 16266 W libc    : Unable to set property "ctl.interface_start" to "android.hardware.secure_element@1.2::ISecureElement/eSE1": error code: 0x20
03-30 10:17:22.207   481 16266 I hwservicemanager: Tried to start android.hardware.secure_element@1.2::ISecureElement/eSE1 as a lazy service, but was unable to. Usually this happens when a service is not installed, but if the service is intended to be used as a lazy service, then it may be configured incorrectly.
03-30 10:17:22.255  1047 16265 I ActivityManager: dumpStackTraces pids=null nativepids=null
03-30 10:17:22.257  1047 16265 I ActivityManager: Dumping to /data/anr/anr_2022-03-30-10-17-22-257
03-30 10:17:22.257  1047 16265 I ActivityManager: Collecting stacks for pid 16137
03-30 10:17:22.258  1047 16265 I system_server: libdebuggerd_client: started dumping process 16137
03-30 10:17:22.260   544   544 I tombstoned: registered intercept for pid 16137 and type kDebuggerdJavaBacktrace
03-30 10:17:22.261 16137 16142 I com.android.se: Thread[5,tid=16142,WaitingInMainSignalCatcherLoop,Thread*=0xb40000778e360e90,peer=0x12e005d8,"Signal Catcher"]: reacting to signal 3
03-30 10:17:22.261 16137 16142 I com.android.se: 
03-30 10:17:22.297  1047  1072 I system_server: Background concurrent copying GC freed 119019(6915KB) AllocSpace objects, 34(9008KB) LOS objects, 49% free, 14MB/28MB, paused 151us,81us total 119.226ms
03-30 10:17:22.340   544   544 I tombstoned: received crash request for pid 16137
03-30 10:17:22.340   544   544 I tombstoned: found intercept fd 512 for pid 16137 and type kDebuggerdJavaBacktrace
03-30 10:17:22.341 16137 16142 I com.android.se: Wrote stack traces to tombstoned
03-30 10:17:22.341   544   544 W tombstoned: missing output fd
03-30 10:17:22.383  1047 16265 I system_server: libdebuggerd_client: done dumping process 16137
03-30 10:17:22.386  1047 16265 I ActivityManager: Done dumping
03-30 10:17:22.387  1047 16265 E ActivityManager: ANR in com.android.se
03-30 10:17:22.387  1047 16265 E ActivityManager: PID: 16137
03-30 10:17:22.387  1047 16265 E ActivityManager: Reason: executing service com.android.se/.SecureElementService
03-30 10:17:22.387  1047 16265 E ActivityManager: ErrorId: 65b6ed22-8964-4958-8928-4a72e0e80e5e
03-30 10:17:22.387  1047 16265 E ActivityManager: Frozen: false
03-30 10:17:22.387  1047 16265 E ActivityManager: Load: 0.0 / 0.0 / 0.0
03-30 10:17:22.387  1047 16265 E ActivityManager: ----- Output from /proc/pressure/memory -----
03-30 10:17:22.387  1047 16265 E ActivityManager: some avg10=0.00 avg60=0.00 avg300=0.00 total=320889
03-30 10:17:22.387  1047 16265 E ActivityManager: full avg10=0.00 avg60=0.00 avg300=0.00 total=266317
03-30 10:17:22.387  1047 16265 E ActivityManager: ----- End output from /proc/pressure/memory -----
03-30 10:17:22.387  1047 16265 E ActivityManager: 
03-30 10:17:22.387  1047 16265 E ActivityManager: CPU usage from 20380ms to 0ms ago (2022-03-30 10:17:01.809 to 2022-03-30 10:17:22.189):
03-30 10:17:22.387  1047 16265 E ActivityManager:   4.9% 1465/llkd: 0.5% user + 4.3% kernel
03-30 10:17:22.387  1047 16265 E ActivityManager:   3.8% 1047/system_server: 2.1% user + 1.7% kernel / faults: 1687 minor
03-30 10:17:22.387  1047 16265 E ActivityManager:   2.4% 1/init: 0.2% user + 2.1% kernel / faults: 1062 minor
03-30 10:17:22.387  1047 16265 E ActivityManager:   1.8% 478/logd: 0.4% user + 1.4% kernel / faults: 35 minor
03-30 10:17:22.387  1047 16265 E ActivityManager:   1.2% 481/hwservicemanager: 0.2% user + 0.9% kernel / faults: 252 minor
03-30 10:17:22.387  1047 16265 E ActivityManager:   1% 19165/kworker/u16:3: 0% user + 1% kernel
03-30 10:17:22.387  1047 16265 E ActivityManager:   0.9% 2058/org.codeaurora.ims: 0.3% user + 0.5% kernel / faults: 72 minor
03-30 10:17:22.387  1047 16265 E ActivityManager:   0.8% 12574/kworker/u16:0-devfreq_wq: 0% user + 0.8% kernel
03-30 10:17:22.387  1047 16265 E ActivityManager:   0.6% 2152/com.android.phone: 0.3% user + 0.2% kernel / faults: 17 minor
03-30 10:17:22.387  1047 16265 E ActivityManager:   0.4% 12/rcuog/0: 0% user + 0.4% kernel
03-30 10:17:22.387  1047 16265 E ActivityManager:   0.4% 14831/logcat: 0% user + 0.4% kernel
03-30 10:17:22.387  1047 16265 E ActivityManager:   0.2% 723/vendor.qti.hardware.servicetracker@1.2-service: 0.1% user + 0% kernel
03-30 10:17:22.387  1047 16265 E ActivityManager:   0.2% 27/rcuop/2: 0% user + 0.2% kernel
03-30 10:17:22.387  1047 16265 E ActivityManager:   0% 706/android.hardware.health@2.1-service: 0% user + 0% kernel
03-30 10:17:22.387  1047 16265 E ActivityManager:   0.1% 11/rcu_preempt: 0% user + 0.1% kernel
03-30 10:17:22.387  1047 16265 E ActivityManager:   0.1% 13/rcuop/0: 0% user + 0.1% kernel
03-30 10:17:22.387  1047 16265 E ActivityManager:   0.1% 33/rcuop/3: 0% user + 0.1% kernel
03-30 10:17:22.387  1047 16265 E ActivityManager:   0.1% 52/rcuop/6: 0% user + 0.1% kernel
03-30 10:17:22.387  1047 16265 E ActivityManager:   0.1% 58/rcuop/7: 0% user + 0.1% kernel
03-30 10:17:22.387  1047 16265 E ActivityManager:   0.1% 578/zygote64: 0% user + 0.1% kernel / faults: 39 minor
03-30 10:17:22.387  1047 16265 E ActivityManager:   0.1% 1177/dpmd: 0% user + 0% kernel
03-30 10:17:22.387  1047 16265 E ActivityManager:   0% 1800/com.android.systemui: 0% user + 0% kernel / faults: 7 minor
03-30 10:17:22.387  1047 16265 E ActivityManager:   0.1% 1957/.dataservices: 0% user + 0% kernel
03-30 10:17:22.387  1047 16265 E ActivityManager:   0% 21/rcuop/1: 0% user + 0% kernel
03-30 10:17:22.387  1047 16265 E ActivityManager:   0% 137/sugov:6: 0% user + 0% kernel
03-30 10:17:22.387  1047 16265 E ActivityManager:   0% 4361/com.qualcomm.qti.qdma: 0% user + 0% kernel
03-30 10:17:22.387  1047 16265 E ActivityManager:   0% 16066/irq/29-90b6300.: 0% user + 0% kernel
03-30 10:17:22.387  1047 16265 E ActivityManager:   0% 35/migration/4: 0% user + 0% kernel
03-30 10:17:22.387  1047 16265 E ActivityManager:   0% 39/rcuog/4: 0% user + 0% kernel
03-30 10:17:22.387  1047 16265 E ActivityManager:   0% 222/kworker/6:1H-kblockd: 0% user + 0% kernel
03-30 10:17:22.387  1047 16265 E ActivityManager:   0% 576/statsd: 0% user + 0% kernel
03-30 10:17:22.387  1047 16265 E ActivityManager:   0% 1183/cameraserver: 0% user + 0% kernel
03-30 10:17:22.387  1047 16265 E ActivityManager:   0% 6097/kworker/1:1-events: 0% user + 0% kernel
03-30 10:17:22.387  1047 16265 E ActivityManager:   0% 9717/kworker/3:2-events: 0% user + 0% kernel
03-30 10:17:22.387  1047 16265 E ActivityManager:   0% 15703/kworker/2:1-mm_percpu_wq: 0% user + 0% kernel
03-30 10:17:22.387  1047 16265 E ActivityManager:   0% 17581/com.android.statementservice: 0% user + 0% kernel
03-30 10:17:22.387  1047 16265 E ActivityManager:   0% 24844/adbd: 0% user + 0% kernel / faults: 1 minor
03-30 10:17:22.387  1047 16265 E ActivityManager:   0% 28873/kworker/0:1-mm_percpu_wq: 0% user + 0% kernel
03-30 10:17:22.387  1047 16265 E ActivityManager:  +0% 16137/com.android.se: 0% user + 0% kernel
03-30 10:17:22.387  1047 16265 E ActivityManager:  +0% 16170/kworker/6:0-events: 0% user + 0% kernel
03-30 10:17:22.387  1047 16265 E ActivityManager: 3.1% TOTAL: 0.7% user + 2.1% kernel + 0% iowait + 0.1% irq + 0% softirq
03-30 10:17:22.387  1047 16265 E ActivityManager: CPU usage from 59941661ms to 59941661ms ago (1970-01-01 00:00:00.000 to 1970-01-01 00:00:00.000) with 0% awake:
03-30 10:17:22.387  1047 16265 E ActivityManager: 0% TOTAL: 0% user + 0% kernel
03-30 10:17:22.390  1047 16265 E BoostFramework: BoostFramework() : Exception_1 = java.lang.ClassNotFoundException: com.qualcomm.qti.Performance
03-30 10:17:22.390  1047 16265 E BoostFramework: BoostFramework() Ux Perf: Exception = java.lang.ClassNotFoundException: com.qualcomm.qti.UxPerformance
03-30 10:17:22.390  1047 16265 I ActivityManager: Killing 16137:com.android.se/1068 (adj -800): bg anr
03-30 10:17:22.391  1047 16265 D ActivityManager: Completed ANR of com.android.se in 202ms, latency 1ms
03-30 10:17:22.395  1047 16267 I DropBoxManagerService: add tag=system_app_anr isTagEnabled=true flags=0x6
03-30 10:17:22.399  1047 12557 D CompatibilityInfo: mCompatibilityFlags - 0
03-30 10:17:22.400  1047 12557 D CompatibilityInfo: applicationDensity - 480
03-30 10:17:22.400  1047 12557 D CompatibilityInfo: applicationScale - 1.0
03-30 10:17:22.402  2058  2058 I QImsService: QtiImsExtService : QtiImsExtService created!
03-30 10:17:22.402  2058  2058 E QImsService: QtiImsExtService : QtiImsExtService, ImsService is not yet started retry.
03-30 10:17:22.403  2152  2152 D QtiImsExtConnector: Attempt to bind QtiImsExt service returned with: true
03-30 10:17:22.403  2058  2058 E QImsService: QtiImsExtService : QtiImsExtService, ImsService is not yet started retry.
03-30 10:17:22.403  2058  2058 W QImsService: QtiImsExtService : onBind returned null
03-30 10:17:22.405  2152  2152 D QtiImsExtConnector: onNullBinding componentName ComponentInfo{org.codeaurora.ims/org.codeaurora.ims.QtiImsExtService}
03-30 10:17:22.409  1047  1459 I libprocessgroup: Successfully killed process cgroup uid 1068 pid 16137 in 18ms
03-30 10:17:22.457  1047 12557 I ActivityManager: Process com.android.se (pid 16137) has died: pers PER 
03-30 10:17:22.458  1047 12557 W ActivityManager: Scheduling restart of crashed service com.android.se/.SecureElementService in 0ms for persistent
03-30 10:17:22.458  1047 12557 W ActivityManager: Re-adding persistent process ProcessRecord{5a57e8a 16137:com.android.se/1068}
03-30 10:17:22.458   578   578 I Zygote  : Process 16137 exited due to signal 9 (Killed)
03-30 10:17:22.459  1047  1459 I libprocessgroup: Successfully killed process cgroup uid 1068 pid 16137 in 0ms
03-30 10:17:22.462  1047 12557 D CompatibilityChangeReporter: Compat change id reported: 135634846; UID 1068; state: DISABLED
03-30 10:17:22.491   578   578 D Zygote  : Forked child process 16268
03-30 10:17:22.491  1047  1405 I ActivityManager: Start proc 16268:com.android.se/1068 for restart com.android.se
03-30 10:17:22.494 16268 16268 W Zygote  : Unable to open libbeluga.so: dlopen failed: library "libbeluga.so" not found.
03-30 10:17:22.516 16268 16268 I Zygote  : seccomp disabled by setenforce 0
03-30 10:17:22.555 24844 24850 I adbd    : jdwp connection from 16268
03-30 10:17:22.557 16268 16268 D ProcessState: Binder ioctl to enable oneway spam detection failed: Invalid argument
03-30 10:17:22.566     0     0 I binder  : 16268:16268 ioctl 40046210 7fff1f96b4 returned -22
03-30 10:17:22.564  1047 12557 D CompatibilityInfo: mCompatibilityFlags - 0
03-30 10:17:22.564  1047 12557 D CompatibilityInfo: applicationDensity - 480
03-30 10:17:22.564  1047 12557 D CompatibilityInfo: applicationScale - 1.0
03-30 10:17:22.566  1047 12557 D CompatibilityInfo: mCompatibilityFlags - 0
03-30 10:17:22.566  1047 12557 D CompatibilityInfo: applicationDensity - 480
03-30 10:17:22.566  1047 12557 D CompatibilityInfo: applicationScale - 1.0
03-30 10:17:22.575 16268 16268 D CompatibilityChangeReporter: Compat change id reported: 171979766; UID 1068; state: ENABLED
03-30 10:17:22.589 16268 16268 E BoostFramework: BoostFramework() : Exception_1 = java.lang.ClassNotFoundException: com.qualcomm.qti.Performance
03-30 10:17:22.589 16268 16268 E BoostFramework: BoostFramework() Ux Perf: Exception = java.lang.ClassNotFoundException: com.qualcomm.qti.UxPerformance
03-30 10:17:22.592 16268 16268 V GraphicsEnvironment: ANGLE Developer option for 'com.android.se' set to: 'default'
03-30 10:17:22.593 16268 16268 V GraphicsEnvironment: ANGLE GameManagerService for com.android.se: false
03-30 10:17:22.593 16268 16268 V GraphicsEnvironment: Neither updatable production driver nor prerelease driver is supported.
03-30 10:17:22.594 16268 16268 D NetworkSecurityConfig: No Network Security Config specified, using platform default
03-30 10:17:22.594 16268 16268 D NetworkSecurityConfig: No Network Security Config specified, using platform default
03-30 10:17:22.598 16268 16268 I SecureElementService: main onCreate
03-30 10:17:22.599 16268 16268 I SecureElementService: Check if terminal eSE1 is available.
03-30 10:17:22.600 16268 16268 D hw-ProcessState: Binder ioctl to enable oneway spam detection failed: Invalid argument
03-30 10:17:22.602   481   481 I hwservicemanager: Since android.hardware.secure_element@1.2::ISecureElement/eSE1 is not registered, trying to start it as a lazy HAL.
03-30 10:17:22.608     0     0 I binder  : 16268:16268 ioctl 40046210 7fff1f8524 returned -22
03-30 10:17:22.605   481   481 I hwservicemanager: Since android.hardware.secure_element@1.2::ISecureElement/eSE1 is not registered, trying to start it as a lazy HAL.
03-30 10:17:22.606 16268 16268 I HidlServiceManagement: getService: Trying again for android.hardware.secure_element@1.2::ISecureElement/eSE1...
03-30 10:17:22.606   481 16285 W libc    : Unable to set property "ctl.interface_start" to "android.hardware.secure_element@1.2::ISecureElement/eSE1": error code: 0x20
03-30 10:17:22.607   481 16285 I hwservicemanager: Tried to start android.hardware.secure_element@1.2::ISecureElement/eSE1 as a lazy service, but was unable to. Usually this happens when a service is not installed, but if the service is intended to be used as a lazy service, then it may be configured incorrectly.
03-30 10:17:22.608   481 16287 W libc    : Unable to set property "ctl.interface_start" to "android.hardware.secure_element@1.2::ISecureElement/eSE1": error code: 0x20
03-30 10:17:22.609   481 16287 I hwservicemanager: Tried to start android.hardware.secure_element@1.2::ISecureElement/eSE1 as a lazy service, but was unable to. Usually this happens when a service is not installed, but if the service is intended to be used as a lazy service, then it may be configured incorrectly.
03-30 10:17:22.667  1957  3396 W HidlServiceManagement: Waited one second for com.qualcomm.qti.uceservice@2.3::IUceService/com.qualcomm.qti.uceservice
03-30 10:17:22.667  4361  4361 W HidlServiceManagement: Waited one second for vendor.qti.hardware.qccvndhal@1.0::IQccvndhal/qccvndhal
03-30 10:17:22.669   481   481 I hwservicemanager: Since vendor.qti.hardware.qccvndhal@1.0::IQccvndhal/qccvndhal is not registered, trying to start it as a lazy HAL.
03-30 10:17:22.670   481   481 I hwservicemanager: Since com.qualcomm.qti.uceservice@2.3::IUceService/com.qualcomm.qti.uceservice is not registered, trying to start it as a lazy HAL.
03-30 10:17:22.671  4361  4361 I HidlServiceManagement: getService: Trying again for vendor.qti.hardware.qccvndhal@1.0::IQccvndhal/qccvndhal...
03-30 10:17:22.672  1957  3396 I HidlServiceManagement: getService: Trying again for com.qualcomm.qti.uceservice@2.3::IUceService/com.qualcomm.qti.uceservice...
03-30 10:17:22.674   481 16289 W libc    : Unable to set property "ctl.interface_start" to "com.qualcomm.qti.uceservice@2.3::IUceService/com.qualcomm.qti.uceservice": error code: 0x20
03-30 10:17:22.674   481 16289 I hwservicemanager: Tried to start com.qualcomm.qti.uceservice@2.3::IUceService/com.qualcomm.qti.uceservice as a lazy service, but was unable to. Usually this happens when a service is not installed, but if the service is intended to be used as a lazy service, then it may be configured incorrectly.
03-30 10:17:22.675   481 16288 W libc    : Unable to set property "ctl.interface_start" to "vendor.qti.hardware.qccvndhal@1.0::IQccvndhal/qccvndhal": error code: 0x20
03-30 10:17:22.675   481 16288 I hwservicemanager: Tried to start vendor.qti.hardware.qccvndhal@1.0::IQccvndhal/qccvndhal as a lazy service, but was unable to. Usually this happens when a service is not installed, but if the service is intended to be used as a lazy service, then it may be configured incorrectly.
03-30 10:17:22.918  1047 12557 D CompatibilityInfo: mCompatibilityFlags - 0
03-30 10:17:22.918  1047 12557 D CompatibilityInfo: applicationDensity - 480
03-30 10:17:22.918  1047 12557 D CompatibilityInfo: applicationScale - 1.0
03-30 10:17:22.921  2058  2058 I QImsService: QtiImsExtService : QtiImsExtService created!
03-30 10:17:22.921  2058  2058 E QImsService: QtiImsExtService : QtiImsExtService, ImsService is not yet started retry.
03-30 10:17:22.922  2058  2058 E QImsService: QtiImsExtService : QtiImsExtService, ImsService is not yet started retry.
03-30 10:17:22.922  2152  2152 D QtiImsExtConnector: Attempt to bind QtiImsExt service returned with: true
03-30 10:17:22.922  2058  2058 W QImsService: QtiImsExtService : onBind returned null
03-30 10:17:22.924  2152  2152 D QtiImsExtConnector: onNullBinding componentName ComponentInfo{org.codeaurora.ims/org.codeaurora.ims.QtiImsExtService}
03-30 10:17:23.182  1177  1177 W HidlServiceManagement: Waited one second for com.qualcomm.qti.dpm.api@1.0::IdpmQmi/dpmQmiService
03-30 10:17:23.183   481   481 I hwservicemanager: Since com.qualcomm.qti.dpm.api@1.0::IdpmQmi/dpmQmiService is not registered, trying to start it as a lazy HAL.
03-30 10:17:23.185  1177  1177 I HidlServiceManagement: getService: Trying again for com.qualcomm.qti.dpm.api@1.0::IdpmQmi/dpmQmiService...
03-30 10:17:23.188   481 16290 W libc    : Unable to set property "ctl.interface_start" to "com.qualcomm.qti.dpm.api@1.0::IdpmQmi/dpmQmiService": error code: 0x20
03-30 10:17:23.189   481 16290 I hwservicemanager: Tried to start com.qualcomm.qti.dpm.api@1.0::IdpmQmi/dpmQmiService as a lazy service, but was unable to. Usually this happens when a service is not installed, but if the service is intended to be used as a lazy service, then it may be configured incorrectly.
03-30 10:17:23.437  1047 14518 D CompatibilityInfo: mCompatibilityFlags - 0
03-30 10:17:23.437  1047 14518 D CompatibilityInfo: applicationDensity - 480
03-30 10:17:23.437  1047 14518 D CompatibilityInfo: applicationScale - 1.0
03-30 10:17:23.439  2058  2058 I QImsService: QtiImsExtService : QtiImsExtService created!
03-30 10:17:23.439  2058  2058 E QImsService: QtiImsExtService : QtiImsExtService, ImsService is not yet started retry.
03-30 10:17:23.439  2058  2058 E QImsService: QtiImsExtService : QtiImsExtService, ImsService is not yet started retry.
03-30 10:17:23.439  2058  2058 W QImsService: QtiImsExtService : onBind returned null
03-30 10:17:23.440  2152  2152 D QtiImsExtConnector: Attempt to bind QtiImsExt service returned with: true
03-30 10:17:23.441  2152  2152 D QtiImsExtConnector: onNullBinding componentName ComponentInfo{org.codeaurora.ims/org.codeaurora.ims.QtiImsExtService}
03-30 10:17:23.609 16268 16268 W HidlServiceManagement: Waited one second for android.hardware.secure_element@1.2::ISecureElement/eSE1
03-30 10:17:23.609   481   481 I hwservicemanager: Since android.hardware.secure_element@1.2::ISecureElement/eSE1 is not registered, trying to start it as a lazy HAL.
03-30 10:17:23.612 16268 16268 I HidlServiceManagement: getService: Trying again for android.hardware.secure_element@1.2::ISecureElement/eSE1...
03-30 10:17:23.614   481 16291 W libc    : Unable to set property "ctl.interface_start" to "android.hardware.secure_element@1.2::ISecureElement/eSE1": error code: 0x20
03-30 10:17:23.614   481 16291 I hwservicemanager: Tried to start android.hardware.secure_element@1.2::ISecureElement/eSE1 as a lazy service, but was unable to. Usually this happens when a service is not installed, but if the service is intended to be used as a lazy service, then it may be configured incorrectly.
03-30 10:17:23.674  4361  4361 W HidlServiceManagement: Waited one second for vendor.qti.hardware.qccvndhal@1.0::IQccvndhal/qccvndhal
03-30 10:17:23.674  1957  3396 W HidlServiceManagement: Waited one second for com.qualcomm.qti.uceservice@2.3::IUceService/com.qualcomm.qti.uceservice
03-30 10:17:23.675   481   481 I hwservicemanager: Since vendor.qti.hardware.qccvndhal@1.0::IQccvndhal/qccvndhal is not registered, trying to start it as a lazy HAL.
03-30 10:17:23.677   481   481 I hwservicemanager: Since com.qualcomm.qti.uceservice@2.3::IUceService/com.qualcomm.qti.uceservice is not registered, trying to start it as a lazy HAL.
03-30 10:17:23.678  1957  3396 I HidlServiceManagement: getService: Trying again for com.qualcomm.qti.uceservice@2.3::IUceService/com.qualcomm.qti.uceservice...
03-30 10:17:23.678  4361  4361 I HidlServiceManagement: getService: Trying again for vendor.qti.hardware.qccvndhal@1.0::IQccvndhal/qccvndhal...
03-30 10:17:23.680   481 16292 W libc    : Unable to set property "ctl.interface_start" to "vendor.qti.hardware.qccvndhal@1.0::IQccvndhal/qccvndhal": error code: 0x20
03-30 10:17:23.681   481 16292 I hwservicemanager: Tried to start vendor.qti.hardware.qccvndhal@1.0::IQccvndhal/qccvndhal as a lazy service, but was unable to. Usually this happens when a service is not installed, but if the service is intended to be used as a lazy service, then it may be configured incorrectly.
03-30 10:17:23.682   481 16293 W libc    : Unable to set property "ctl.interface_start" to "com.qualcomm.qti.uceservice@2.3::IUceService/com.qualcomm.qti.uceservice": error code: 0x20
03-30 10:17:23.682   481 16293 I hwservicemanager: Tried to start com.qualcomm.qti.uceservice@2.3::IUceService/com.qualcomm.qti.uceservice as a lazy service, but was unable to. Usually this happens when a service is not installed, but if the service is intended to be used as a lazy service, then it may be configured incorrectly.
03-30 10:17:23.953  1047 14518 D CompatibilityInfo: mCompatibilityFlags - 0
03-30 10:17:23.953  1047 14518 D CompatibilityInfo: applicationDensity - 480
03-30 10:17:23.953  1047 14518 D CompatibilityInfo: applicationScale - 1.0
03-30 10:17:23.956  2058  2058 I QImsService: QtiImsExtService : QtiImsExtService created!
03-30 10:17:23.956  2058  2058 E QImsService: QtiImsExtService : QtiImsExtService, ImsService is not yet started retry.
03-30 10:17:23.957  2152  2152 D QtiImsExtConnector: Attempt to bind QtiImsExt service returned with: true
03-30 10:17:23.957  2058  2058 E QImsService: QtiImsExtService : QtiImsExtService, ImsService is not yet started retry.
03-30 10:17:23.957  2058  2058 W QImsService: QtiImsExtService : onBind returned null
03-30 10:17:23.959  2152  2152 D QtiImsExtConnector: onNullBinding componentName ComponentInfo{org.codeaurora.ims/org.codeaurora.ims.QtiImsExtService}
03-30 10:17:24.188  1177  1177 W HidlServiceManagement: Waited one second for com.qualcomm.qti.dpm.api@1.0::IdpmQmi/dpmQmiService
03-30 10:17:24.189   481   481 I hwservicemanager: Since com.qualcomm.qti.dpm.api@1.0::IdpmQmi/dpmQmiService is not registered, trying to start it as a lazy HAL.
03-30 10:17:24.190  1177  1177 I HidlServiceManagement: getService: Trying again for com.qualcomm.qti.dpm.api@1.0::IdpmQmi/dpmQmiService...
03-30 10:17:24.193   481 16294 W libc    : Unable to set property "ctl.interface_start" to "com.qualcomm.qti.dpm.api@1.0::IdpmQmi/dpmQmiService": error code: 0x20
03-30 10:17:24.194   481 16294 I hwservicemanager: Tried to start com.qualcomm.qti.dpm.api@1.0::IdpmQmi/dpmQmiService as a lazy service, but was unable to. Usually this happens when a service is not installed, but if the service is intended to be used as a lazy service, then it may be configured incorrectly.
03-30 10:17:24.404  1957  3449 I DPMJ    : |REQ:RCVR| DPM creating socket
03-30 10:17:24.471  1047 14521 D CompatibilityInfo: mCompatibilityFlags - 0
03-30 10:17:24.471  1047 14521 D CompatibilityInfo: applicationDensity - 480
03-30 10:17:24.471  1047 14521 D CompatibilityInfo: applicationScale - 1.0
03-30 10:17:24.473  2058  2058 I QImsService: QtiImsExtService : QtiImsExtService created!
03-30 10:17:24.474  2058  2058 E QImsService: QtiImsExtService : QtiImsExtService, ImsService is not yet started retry.
03-30 10:17:24.474  2152  2152 D QtiImsExtConnector: Attempt to bind QtiImsExt service returned with: true
03-30 10:17:24.474  2058  2058 E QImsService: QtiImsExtService : QtiImsExtService, ImsService is not yet started retry.
03-30 10:17:24.474  2058  2058 W QImsService: QtiImsExtService : onBind returned null
03-30 10:17:24.476  2152  2152 D QtiImsExtConnector: onNullBinding componentName ComponentInfo{org.codeaurora.ims/org.codeaurora.ims.QtiImsExtService}
03-30 10:17:24.613 16268 16268 W HidlServiceManagement: Waited one second for android.hardware.secure_element@1.2::ISecureElement/eSE1
03-30 10:17:24.615   481   481 I hwservicemanager: Since android.hardware.secure_element@1.2::ISecureElement/eSE1 is not registered, trying to start it as a lazy HAL.
03-30 10:17:24.616 16268 16268 I HidlServiceManagement: getService: Trying again for android.hardware.secure_element@1.2::ISecureElement/eSE1...
03-30 10:17:24.619   481 16295 W libc    : Unable to set property "ctl.interface_start" to "android.hardware.secure_element@1.2::ISecureElement/eSE1": error code: 0x20
03-30 10:17:24.619   481 16295 I hwservicemanager: Tried to start android.hardware.secure_element@1.2::ISecureElement/eSE1 as a lazy service, but was unable to. Usually this happens when a service is not installed, but if the service is intended to be used as a lazy service, then it may be configured incorrectly.
03-30 10:17:24.680  1957  3396 W HidlServiceManagement: Waited one second for com.qualcomm.qti.uceservice@2.3::IUceService/com.qualcomm.qti.uceservice
03-30 10:17:24.681  4361  4361 W HidlServiceManagement: Waited one second for vendor.qti.hardware.qccvndhal@1.0::IQccvndhal/qccvndhal
03-30 10:17:24.682   481   481 I hwservicemanager: Since com.qualcomm.qti.uceservice@2.3::IUceService/com.qualcomm.qti.uceservice is not registered, trying to start it as a lazy HAL.
03-30 10:17:24.683   481   481 I hwservicemanager: Since vendor.qti.hardware.qccvndhal@1.0::IQccvndhal/qccvndhal is not registered, trying to start it as a lazy HAL.
03-30 10:17:24.684  4361  4361 I HidlServiceManagement: getService: Trying again for vendor.qti.hardware.qccvndhal@1.0::IQccvndhal/qccvndhal...
03-30 10:17:24.684  1957  3396 I HidlServiceManagement: getService: Trying again for com.qualcomm.qti.uceservice@2.3::IUceService/com.qualcomm.qti.uceservice...
03-30 10:17:24.687   481 16296 W libc    : Unable to set property "ctl.interface_start" to "com.qualcomm.qti.uceservice@2.3::IUceService/com.qualcomm.qti.uceservice": error code: 0x20
03-30 10:17:24.688   481 16296 I hwservicemanager: Tried to start com.qualcomm.qti.uceservice@2.3::IUceService/com.qualcomm.qti.uceservice as a lazy service, but was unable to. Usually this happens when a service is not installed, but if the service is intended to be used as a lazy service, then it may be configured incorrectly.
03-30 10:17:24.689   481 16297 W libc    : Unable to set property "ctl.interface_start" to "vendor.qti.hardware.qccvndhal@1.0::IQccvndhal/qccvndhal": error code: 0x20
03-30 10:17:24.689   481 16297 I hwservicemanager: Tried to start vendor.qti.hardware.qccvndhal@1.0::IQccvndhal/qccvndhal as a lazy service, but was unable to. Usually this happens when a service is not installed, but if the service is intended to be used as a lazy service, then it may be configured incorrectly.
03-30 10:17:24.988  1047 14518 D CompatibilityInfo: mCompatibilityFlags - 0
03-30 10:17:24.988  1047 14518 D CompatibilityInfo: applicationDensity - 480
03-30 10:17:24.988  1047 14518 D CompatibilityInfo: applicationScale - 1.0
03-30 10:17:24.991  2058  2058 I QImsService: QtiImsExtService : QtiImsExtService created!
03-30 10:17:24.991  2058  2058 E QImsService: QtiImsExtService : QtiImsExtService, ImsService is not yet started retry.
03-30 10:17:24.991  2152  2152 D QtiImsExtConnector: Attempt to bind QtiImsExt service returned with: true
03-30 10:17:24.991  2058  2058 E QImsService: QtiImsExtService : QtiImsExtService, ImsService is not yet started retry.
03-30 10:17:24.991  2058  2058 W QImsService: QtiImsExtService : onBind returned null
03-30 10:17:24.994  2152  2152 D QtiImsExtConnector: onNullBinding componentName ComponentInfo{org.codeaurora.ims/org.codeaurora.ims.QtiImsExtService}
03-30 10:17:25.193  1177  1177 W HidlServiceManagement: Waited one second for com.qualcomm.qti.dpm.api@1.0::IdpmQmi/dpmQmiService
03-30 10:17:25.194   481   481 I hwservicemanager: Since com.qualcomm.qti.dpm.api@1.0::IdpmQmi/dpmQmiService is not registered, trying to start it as a lazy HAL.
03-30 10:17:25.195  1177  1177 I HidlServiceManagement: getService: Trying again for com.qualcomm.qti.dpm.api@1.0::IdpmQmi/dpmQmiService...
03-30 10:17:25.199   481 16298 W libc    : Unable to set property "ctl.interface_start" to "com.qualcomm.qti.dpm.api@1.0::IdpmQmi/dpmQmiService": error code: 0x20
03-30 10:17:25.199   481 16298 I hwservicemanager: Tried to start com.qualcomm.qti.dpm.api@1.0::IdpmQmi/dpmQmiService as a lazy service, but was unable to. Usually this happens when a service is not installed, but if the service is intended to be used as a lazy service, then it may be configured incorrectly.
03-30 10:17:25.506  1047 14521 D CompatibilityInfo: mCompatibilityFlags - 0
03-30 10:17:25.506  1047 14521 D CompatibilityInfo: applicationDensity - 480
03-30 10:17:25.506  1047 14521 D CompatibilityInfo: applicationScale - 1.0
03-30 10:17:25.508  2058  2058 I QImsService: QtiImsExtService : QtiImsExtService created!
03-30 10:17:25.509  2058  2058 E QImsService: QtiImsExtService : QtiImsExtService, ImsService is not yet started retry.
03-30 10:17:25.509  2058  2058 E QImsService: QtiImsExtService : QtiImsExtService, ImsService is not yet started retry.
03-30 10:17:25.509  2058  2058 W QImsService: QtiImsExtService : onBind returned null
03-30 10:17:25.510  2152  2152 D QtiImsExtConnector: Attempt to bind QtiImsExt service returned with: true
03-30 10:17:25.511  2152  2152 D QtiImsExtConnector: onNullBinding componentName ComponentInfo{org.codeaurora.ims/org.codeaurora.ims.QtiImsExtService}
03-30 10:17:25.619 16268 16268 W HidlServiceManagement: Waited one second for android.hardware.secure_element@1.2::ISecureElement/eSE1
03-30 10:17:25.620   481   481 I hwservicemanager: Since android.hardware.secure_element@1.2::ISecureElement/eSE1 is not registered, trying to start it as a lazy HAL.
03-30 10:17:25.621 16268 16268 I HidlServiceManagement: getService: Trying again for android.hardware.secure_element@1.2::ISecureElement/eSE1...
03-30 10:17:25.625   481 16299 W libc    : Unable to set property "ctl.interface_start" to "android.hardware.secure_element@1.2::ISecureElement/eSE1": error code: 0x20
03-30 10:17:25.625   481 16299 I hwservicemanager: Tried to start android.hardware.secure_element@1.2::ISecureElement/eSE1 as a lazy service, but was unable to. Usually this happens when a service is not installed, but if the service is intended to be used as a lazy service, then it may be configured incorrectly.
03-30 10:17:25.687  4361  4361 W HidlServiceManagement: Waited one second for vendor.qti.hardware.qccvndhal@1.0::IQccvndhal/qccvndhal
03-30 10:17:25.688  1957  3396 W HidlServiceManagement: Waited one second for com.qualcomm.qti.uceservice@2.3::IUceService/com.qualcomm.qti.uceservice
03-30 10:17:25.688   481   481 I hwservicemanager: Since vendor.qti.hardware.qccvndhal@1.0::IQccvndhal/qccvndhal is not registered