03-30 10:17:01.092   481 16124 I hwservicemanager: Tried to start com.qualcomm.qti.dpm.api@1.0::IdpmQmi/dpmQmiService as a lazy service, but was unable to. Usually this happens when a service is not installed, but if the service is intended to be used as a lazy service, then it may be configured incorrectly.
03-30 10:17:01.207  1047 14522 D CompatibilityInfo: mCompatibilityFlags - 0
03-30 10:17:01.207  1047 14522 D CompatibilityInfo: applicationDensity - 480
03-30 10:17:01.207  1047 14522 D CompatibilityInfo: applicationScale - 1.0
03-30 10:17:01.209  2058  2058 I QImsService: QtiImsExtService : QtiImsExtService created!
03-30 10:17:01.209  2058  2058 E QImsService: QtiImsExtService : QtiImsExtService, ImsService is not yet started retry.
03-30 10:17:01.210  2058  2058 E QImsService: QtiImsExtService : QtiImsExtService, ImsService is not yet started retry.
03-30 10:17:01.210  2058  2058 W QImsService: QtiImsExtService : onBind returned null
03-30 10:17:01.210  2152  2152 D QtiImsExtConnector: Attempt to bind QtiImsExt service returned with: true
03-30 10:17:01.212  2152  2152 D QtiImsExtConnector: onNullBinding componentName ComponentInfo{org.codeaurora.ims/org.codeaurora.ims.QtiImsExtService}
03-30 10:17:01.493     0     0 I init    : starting service 'qccsyshalservice'...
03-30 10:17:01.521     0     0 I init    : starting service 'qccsyshal@1.1-service'...
03-30 10:17:01.538     0     0 I init    : starting service 'vendor.memtrack-hal-1-0'...
03-30 10:17:01.551     0     0 I init    : starting service 'vendor.sensors-hal-1-0'...
03-30 10:17:01.546 16125 16125 I qccsyshalservice: Start with system binder
03-30 10:17:01.547 16125 16125 D ProcessState: Binder ioctl to enable oneway spam detection failed: Invalid argument
03-30 10:17:01.547 16125 16125 D hw-ProcessState: Binder ioctl to enable oneway spam detection failed: Invalid argument
03-30 10:17:01.547 16125 16125 I qccsyshalservice: Registering qccsyshal service...
03-30 10:17:01.547 16125 16125 E cutils-trace: Error opening trace file: Permission denied (13)
03-30 10:17:01.555     0     0 I binder  : 16125:16125 ioctl 40046210 7fec99d364 returned -22
03-30 10:17:01.555     0     0 I binder  : 16125:16125 ioctl 40046210 7fec99d334 returned -22
03-30 10:17:01.548   481   481 I hwservicemanager: getTransport: Cannot find entry vendor.qti.hardware.qccsyshal@1.0::IQccsyshal/qccsyshal in either framework or device VINTF manifest.
03-30 10:17:01.550 16125 16125 E HidlServiceManagement: Service vendor.qti.hardware.qccsyshal@1.0::IQccsyshal/qccsyshal must be in VINTF manifest in order to register/get.
03-30 10:17:01.550 16125 16125 E qccsyshalservice: [ERROR] registerAsService() failed with status: -2147483648
03-30 10:17:01.554 16126 16126 I qccsyshal@1.1-service: Start with system binder
03-30 10:17:01.555 16126 16126 D ProcessState: Binder ioctl to enable oneway spam detection failed: Invalid argument
03-30 10:17:01.555 16126 16126 D hw-ProcessState: Binder ioctl to enable oneway spam detection failed: Invalid argument
03-30 10:17:01.555 16126 16126 I qccsyshal@1.1-service: Registering qccsyshal service...
03-30 10:17:01.555 16126 16126 E cutils-trace: Error opening trace file: Permission denied (13)
03-30 10:17:01.562     0     0 I init    : starting service 'feature_enabler_client'...
03-30 10:17:01.555  1957  3396 W HidlServiceManagement: Waited one second for com.qualcomm.qti.uceservice@2.3::IUceService/com.qualcomm.qti.uceservice
03-30 10:17:01.563     0     0 I binder  : 16126:16126 ioctl 40046210 7fcdea7554 returned -22
03-30 10:17:01.555  4361  4361 W HidlServiceManagement: Waited one second for vendor.qti.hardware.qccvndhal@1.0::IQccvndhal/qccvndhal
03-30 10:17:01.563     0     0 I binder  : 16126:16126 ioctl 40046210 7fcdea7524 returned -22
03-30 10:17:01.556   481   481 I hwservicemanager: getTransport: Cannot find entry vendor.qti.hardware.qccsyshal@1.1::IQccsyshal/qccsyshal in either framework or device VINTF manifest.
03-30 10:17:01.556   481   481 I hwservicemanager: Since com.qualcomm.qti.uceservice@2.3::IUceService/com.qualcomm.qti.uceservice is not registered, trying to start it as a lazy HAL.
03-30 10:17:01.557 16126 16126 E HidlServiceManagement: Service vendor.qti.hardware.qccsyshal@1.1::IQccsyshal/qccsyshal must be in VINTF manifest in order to register/get.
03-30 10:17:01.557 16126 16126 E qccsyshal@1.1-service: [ERROR] registerAsService() failed with status: -2147483648
03-30 10:17:01.557   481   481 I hwservicemanager: Since vendor.qti.hardware.qccvndhal@1.0::IQccvndhal/qccvndhal is not registered, trying to start it as a lazy HAL.
03-30 10:17:01.558  1957  3396 I HidlServiceManagement: getService: Trying again for com.qualcomm.qti.uceservice@2.3::IUceService/com.qualcomm.qti.uceservice...
03-30 10:17:01.558  4361  4361 I HidlServiceManagement: getService: Trying again for vendor.qti.hardware.qccvndhal@1.0::IQccvndhal/qccvndhal...
03-30 10:17:01.569     0     0 I init    : Service 'qccsyshalservice' (pid 16125) exited with status 1
03-30 10:17:01.569     0     0 I init    : Sending signal 9 to service 'qccsyshalservice' (pid 16125) process group...
03-30 10:17:01.569     0     0 I libprocessgroup: Successfully killed process cgroup uid 1000 pid 16125 in 0ms
03-30 10:17:01.570     0     0 I init    : Service 'qccsyshal@1.1-service' (pid 16126) exited with status 1
03-30 10:17:01.570     0     0 I init    : Sending signal 9 to service 'qccsyshal@1.1-service' (pid 16126) process group...
03-30 10:17:01.563   481 16130 W libc    : Unable to set property "ctl.interface_start" to "com.qualcomm.qti.uceservice@2.3::IUceService/com.qualcomm.qti.uceservice": error code: 0x20
03-30 10:17:01.564   481 16131 W libc    : Unable to set property "ctl.interface_start" to "vendor.qti.hardware.qccvndhal@1.0::IQccvndhal/qccvndhal": error code: 0x20
03-30 10:17:01.564   481 16131 I hwservicemanager: Tried to start vendor.qti.hardware.qccvndhal@1.0::IQccvndhal/qccvndhal as a lazy service, but was unable to. Usually this happens when a service is not installed, but if the service is intended to be used as a lazy service, then it may be configured incorrectly.
03-30 10:17:01.564   481 16130 I hwservicemanager: Tried to start com.qualcomm.qti.uceservice@2.3::IUceService/com.qualcomm.qti.uceservice as a lazy service, but was unable to. Usually this happens when a service is not installed, but if the service is intended to be used as a lazy service, then it may be configured incorrectly.
03-30 10:17:01.584 16127 16127 D hw-ProcessState: Binder ioctl to enable oneway spam detection failed: Invalid argument
03-30 10:17:01.585 16127 16127 E cutils-trace: Error opening trace file: Permission denied (13)
03-30 10:17:01.586   481   481 I hwservicemanager: getTransport: Cannot find entry android.hardware.memtrack@1.0::IMemtrack/default in either framework or device VINTF manifest.
03-30 10:17:01.593     0     0 I binder  : 16127:16127 ioctl 40046210 7fc9a4cf84 returned -22
03-30 10:17:01.590 16128 16128 D hw-ProcessState: Binder ioctl to enable oneway spam detection failed: Invalid argument
03-30 10:17:01.598     0     0 I binder  : 16128:16128 ioctl 40046210 7ff1970b44 returned -22
03-30 10:17:01.590 16128 16128 E cutils-trace: Error opening trace file: Permission denied (13)
03-30 10:17:01.591   481   481 I hwservicemanager: getTransport: Cannot find entry android.hardware.sensors@1.0::ISensors/default in either framework or device VINTF manifest.
03-30 10:17:01.601     0     0 I binder  : 16129:16129 ioctl 40046210 7fe379eec4 returned -22
03-30 10:17:01.593 16129 16129 D ProcessState: Binder ioctl to enable oneway spam detection failed: Invalid argument
03-30 10:17:01.593 16129 16129 D FEATURE_ENABLER_CLIENT: : Shared buffer size: 1040
03-30 10:17:01.593 16129 16129 D QSEECOMAPI: QSEECom_get_handle sb_length = 0x1040
03-30 10:17:01.593 16129 16129 D QSEECOMAPI: App is not loaded in QSEE
03-30 10:17:01.593 16129 16129 E QSEECOMAPI: Error::Cannot open the file /vendor/firmware_mnt/image/featenabler.mdt errno = 2
03-30 10:17:01.593 16129 16129 E QSEECOMAPI: Error::Loading image failed with ret = -1
03-30 10:17:01.593 16129 16129 D QSEECOMAPI: QSEECom_get_handle sb_length = 0x1040
03-30 10:17:01.593 16129 16129 D QSEECOMAPI: App is not loaded in QSEE
03-30 10:17:01.594 16129 16129 E QSEECOMAPI: Error::Cannot open the file /vendor/firmware/featenabler.mdt errno = 2
03-30 10:17:01.594 16129 16129 E QSEECOMAPI: Error::Loading image failed with ret = -1
03-30 10:17:01.594 16129 16129 E FEATURE_ENABLER_CLIENT: : Start app: fail 0x0
03-30 10:17:01.595   481   481 I hwservicemanager: getTransport: Cannot find entry android.hardware.memtrack@1.0::IMemtrack/default in either framework or device VINTF manifest.
03-30 10:17:01.595 16127 16127 E HidlServiceManagement: Service android.hardware.memtrack@1.0::IMemtrack/default must be in VINTF manifest in order to register/get.
03-30 10:17:01.595 16127 16127 E LegacySupport: Could not register service android.hardware.memtrack@1.0::IMemtrack/default (-2147483648).
03-30 10:17:01.605 16128 16128 I android.hardware.sensors@1.0-service: Loaded library from sensors.ssc.so
03-30 10:17:01.605 16128 16128 W android.hardware.sensors@1.0-service: Error calling dlsym: undefined symbol: HMI
03-30 10:17:01.608 16128 16128 E android.hardware.sensors@1.0-service: HAL specifies version 1.4, but does not implement set_operation_mode()
03-30 10:17:01.610   481   481 I hwservicemanager: getTransport: Cannot find entry android.hardware.sensors@1.0::ISensors/default in either framework or device VINTF manifest.
03-30 10:17:01.611 16128 16128 E HidlServiceManagement: Service android.hardware.sensors@1.0::ISensors/default must be in VINTF manifest in order to register/get.
03-30 10:17:01.611 16128 16128 E LegacySupport: Could not register service android.hardware.sensors@1.0::ISensors/default (-2147483648).
03-30 10:17:01.725  1047 12557 D CompatibilityInfo: mCompatibilityFlags - 0
03-30 10:17:01.725  1047 12557 D CompatibilityInfo: applicationDensity - 480
03-30 10:17:01.725  1047 12557 D CompatibilityInfo: applicationScale - 1.0
03-30 10:17:01.727  2058  2058 I QImsService: QtiImsExtService : QtiImsExtService created!
03-30 10:17:01.727  2058  2058 E QImsService: QtiImsExtService : QtiImsExtService, ImsService is not yet started retry.
03-30 10:17:01.728  2152  2152 D QtiImsExtConnector: Attempt to bind QtiImsExt service returned with: true
03-30 10:17:01.728  2058  2058 E QImsService: QtiImsExtService : QtiImsExtService, ImsService is not yet started retry.
03-30 10:17:01.728  2058  2058 W QImsService: QtiImsExtService : onBind returned null
03-30 10:17:01.729  2152  2152 D QtiImsExtConnector: onNullBinding componentName ComponentInfo{org.codeaurora.ims/org.codeaurora.ims.QtiImsExtService}
03-30 10:17:01.749  1047  1394 W ActivityManager: Timeout executing service: ServiceRecord{6b4b98b u0 com.android.se/.SecureElementService}
03-30 10:17:01.849 16007 16007 W HidlServiceManagement: Waited one second for android.hardware.secure_element@1.2::ISecureElement/eSE1
03-30 10:17:01.850   481   481 I hwservicemanager: Since android.hardware.secure_element@1.2::ISecureElement/eSE1 is not registered, trying to start it as a lazy HAL.
03-30 10:17:01.851 16007 16007 I HidlServiceManagement: getService: Trying again for android.hardware.secure_element@1.2::ISecureElement/eSE1...
03-30 10:17:01.853   481 16135 W libc    : Unable to set property "ctl.interface_start" to "android.hardware.secure_element@1.2::ISecureElement/eSE1": error code: 0x20
03-30 10:17:01.853   481 16135 I hwservicemanager: Tried to start android.hardware.secure_element@1.2::ISecureElement/eSE1 as a lazy service, but was unable to. Usually this happens when a service is not installed, but if the service is intended to be used as a lazy service, then it may be configured incorrectly.
03-30 10:17:01.866  1047 16134 I ActivityManager: dumpStackTraces pids=null nativepids=null
03-30 10:17:01.869  1047 16134 I ActivityManager: Dumping to /data/anr/anr_2022-03-30-10-17-01-869
03-30 10:17:01.869  1047 16134 I ActivityManager: Collecting stacks for pid 16007
03-30 10:17:01.870  1047 16134 I system_server: libdebuggerd_client: started dumping process 16007
03-30 10:17:01.871   544   544 I tombstoned: registered intercept for pid 16007 and type kDebuggerdJavaBacktrace
03-30 10:17:01.872 16007 16012 I com.android.se: Thread[5,tid=16012,WaitingInMainSignalCatcherLoop,Thread*=0xb40000778e360e90,peer=0x12dc05d8,"Signal Catcher"]: reacting to signal 3
03-30 10:17:01.872 16007 16012 I com.android.se: 
03-30 10:17:01.928   544   544 I tombstoned: received crash request for pid 16007
03-30 10:17:01.928   544   544 I tombstoned: found intercept fd 512 for pid 16007 and type kDebuggerdJavaBacktrace
03-30 10:17:01.929 16007 16012 I com.android.se: Wrote stack traces to tombstoned
03-30 10:17:01.929   544   544 W tombstoned: missing output fd
03-30 10:17:01.969  1047 16134 I system_server: libdebuggerd_client: done dumping process 16007
03-30 10:17:01.972  1047 16134 I ActivityManager: Done dumping
03-30 10:17:01.973  1047 16134 E ActivityManager: ANR in com.android.se
03-30 10:17:01.973  1047 16134 E ActivityManager: PID: 16007
03-30 10:17:01.973  1047 16134 E ActivityManager: Reason: executing service com.android.se/.SecureElementService
03-30 10:17:01.973  1047 16134 E ActivityManager: ErrorId: 5fa96321-b68d-4fa9-99db-942fc7d944f6
03-30 10:17:01.973  1047 16134 E ActivityManager: Frozen: false
03-30 10:17:01.973  1047 16134 E ActivityManager: Load: 0.0 / 0.0 / 0.0
03-30 10:17:01.973  1047 16134 E ActivityManager: ----- Output from /proc/pressure/memory -----
03-30 10:17:01.973  1047 16134 E ActivityManager: some avg10=0.00 avg60=0.00 avg300=0.00 total=320889
03-30 10:17:01.973  1047 16134 E ActivityManager: full avg10=0.00 avg60=0.00 avg300=0.00 total=266317
03-30 10:17:01.973  1047 16134 E ActivityManager: ----- End output from /proc/pressure/memory -----
03-30 10:17:01.973  1047 16134 E ActivityManager: 
03-30 10:17:01.973  1047 16134 E ActivityManager: CPU usage from 20454ms to 0ms ago (2022-03-30 10:16:41.355 to 2022-03-30 10:17:01.809):
03-30 10:17:01.973  1047 16134 E ActivityManager:   3.7% 1047/system_server: 1.9% user + 1.7% kernel / faults: 1444 minor
03-30 10:17:01.973  1047 16134 E ActivityManager:   2.8% 1/init: 0.2% user + 2.5% kernel / faults: 1346 minor
03-30 10:17:01.973  1047 16134 E ActivityManager:   2.1% 478/logd: 0.1% user + 1.9% kernel / faults: 32 minor
03-30 10:17:01.973  1047 16134 E ActivityManager:   1.3% 481/hwservicemanager: 0.2% user + 1.1% kernel / faults: 249 minor
03-30 10:17:01.973  1047 16134 E ActivityManager:   1.3% 19165/kworker/u16:3: 0% user + 1.3% kernel
03-30 10:17:01.973  1047 16134 E ActivityManager:   1% 12574/kworker/u16:0-devfreq_wq: 0% user + 1% kernel
03-30 10:17:01.973  1047 16134 E ActivityManager:   0.9% 2058/org.codeaurora.ims: 0.4% user + 0.4% kernel / faults: 74 minor
03-30 10:17:01.973  1047 16134 E ActivityManager:   0.5% 12/rcuog/0: 0% user + 0.5% kernel
03-30 10:17:01.973  1047 16134 E ActivityManager:   0.5% 2152/com.android.phone: 0.2% user + 0.2% kernel / faults: 19 minor
03-30 10:17:01.973  1047 16134 E ActivityManager:   0.4% 14831/logcat: 0% user + 0.4% kernel
03-30 10:17:01.973  1047 16134 E ActivityManager:   0% 1465/llkd: 0% user + 0% kernel
03-30 10:17:01.973  1047 16134 E ActivityManager:   0.1% 519/android.system.suspend@1.0-service: 0% user + 0.1% kernel
03-30 10:17:01.973  1047 16134 E ActivityManager:   0.2% 33/rcuop/3: 0% user + 0.2% kernel
03-30 10:17:01.973  1047 16134 E ActivityManager:   0.2% 723/vendor.qti.hardware.servicetracker@1.2-service: 0% user + 0.1% kernel
03-30 10:17:01.973  1047 16134 E ActivityManager:   0.1% 11/rcu_preempt: 0% user + 0.1% kernel
03-30 10:17:01.973  1047 16134 E ActivityManager:   0.1% 21/rcuop/1: 0% user + 0.1% kernel
03-30 10:17:01.973  1047 16134 E ActivityManager:   0.1% 27/rcuop/2: 0% user + 0.1% kernel
03-30 10:17:01.973  1047 16134 E ActivityManager:   0.1% 58/rcuop/7: 0% user + 0.1% kernel
03-30 10:17:01.973  1047 16134 E ActivityManager:   0.1% 576/statsd: 0% user + 0% kernel
03-30 10:17:01.973  1047 16134 E ActivityManager:   0.1% 578/zygote64: 0% user + 0.1% kernel / faults: 39 minor
03-30 10:17:01.973  1047 16134 E ActivityManager:   0% 705/android.hardware.health@2.0-service: 0% user + 0% kernel
03-30 10:17:01.973  1047 16134 E ActivityManager:   0% 13/rcuop/0: 0% user + 0% kernel
03-30 10:17:01.973  1047 16134 E ActivityManager:   0% 39/rcuog/4: 0% user + 0% kernel
03-30 10:17:01.973  1047 16134 E ActivityManager:   0% 52/rcuop/6: 0% user + 0% kernel
03-30 10:17:01.973  1047 16134 E ActivityManager:   0% 1177/dpmd: 0% user + 0% kernel
03-30 10:17:01.973  1047 16134 E ActivityManager:   0% 1957/.dataservices: 0% user + 0% kernel / faults: 1 minor
03-30 10:17:01.973  1047 16134 E ActivityManager:   0% 4361/com.qualcomm.qti.qdma: 0% user + 0% kernel
03-30 10:17:01.973  1047 16134 E ActivityManager:   0% 12522/kworker/7:0-sdhci_msm_generic_swq: 0% user + 0% kernel
03-30 10:17:01.973  1047 16134 E ActivityManager:   0% 24844/adbd: 0% user + 0% kernel / faults: 1 minor
03-30 10:17:01.973  1047 16134 E ActivityManager:   0% 28873/kworker/0:1-mm_percpu_wq: 0% user + 0% kernel
03-30 10:17:01.973  1047 16134 E ActivityManager:   0% 10/ksoftirqd/0: 0% user + 0% kernel
03-30 10:17:01.973  1047 16134 E ActivityManager:   0% 18/ksoftirqd/1: 0% user + 0% kernel
03-30 10:17:01.973  1047 16134 E ActivityManager:   0% 23/migration/2: 0% user + 0% kernel
03-30 10:17:01.973  1047 16134 E ActivityManager:   0% 24/ksoftirqd/2: 0% user + 0% kernel
03-30 10:17:01.973  1047 16134 E ActivityManager:   0% 30/ksoftirqd/3: 0% user + 0% kernel
03-30 10:17:01.973  1047 16134 E ActivityManager:   0% 42/migration/5: 0% user + 0% kernel
03-30 10:17:01.973  1047 16134 E ActivityManager:   0% 46/rcuop/5: 0% user + 0% kernel
03-30 10:17:01.973  1047 16134 E ActivityManager:   0% 136/sugov:0: 0% user + 0% kernel
03-30 10:17:01.973  1047 16134 E ActivityManager:   0% 137/sugov:6: 0% user + 0% kernel
03-30 10:17:01.973  1047 16134 E ActivityManager:   0% 138/core_ctl/0: 0% user + 0% kernel
03-30 10:17:01.973  1047 16134 E ActivityManager:   0% 213/qseecom-unreg-l: 0% user + 0% kernel
03-30 10:17:01.973  1047 16134 E ActivityManager:   0% 479/lmkd: 0% user + 0% kernel
03-30 10:17:01.973  1047 16134 E ActivityManager:   0% 694/ssgtzd: 0% user + 0% kernel
03-30 10:17:01.973  1047 16134 E ActivityManager:   0% 1109/diag-router: 0% user + 0% kernel
03-30 10:17:01.973  1047 16134 E ActivityManager:   0% 1159/qcom-system-daemon: 0% user + 0% kernel
03-30 10:17:01.973  1047 16134 E ActivityManager:   0% 1515/hvdcp_opti: 0% user + 0% kernel
03-30 10:17:01.973  1047 16134 E ActivityManager:   0% 2618/com.qualcomm.location: 0% user + 0% kernel / faults: 1 minor
03-30 10:17:01.973  1047 16134 E ActivityManager:   0% 2742/com.qualcomm.qti.services.secureui:sui_service: 0% user + 0% kernel
03-30 10:17:01.973  1047 16134 E ActivityManager:   0% 6097/kworker/1:1-events: 0% user + 0% kernel
03-30 10:17:01.973  1047 16134 E ActivityManager:   0% 9717/kworker/3:2-events: 0% user + 0% kernel
03-30 10:17:01.973  1047 16134 E ActivityManager:   0% 12094/kworker/0:0H-kblockd: 0% user + 0% kernel
03-30 10:17:01.973  1047 16134 E ActivityManager:   0% 15703/kworker/2:1-mm_percpu_wq: 0% user + 0% kernel
03-30 10:17:01.973  1047 16134 E ActivityManager:   0% 30279/kworker/6:1-ipv6_addrconf: 0% user + 0% kernel
03-30 10:17:01.973  1047 16134 E ActivityManager:  +0% 16007/com.android.se: 0% user + 0% kernel
03-30 10:17:01.973  1047 16134 E ActivityManager:  +0% 16065/irq/31-90cd000.: 0% user + 0% kernel
03-30 10:17:01.973  1047 16134 E ActivityManager:  +0% 16066/irq/29-90b6300.: 0% user + 0% kernel
03-30 10:17:01.973  1047 16134 E ActivityManager: 3.1% TOTAL: 0.6% user + 2% kernel + 0% iowait + 0.2% irq + 0% softirq
03-30 10:17:01.973  1047 16134 E ActivityManager: CPU usage from 59921281ms to 59921281ms ago (1970-01-01 00:00:00.000 to 1970-01-01 00:00:00.000) with 0% awake:
03-30 10:17:01.973  1047 16134 E ActivityManager: 0% TOTAL: 0% user + 0% kernel
03-30 10:17:01.975  1047 16134 E BoostFramework: BoostFramework() : Exception_1 = java.lang.ClassNotFoundException: com.qualcomm.qti.Performance
03-30 10:17:01.975  1047 16134 E BoostFramework: BoostFramework() Ux Perf: Exception = java.lang.ClassNotFoundException: com.qualcomm.qti.UxPerformance
03-30 10:17:01.975  1047 16134 I ActivityManager: Killing 16007:com.android.se/1068 (adj -800): bg anr
03-30 10:17:01.976  1047 16134 D ActivityManager: Completed ANR of com.android.se in 167ms, latency 1ms
03-30 10:17:01.978  1047 16136 I DropBoxManagerService: add tag=system_app_anr isTagEnabled=true flags=0x6
03-30 10:17:01.982  1047  1459 I libprocessgroup: Successfully killed process cgroup uid 1068 pid 16007 in 5ms
03-30 10:17:02.013  1047 12557 I ActivityManager: Process com.android.se (pid 16007) has died: pers PER 
03-30 10:17:02.014   578   578 I Zygote  : Process 16007 exited due to signal 9 (Killed)
03-30 10:17:02.014  1047 12557 W ActivityManager: Scheduling restart of crashed service com.android.se/.SecureElementService in 0ms for persistent
03-30 10:17:02.014  1047  1459 I libprocessgroup: Successfully killed process cgroup uid 1068 pid 16007 in 0ms
03-30 10:17:02.015  1047 12557 W ActivityManager: Re-adding persistent process ProcessRecord{5a57e8a 16007:com.android.se/1068}
03-30 10:17:02.017  1047 12557 D CompatibilityChangeReporter: Compat change id reported: 135634846; UID 1068; state: DISABLED
03-30 10:17:02.053   578   578 D Zygote  : Forked child process 16137
03-30 10:17:02.054  1047  1405 I ActivityManager: Start proc 16137:com.android.se/1068 for restart com.android.se
03-30 10:17:02.055 16137 16137 W Zygote  : Unable to open libbeluga.so: dlopen failed: library "libbeluga.so" not found.
03-30 10:17:02.065 16137 16137 I Zygote  : seccomp disabled by setenforce 0
03-30 10:17:02.088  1177  1177 W HidlServiceManagement: Waited one second for com.qualcomm.qti.dpm.api@1.0::IdpmQmi/dpmQmiService
03-30 10:17:02.089   481   481 I hwservicemanager: Since com.qualcomm.qti.dpm.api@1.0::IdpmQmi/dpmQmiService is not registered, trying to start it as a lazy HAL.
03-30 10:17:02.090  1177  1177 I HidlServiceManagement: getService: Trying again for com.qualcomm.qti.dpm.api@1.0::IdpmQmi/dpmQmiService...
03-30 10:17:02.092   481 16143 W libc    : Unable to set property "ctl.interface_start" to "com.qualcomm.qti.dpm.api@1.0::IdpmQmi/dpmQmiService": error code: 0x20
03-30 10:17:02.092   481 16143 I hwservicemanager: Tried to start com.qualcomm.qti.dpm.api@1.0::IdpmQmi/dpmQmiService as a lazy service, but was unable to. Usually this happens when a service is not installed, but if the service is intended to be used as a lazy service, then it may be configured incorrectly.
03-30 10:17:02.095 24844 24850 I adbd    : jdwp connection from 16137
03-30 10:17:02.104     0     0 I binder  : 16137:16137 ioctl 40046210 7fff1f96b4 returned -22
03-30 10:17:02.096 16137 16137 D ProcessState: Binder ioctl to enable oneway spam detection failed: Invalid argument
03-30 10:17:02.100  1047 12557 D CompatibilityInfo: mCompatibilityFlags - 0
03-30 10:17:02.100  1047 12557 D CompatibilityInfo: applicationDensity - 480
03-30 10:17:02.100  1047 12557 D CompatibilityInfo: applicationScale - 1.0
03-30 10:17:02.101  1047 12557 D CompatibilityInfo: mCompatibilityFlags - 0
03-30 10:17:02.101  1047 12557 D CompatibilityInfo: applicationDensity - 480
03-30 10:17:02.101  1047 12557 D CompatibilityInfo: applicationScale - 1.0
03-30 10:17:02.110 16137 16137 D CompatibilityChangeReporter: Compat change id reported: 171979766; UID 1068; state: ENABLED
03-30 10:17:02.120 16137 16137 E BoostFramework: BoostFramework() : Exception_1 = java.lang.ClassNotFoundException: com.qualcomm.qti.Performance
03-30 10:17:02.120 16137 16137 E BoostFramework: BoostFramework() Ux Perf: Exception = java.lang.ClassNotFoundException: com.qualcomm.qti.UxPerformance
03-30 10:17:02.123 16137 16137 V GraphicsEnvironment: ANGLE Developer option for 'com.android.se' set to: 'default'
03-30 10:17:02.124 16137 16137 V GraphicsEnvironment: ANGLE GameManagerService for com.android.se: false
03-30 10:17:02.124 16137 16137 V GraphicsEnvironment: Neither updatable production driver nor prerelease driver is supported.
03-30 10:17:02.125 16137 16137 D NetworkSecurityConfig: No Network Security Config specified, using platform default
03-30 10:17:02.125 16137 16137 D NetworkSecurityConfig: No Network Security Config specified, using platform default
03-30 10:17:02.128 16137 16137 I SecureElementService: main onCreate
03-30 10:17:02.130 16137 16137 I SecureElementService: Check if terminal eSE1 is available.
03-30 10:17:02.130 16137 16137 D hw-ProcessState: Binder ioctl to enable oneway spam detection failed: Invalid argument
03-30 10:17:02.131   481   481 I hwservicemanager: Since android.hardware.secure_element@1.2::ISecureElement/eSE1 is not registered, trying to start it as a lazy HAL.
03-30 10:17:02.139     0     0 I binder  : 16137:16137 ioctl 40046210 7fff1f8524 returned -22
03-30 10:17:02.132   481   481 I hwservicemanager: Since android.hardware.secure_element@1.2::ISecureElement/eSE1 is not registered, trying to start it as a lazy HAL.
03-30 10:17:02.133   481 16155 W libc    : Unable to set property "ctl.interface_start" to "android.hardware.secure_element@1.2::ISecureElement/eSE1": error code: 0x20
03-30 10:17:02.133   481 16155 I hwservicemanager: Tried to start android.hardware.secure_element@1.2::ISecureElement/eSE1 as a lazy service, but was unable to. Usually this happens when a service is not installed, but if the service is intended to be used as a lazy service, then it may be configured incorrectly.
03-30 10:17:02.133 16137 16137 I HidlServiceManagement: getService: Trying again for android.hardware.secure_element@1.2::ISecureElement/eSE1...
03-30 10:17:02.135   481 16157 W libc    : Unable to set property "ctl.interface_start" to "android.hardware.secure_element@1.2::ISecureElement/eSE1": error code: 0x20
03-30 10:17:02.135   481 16157 I hwservicemanager: Tried to start android.hardware.secure_element@1.2::ISecureElement/eSE1 as a lazy service, but was unable to. Usually this happens when a service is not installed, but if the service is intended to be used as a lazy service, then it may be configured incorrectly.
03-30 10:17:02.238  1047 12557 D CompatibilityInfo: mCompatibilityFlags - 0
03-30 10:17:02.238  1047 12557 D CompatibilityInfo: applicationDensity - 480
03-30 10:17:02.238  1047 12557 D CompatibilityInfo: applicationScale - 1.0
03-30 10:17:02.240  2058  2058 I QImsService: QtiImsExtService : QtiImsExtService created!
03-30 10:17:02.240  2058  2058 E QImsService: QtiImsExtService : QtiImsExtService, ImsService is not yet started retry.
03-30 10:17:02.242  2058  2058 E QImsService: QtiImsExtService : QtiImsExtService, ImsService is not yet started retry.
03-30 10:17:02.242  2058  2058 W QImsService: QtiImsExtService : onBind returned null
03-30 10:17:02.244  2152  2152 D QtiImsExtConnector: Attempt to bind QtiImsExt service returned with: true
03-30 10:17:02.245  2152  2152 D QtiImsExtConnector: onNullBinding componentName ComponentInfo{org.codeaurora.ims/org.codeaurora.ims.QtiImsExtService}
03-30 10:17:02.558  1957  3396 W HidlServiceManagement: Waited one second for com.qualcomm.qti.uceservice@2.3::IUceService/com.qualcomm.qti.uceservice
03-30 10:17:02.559  4361  4361 W HidlServiceManagement: Waited one second for vendor.qti.hardware.qccvndhal@1.0::IQccvndhal/qccvndhal
03-30 10:17:02.560   481   481 I hwservicemanager: Since vendor.qti.hardware.qccvndhal@1.0::IQccvndhal/qccvndhal is not registered, trying to start it as a lazy HAL.
03-30 10:17:02.561   481   481 I hwservicemanager: Since com.qualcomm.qti.uceservice@2.3::IUceService/com.qualcomm.qti.uceservice is not registered, trying to start it as a lazy HAL.
03-30 10:17:02.562  4361  4361 I HidlServiceManagement: getService: Trying again for vendor.qti.hardware.qccvndhal@1.0::IQccvndhal/qccvndhal...
03-30 10:17:02.562  1957  3396 I HidlServiceManagement: getService: Trying again for com.qualcomm.qti.uceservice@2.3::IUceService/com.qualcomm.qti.uceservice...
03-30 10:17:02.564   481 16158 W libc    : Unable to set property "ctl.interface_start" to "vendor.qti.hardware.qccvndhal@1.0::IQccvndhal/qccvndhal": error code: 0x20
03-30 10:17:02.564   481 16158 I hwservicemanager: Tried to start vendor.qti.hardware.qccvndhal@1.0::IQccvndhal/qccvndhal as a lazy service, but was unable to. Usually this happens when a service is not installed, but if the service is intended to be used as a lazy service, then it may be configured incorrectly.
03-30 10:17:02.565   481 16159 W libc    : Unable to set property "ctl.interface_start" to "com.qualcomm.qti.uceservice@2.3::IUceService/com.qualcomm.qti.uceservice": error code: 0x20
03-30 10:17:02.565   481 16159 I hwservicemanager: Tried to start com.qualcomm.qti.uceservice@2.3::IUceService/com.qualcomm.qti.uceservice as a lazy service, but was unable to. Usually this happens when a service is not installed, but if the service is intended to be used as a lazy service, then it may be configured incorrectly.
03-30 10:17:02.754  1047 12557 D CompatibilityInfo: mCompatibilityFlags - 0
03-30 10:17:02.754  1047 12557 D CompatibilityInfo: applicationDensity - 480
03-30 10:17:02.754  1047 12557 D CompatibilityInfo: applicationScale - 1.0
03-30 10:17:02.756  2058  2058 I QImsService: QtiImsExtService : QtiImsExtService created!
03-30 10:17:02.756  2058  2058 E QImsService: QtiImsExtService : QtiImsExtService, ImsService is not yet started retry.
03-30 10:17:02.758  2058  2058 E QImsService: QtiImsExtService : QtiImsExtService, ImsService is not yet started retry.
03-30 10:17:02.758  2058  2058 W QImsService: QtiImsExtService : onBind returned null
03-30 10:17:02.759  2152  2152 D QtiImsExtConnector: Attempt to bind QtiImsExt service returned with: true
03-30 10:17:02.761  2152  2152 D QtiImsExtConnector: onNullBinding componentName ComponentInfo{org.codeaurora.ims/org.codeaurora.ims.QtiImsExtService}
03-30 10:17:02.867  1465  1465 W livelock: sample 1.107s
03-30 10:17:03.092  1177  1177 W HidlServiceManagement: Waited one second for com.qualcomm.qti.dpm.api@1.0::IdpmQmi/dpmQmiService
03-30 10:17:03.094   481   481 I hwservicemanager: Since com.qualcomm.qti.dpm.api@1.0::IdpmQmi/dpmQmiService is not registered, trying to start it as a lazy HAL.
03-30 10:17:03.095  1177  1177 I HidlServiceManagement: getService: Trying again for com.qualcomm.qti.dpm.api@1.0::IdpmQmi/dpmQmiService...
03-30 10:17:03.098   481 16160 W libc    : Unable to set property "ctl.interface_start" to "com.qualcomm.qti.dpm.api@1.0::IdpmQmi/dpmQmiService": error code: 0x20
03-30 10:17:03.098   481 16160 I hwservicemanager: Tried to start com.qualcomm.qti.dpm.api@1.0::IdpmQmi/dpmQmiService as a lazy service, but was unable to. Usually this happens when a service is not installed, but if the service is intended to be used as a lazy service, then it may be configured incorrectly.
03-30 10:17:03.135 16137 16137 W HidlServiceManagement: Waited one second for android.hardware.secure_element@1.2::ISecureElement/eSE1
03-30 10:17:03.135   481   481 I hwservicemanager: Since android.hardware.secure_element@1.2::ISecureElement/eSE1 is not registered, trying to start it as a lazy HAL.
03-30 10:17:03.137 16137 16137 I HidlServiceManagement: getService: Trying again for android.hardware.secure_element@1.2::ISecureElement/eSE1...
03-30 10:17:03.140   481 16161 W libc    : Unable to set property "ctl.interface_start" to "android.hardware.secure_element@1.2::ISecureElement/eSE1": error code: 0x20
03-30 10:17:03.140   481 16161 I hwservicemanager: Tried to start android.hardware.secure_element@1.2::ISecureElement/eSE1 as a lazy service, but was unable to. Usually this happens when a service is not installed, but if the service is intended to be used as a lazy service, then it may be configured incorrectly.
03-30 10:17:03.273  1047 14521 D CompatibilityInfo: mCompatibilityFlags - 0
03-30 10:17:03.274  1047 14521 D CompatibilityInfo: applicationDensity - 480
03-30 10:17:03.274  1047 14521 D CompatibilityInfo: applicationScale - 1.0
03-30 10:17:03.276  2058  2058 I QImsService: QtiImsExtService : QtiImsExtService created!
03-30 10:17:03.276  2058  2058 E QImsService: QtiImsExtService : QtiImsExtService, ImsService is not yet started retry.
03-30 10:17:03.277  2058  2058 E QImsService: QtiImsExtService : QtiImsExtService, ImsService is not yet started retry.
03-30 10:17:03.277  2058  2058 W QImsService: QtiImsExtService : onBind returned null
03-30 10:17:03.277  2152  2152 D QtiImsExtConnector: Attempt to bind QtiImsExt service returned with: true
03-30 10:17:03.279  2152  2152 D QtiImsExtConnector: onNullBinding componentName ComponentInfo{org.codeaurora.ims/org.codeaurora.ims.QtiImsExtService}
03-30 10:17:03.564  4361  4361 W HidlServiceManagement: Waited one second for vendor.qti.hardware.qccvndhal@1.0::IQccvndhal/qccvndhal
03-30 10:17:03.565  1957  3396 W HidlServiceManagement: Waited one second for com.qualcomm.qti.uceservice@2.3::IUceService/com.qualcomm.qti.uceservice
03-30 10:17:03.565   481   481 I hwservicemanager: Since vendor.qti.hardware.qccvndhal@1.0::IQccvndhal/qccvndhal is not registered, trying to start it as a lazy HAL.
03-30 10:17:03.567   481   481 I hwservicemanager: Since com.qualcomm.qti.uceservice@2.3::IUceService/com.qualcomm.qti.uceservice is not registered, trying to start it as a lazy HAL.
03-30 10:17:03.568  1957  3396 I HidlServiceManagement: getService: Trying again for com.qualcomm.qti.uceservice@2.3::IUceService/com.qualcomm.qti.uceservice...
03-30 10:17:03.568  4361  4361 I HidlServiceManagement: getService: Trying again for vendor.qti.hardware.qccvndhal@1.0::IQccvndhal/qccvndhal...
03-30 10:17:03.571   481 16162 W libc    : Unable to set property "ctl.interface_start" to "vendor.qti.hardware.qccvndhal@1.0::IQccvndhal/qccvndhal": error code: 0x20
03-30 10:17:03.571   481 16163 W libc    : Unable to set property "ctl.interface_start" to "com.qualcomm.qti.uceservice@2.3::IUceService/com.qualcomm.qti.uceservice": error code: 0x20
03-30 10:17:03.571   481 16162 I hwservicemanager: Tried to start vendor.qti.hardware.qccvndhal@1.0::IQccvndhal/qccvndhal as a lazy service, but was unable to. Usually this happens when a service is not installed, but if the service is intended to be used as a lazy service, then it may be configured incorrectly.
03-30 10:17:03.571   481 16163 I hwservicemanager: Tried to start com.qualcomm.qti.uceservice@2.3::IUceService/com.qualcomm.qti.uceservice as a lazy service, but was unable to. Usually this happens when a service is not installed, but if the service is intended to be used as a lazy service, then it may be configured incorrectly.
03-30 10:17:03.791  1047 14521 D CompatibilityInfo: mCompatibilityFlags - 0
03-30 10:17:03.791  1047 14521 D CompatibilityInfo: applicationDensity - 480
03-30 10:17:03.791  1047 14521 D CompatibilityInfo: applicationScale - 1.0
03-30 10:17:03.793  2058  2058 I QImsService: QtiImsExtService : QtiImsExtService created!
03-30 10:17:03.793  2058  2058 E QImsService: QtiImsExtService : QtiImsExtService, ImsService is not yet started retry.
03-30 10:17:03.794  2152  2152 D QtiImsExtConnector: Attempt to bind QtiImsExt service returned with: true
03-30 10:17:03.794  2058  2058 E QImsService: QtiImsExtService : QtiImsExtService, ImsService is not yet started retry.
03-30 10:17:03.794  2058  2058 W QImsService: QtiImsExtService : onBind returned null
03-30 10:17:03.796  2152  2152 D QtiImsExtConnector: onNullBinding componentName ComponentInfo{org.codeaurora.ims/org.codeaurora.ims.QtiImsExtService}
03-30 10:17:04.096  1177  1177 W HidlServiceManagement: Waited one second for com.qualcomm.qti.dpm.api@1.0::IdpmQmi/dpmQmiService
03-30 10:17:04.097   481   481 I hwservicemanager: Since com.qualcomm.qti.dpm.api@1.0::IdpmQmi/dpmQmiService is not registered, trying to start it as a lazy HAL.
03-30 10:17:04.098  1177  1177 I HidlServiceManagement: getService: Trying again for com.qualcomm.qti.dpm.api@1.0::IdpmQmi/dpmQmiService...
03-30 10:17:04.101   481 16164 W libc    : Unable to set property "ctl.interface_start" to "com.qualcomm.qti.dpm.api@1.0::IdpmQmi/dpmQmiService": error code: 0x20
03-30 10:17:04.101   481 16164 I hwservicemanager: Tried to start com.qualcomm.qti.dpm.api@1.0::IdpmQmi/dpmQmiService as a lazy service, but was unable to. Usually this happens when a service is not installed, but if the service is intended to be used as a lazy service, then it may be configured incorrectly.
03-30 10:17:04.138 16137 16137 W HidlServiceManagement: Waited one second for android.hardware.secure_element@1.2::ISecureElement/eSE1
03-30 10:17:04.139   481   481 I hwservicemanager: Since android.hardware.secure_element@1.2::ISecureElement/eSE1 is not registered, trying to start it as a lazy HAL.
03-30 10:17:04.140 16137 16137 I HidlServiceManagement: getService: Trying again for android.hardware.secure_element@1.2::ISecureElement/eSE1...
03-30 10:17:04.141   481 16165 W libc    : Unable to set property "ctl.interface_start" to "android.hardware.secure_element@1.2::ISecureElement/eSE1": error code: 0x20
03-30 10:17:04.142   481 16165 I hwservicemanager: Tried to start android.hardware.secure_element@1.2::ISecureElement/eSE1 as a lazy service, but was unable to. Usually this happens when a service is not installed, but if the service is intended to be used as a lazy service, then it may be configured incorrectly.
03-30 10:17:04.308  1047 14521 D CompatibilityInfo: mCompatibilityFlags - 0
03-30 10:17:04.309  1047 14521 D CompatibilityInfo: applicationDensity - 480
03-30 10:17:04.309  1047 14521 D CompatibilityInfo: applicationScale - 1.0
03-30 10:17:04.310  2058  2058 I QImsService: QtiImsExtService : QtiImsExtService created!
03-30 10:17:04.311  2058  2058 E QImsService: QtiImsExtService : QtiImsExtService, ImsService is not yet started retry.
03-30 10:17:04.311  2058  2058 E QImsService: QtiImsExtService : QtiImsExtService, ImsService is not yet started retry.
03-30 10:17:04.311  2058  2058 W QImsService: QtiImsExtService : onBind returned null
03-30 10:17:04.312  2152  2152 D QtiImsExtConnector: Attempt to bind QtiImsExt service returned with: true
03-30 10:17:04.313  2152  2152 D QtiImsExtConnector: onNullBinding componentName ComponentInfo{org.codeaurora.ims/org.codeaurora.ims.QtiImsExtService}
03-30 10:17:04.383  1957  3449 I DPMJ    : |REQ:RCVR| DPM creating socket
03-30 10:17:04.571  1957  3396 W HidlServiceManagement: Waited one second for com.qualcomm.qti.uceservice@2.3::IUceService/com.qualcomm.qti.uceservice
03-30 10:17:04.571  4361  4361 W HidlServiceManagement: Waited one second for vendor.qti.hardware.qccvndhal@1.0::IQccvndhal/qccvndhal
03-30 10:17:04.572   481   481 I hwservicemanager: Since com.qualcomm.qti.uceservice@2.3::IUceService/com.qualcomm.qti.uceservice is not registered, trying to start it as a lazy HAL.
03-30 10:17:04.574   481   481 I hwservicemanager: Since vendor.qti.hardware.qccvndhal@1.0::IQccvndhal/qccvndhal is not registered, trying to start it as a lazy HAL.
03-30 10:17:04.575  4361  4361 I HidlServiceManagement: getService: Trying again for vendor.qti.hardware.qccvndhal@1.0::IQccvndhal/qccvndhal...
03-30 10:17:04.575  1957  3396 I HidlServiceManagement: getService: Trying again for com.qualcomm.qti.uceservice@2.3::IUceService/com.qualcomm.qti.uceservice...
03-30 10:17:04.577   481 16166 W libc    : Unable to set property "ctl.interface_start" to "com.qualcomm.qti.uceservice@2.3::IUceService/com.qualcomm.qti.uceservice": error code: 0x20
03-30 10:17:04.578   481 16166 I hwservicemanager: Tried to start com.qualcomm.qti.uceservice@2.3::IUceService/com.qualcomm.qti.uceservice as a lazy service, but was unable to. Usually this happens when a service is not installed, but if the service is intended to be used as a lazy service, then it may be configured incorrectly.
03-30 10:17:04.578   481 16167 W libc    : Unable to set property "ctl.interface_start" to "vendor.qti.hardware.qccvndhal@1.0::IQccvndhal/qccvndhal": error code: 0x20
03-30 10:17:04.579   481 16167 I hwservicemanager: Tried to start vendor.qti.hardware.qccvndhal@1.0::IQccvndhal/qccvndhal as a lazy service, but was unable to. Usually this happens when a service is not installed, but if the service is intended to be used as a lazy service, then it may be configured incorrectly.
03-30 10:17:04.825  1047 14522 D CompatibilityInfo: mCompatibilityFlags - 0
03-30 10:17:04.825  1047 14522 D CompatibilityInfo: applicationDensity - 480
03-30 10:17:04.826  1047 14522 D CompatibilityInfo: applicationScale - 1.0
03-30 10:17:04.828  2058  2058 I QImsService: QtiImsExtService : QtiImsExtService created!
03-30 10:17:04.828  2058  2058 E QImsService: QtiImsExtService : QtiImsExtService, ImsService is not yet started retry.
03-30 10:17:04.828  2058  2058 E QImsService: QtiImsExtService : QtiImsExtService, ImsService is not yet started retry.
03-30 10:17:04.828  2058  2058 W QImsService: QtiImsExtService : onBind returned null
03-30 10:17:04.829  2152  2152 D QtiImsExtConnector: Attempt to bind QtiImsExt service returned with: true
03-30 10:17:04.830  2152  2152 D QtiImsExtConnector: onNullBinding componentName ComponentInfo{org.codeaurora.ims/org.codeaurora.ims.QtiImsExtService}
03-30 10:17:05.101  1177  1177 W HidlServiceManagement: Waited one second for com.qualcomm.qti.dpm.api@1.0::IdpmQmi/dpmQmiService
03-30 10:17:05.102   481   481 I hwservicemanager: Since com.qualcomm.qti.dpm.api@1.0::IdpmQmi/dpmQmiService is not registered, trying to start it as a lazy HAL.
03-30 10:17:05.103  1177  1177 I HidlServiceManagement: getService: Trying again for com.qualcomm.qti.dpm.api@1.0::IdpmQmi/dpmQmiService...
03-30 10:17:05.106   481 16168 W libc    : Unable to set property "ctl.interface_start" to "com.qualcomm.qti.dpm.api@1.0::IdpmQmi/dpmQmiService": error code: 0x20
03-30 10:17:05.107   481 16168 I hwservicemanager: Tried to start com.qualcomm.qti.dpm.api@1.0::IdpmQmi/dpmQmiService as a lazy service, but was unable to. Usually this happens when a service is not installed, but if the service is intended to be used as a lazy service, then it may be configured incorrectly.
03-30 10:17:05.144 16137 16137 W HidlServiceManagement: Waited one second for android.hardware.secure_element@1.2::ISecureElement/eSE1
03-30 10:17:05.145   481   481 I hwservicemanager: Since android.hardware.secure_element@1.2::ISecureElement/eSE1 is not registered, trying to start it as a lazy HAL.
03-30 10:17:05.146 16137 16137 I HidlServiceManagement: getService: Trying again for android.hardware.secure_element@1.2::ISecureElement/eSE1...
03-30 10:17:05.149   481 16169 W libc    : Unable to set property "ctl.interface_start" to "android.hardware.secure_element@1.2::ISecureElement/eSE1": error code: 0x20
03-30 10:17:05.149   481 16169 I hwservicemanager: Tried to start android.hardware.secure_element@1.2::ISecureElement/eSE1 as a lazy service, but was unable to. Usually this happens when a service is not installed, but if the service is intended to be used as a lazy service, then it may be configured incorrectly.
03-30 10:17:05.342  1047 14522 D CompatibilityInfo: mCompatibilityFlags - 0
03-30 10:17:05.342  1047 14522 D CompatibilityInfo: applicationDensity - 480
03-30 10:17:05.342  1047 14522 D CompatibilityInfo: applicationScale - 1.0
03-30 10:17:05.344  2058  2058 I QImsService: QtiImsExtService : QtiImsExtService created!
03-30 10:17:05.344  2058  2058 E QImsService: QtiImsExtService : QtiImsExtService, ImsService is not yet started retry.
03-30 10:17:05.345  2058  2058 E QImsService: QtiImsExtService : QtiImsExtService, ImsService is not yet started retry.
03-30 10:17:05.345  2058  2058 W QImsService: QtiImsExtService : onBind returned null
03-30 10:17:05.345  2152  2152 D QtiImsExtConnector: Attempt to bind QtiImsExt service returned with: true
03-30 10:17:05.346  2152  2152 D QtiImsExtConnector: onNullBinding componentName ComponentInfo{org.codeaurora.ims/org.codeaurora.ims.QtiImsExtService}
03-30 10:17:05.577  4361  4361 W HidlServiceManagement: Waited one second for vendor.qti.hardware.qccvndhal@1.0::IQccvndhal/qccvndhal
03-30 10:17:05.578  1957  3396 W HidlServiceManagement: Waited one second for com.qualcomm.qti.uceservice@2.3::IUceService/com.qualcomm.qti.uceservice
03-30 10:17:05.578   481   481 I hwservicemanager: Since vendor.qti.hardware.qccvndhal@1.0::IQccvndhal/qccvndhal is not registered, trying to start it as a lazy HAL.
03-30 10:17:05.579   481   481 I hwservicemanager: Since com.qualcomm.qti.uceservice@2.3::IUceService/com.qualcomm.qti.uceservice is not registered, trying to start it as a lazy HAL.
03-30 10:17:05.580  1957  3396 I HidlServiceManagement: getService: Trying again for com.qualcomm.qti.uceservice@2.3::IUceService/com.qualcomm.qti.uceservice...
03-30 10:17:05.581  4361  4361 I HidlServiceManagement: getService: Trying again for vendor.qti.hardware.qccvndhal@1.0::IQccvndhal/qccvndhal...
03-30 10:17:05.582   481 16171 W libc    : Unable to set property "ctl.interface_start" to "vendor.qti.hardware.qccvndhal@1.0::IQccvndhal/qccvndhal": error code: 0x20
03-30 10:17:05.583   481 16171 I hwservicemanager: Tried to start vendor.qti.hardware.qccvndhal@1.0::IQccvndhal/qccvndhal as a lazy service, but was unable to. Usually this happens when a service is not installed, but if the service is intended to be used as a lazy service, then it may be configured incorrectly.
03-30 10:17:05.584   481 16172 W libc    : Unable to set property "ctl.interface_start" to "com.qualcomm.qti.uceservice@2.3::IUceService/com.qualcomm.qti.uceservice": error code: 0x20
03-30 10:17:05.584   481 16172 I hwservicemanager: Tried to start com.qualcomm.qti.uceservice@2.3::IUceService/com.qualcomm.qti.uceservice as a lazy service, but was unable to. Usually this happens when a service is not installed, but if the service is intended to be used as a lazy service, then it may be configured incorrectly.
03-30 10:17:05.857  1047 14521 D CompatibilityInfo: mCompatibilityFlags - 0
03-30 10:17:05.858  1047 14521 D CompatibilityInfo: applicationDensity - 480
03-30 10:17:05.858  1047 14521 D CompatibilityInfo: applicationScale - 1.0
03-30 10:17:05.860  2058  2058 I QImsService: QtiImsExtService : QtiImsExtService created!
03-30 10:17:05.860  2058  2058 E QImsService: QtiImsExtService : QtiImsExtService, ImsService is not yet started retry.
03-30 10:17:05.860  2152  2152 D QtiImsExtConnector: Attempt to bind QtiImsExt service returned with: true
03-30 10:17:05.861  2058  2058 E QImsService: QtiImsExtService : QtiImsExtService, ImsService is not yet started retry.
03-30 10:17:05.861  2058  2058 W QImsService: QtiImsExtService : onBind returned null
03-30 10:17:05.863  2152  2152 D QtiImsExtConnector: onNullBinding componentName ComponentInfo{org.codeaurora.ims/org.codeaurora.ims.QtiImsExtService}
03-30 10:17:06.105  1177  1177 W HidlServiceManagement: Waited one second for com.qualcomm.qti.dpm.api@1.0::IdpmQmi/dpmQmiService
03-30 10:17:06.106   481   481 I hwservicemanager: Since com.qualcomm.qti.dpm.api@1.0::IdpmQmi/dpmQmiService is not registered, trying to start it as a lazy HAL.
03-30 10:17:06.108  1177  1177 I HidlServiceManagement: getService: Trying again for com.qualcomm.qti.dpm.api@1.0::IdpmQmi/dpmQmiService...
03-30 10:17:06.111   481 16173 W libc    : Unable to set property "ctl.interface_start" to "com.qualcomm.qti.dpm.api@1.0::IdpmQmi/dpmQmiService": error code: 0x20
03-30 10:17:06.112   481 16173 I hwservicemanager: Tried to start com.qualcomm.qti.dpm.api@1.0::IdpmQmi/dpmQmiService as a lazy service, but was unable to. Usually this happens when a service is not installed, but if the service is intended to be used as a lazy service, then it may be configured incorrectly.
03-30 10:17:06.149 16137 16137 W HidlServiceManagement: Waited one second for android.hardware.secure_element@1.2::ISecureElement/eSE1
03-30 10:17:06.150   481   481 I hwservicemanager: Since android.hardware.secure_element@1.2::ISecureElement/eSE1 is not registered, trying to start it as a lazy HAL.
03-30 10:17:06.151 16137 16137 I HidlServiceManagement: getService: Trying again for android.hardware.secure_element@1.2::ISecureElement/eSE1...
03-30 10:17:06.154   481 16174 W libc    : Unable to set property "ctl.interface_start" to "android.hardware.secure_element@1.2::ISecureElement/eSE1": error code: 0x20
03-30 10:17:06.155   481 16174 I hwservicemanager: Tried to start android.hardware.secure_element@1.2::ISecureElement/eSE1 as a lazy service, but was unable to. Usually this happens when a service is not installed, but if the service is intended to be used as a lazy service, then it may be configured incorrectly.
03-30 10:17:06.376  1047 14521 D CompatibilityInfo: mCompatibilityFlags - 0
03-30 10:17:06.376  1047 14521 D CompatibilityInfo: applicationDensity - 480
03-30 10:17:06.376  1047 14521 D CompatibilityInfo: applicationScale - 1.0
03-30 10:17:06.378  2058  2058 I QImsService: QtiImsExtService : QtiImsExtService created!
03-30 10:17:06.378  2058  2058 E QImsService: QtiImsExtService : QtiImsExtService, ImsService is not yet started retry.
03-30 10:17:06.379  2058  2058 E QImsService: QtiImsExtService : QtiImsExtService, ImsService is not yet started retry.
03-30 10:17:06.379  2058  2058 W QImsService: QtiImsExtService : onBind returned null
03-30 10:17:06.379  2152  2152 D QtiImsExtConnector: Attempt to bind QtiImsExt service returned with: true
03-30 10:17:06.380  2152  2152 D QtiImsExtConnector: onNullBinding componentName ComponentInfo{org.codeaurora.ims/org.codeaurora.ims.QtiImsExtService}
03-30 10:17:06.518     0     0 I init    : starting service 'qccsyshalservice'...
03-30 10:17:06.553     0     0 I init    : starting service 'qccsyshal@1.1-service'...
03-30 10:17:06.576     0     0 I init    : starting service 'vendor.memtrack-hal-1-0'...
