03-30 10:15:40.199  1047 15600 E ActivityManager:   0% 137/sugov:6: 0% user + 0% kernel
03-30 10:15:40.199  1047 15600 E ActivityManager:   0% 576/statsd: 0% user + 0% kernel
03-30 10:15:40.199  1047 15600 E ActivityManager:   0% 1177/dpmd: 0% user + 0% kernel
03-30 10:15:40.199  1047 15600 E ActivityManager:   0% 1800/com.android.systemui: 0% user + 0% kernel / faults: 30 minor
03-30 10:15:40.199  1047 15600 E ActivityManager:   0% 4361/com.qualcomm.qti.qdma: 0% user + 0% kernel
03-30 10:15:40.199  1047 15600 E ActivityManager:   0% 24844/adbd: 0% user + 0% kernel
03-30 10:15:40.199  1047 15600 E ActivityManager:   0% 10/ksoftirqd/0: 0% user + 0% kernel
03-30 10:15:40.199  1047 15600 E ActivityManager:   0% 24/ksoftirqd/2: 0% user + 0% kernel
03-30 10:15:40.199  1047 15600 E ActivityManager:   0% 35/migration/4: 0% user + 0% kernel
03-30 10:15:40.199  1047 15600 E ActivityManager:   0% 39/rcuog/4: 0% user + 0% kernel
03-30 10:15:40.199  1047 15600 E ActivityManager:   0% 46/rcuop/5: 0% user + 0% kernel
03-30 10:15:40.199  1047 15600 E ActivityManager:   0% 136/sugov:0: 0% user + 0% kernel
03-30 10:15:40.199  1047 15600 E ActivityManager:   0% 1515/hvdcp_opti: 0% user + 0% kernel
03-30 10:15:40.199  1047 15600 E ActivityManager:   0% 6097/kworker/1:1-events: 0% user + 0% kernel
03-30 10:15:40.199  1047 15600 E ActivityManager:   0% 9717/kworker/3:2-events: 0% user + 0% kernel
03-30 10:15:40.199  1047 15600 E ActivityManager:   0% 12522/kworker/7:0-sdhci_msm_generic_swq: 0% user + 0% kernel
03-30 10:15:40.199  1047 15600 E ActivityManager:   0% 13171/kworker/2:2-mm_percpu_wq: 0% user + 0% kernel
03-30 10:15:40.199  1047 15600 E ActivityManager:   0% 15290/irq/29-90b6300.: 0% user + 0% kernel
03-30 10:15:40.199  1047 15600 E ActivityManager:   0% 28873/kworker/0:1-mm_percpu_wq: 0% user + 0% kernel
03-30 10:15:40.199  1047 15600 E ActivityManager:  +0% 15473/com.android.se: 0% user + 0% kernel
03-30 10:15:40.199  1047 15600 E ActivityManager: 2.7% TOTAL: 0.6% user + 1.8% kernel + 0% iowait + 0.1% irq + 0% softirq
03-30 10:15:40.199  1047 15600 E ActivityManager: CPU usage from 59839482ms to 59839482ms ago (1970-01-01 00:00:00.000 to 1970-01-01 00:00:00.000) with 0% awake:
03-30 10:15:40.199  1047 15600 E ActivityManager: 0% TOTAL: 0% user + 0% kernel
03-30 10:15:40.202  1047 15600 I ActivityManager: Killing 15473:com.android.se/1068 (adj -800): bg anr
03-30 10:15:40.202  1047 15600 D ActivityManager: Completed ANR of com.android.se in 192ms, latency 1ms
03-30 10:15:40.207  1047 15604 I DropBoxManagerService: add tag=system_app_anr isTagEnabled=true flags=0x6
03-30 10:15:40.250  1047  1077 I ActivityManager: Process com.android.se (pid 15473) has died: pers PER 
03-30 10:15:40.252  1047  1077 W ActivityManager: Scheduling restart of crashed service com.android.se/.SecureElementService in 0ms for persistent
03-30 10:15:40.253  1047  1077 W ActivityManager: Re-adding persistent process ProcessRecord{5a57e8a 15473:com.android.se/1068}
03-30 10:15:40.255  1047  1077 D CompatibilityChangeReporter: Compat change id reported: 135634846; UID 1068; state: DISABLED
03-30 10:15:40.316  1047  1405 W ActivityManager: Slow operation: 61ms so far, now at startProcess: returned from zygote!
03-30 10:15:40.316  1047  1405 W ActivityManager: Slow operation: 62ms so far, now at startProcess: done updating battery stats
03-30 10:15:40.316  1047  1405 W ActivityManager: Slow operation: 62ms so far, now at startProcess: building log message
03-30 10:15:40.316  1047  1405 I ActivityManager: Start proc 15605:com.android.se/1068 for restart com.android.se
03-30 10:15:40.316  1047  1405 W ActivityManager: Slow operation: 62ms so far, now at startProcess: starting to update pids map
03-30 10:15:40.316  1047  1405 W ActivityManager: Slow operation: 62ms so far, now at startProcess: done updating pids map
03-30 10:15:40.368     0     0 I binder  : 15605:15605 ioctl 40046210 7fff1f96b4 returned -22
03-30 10:15:40.374     0     0 I IRQ 5   : no longer affine to CPU4
03-30 10:15:40.407     0     0 I binder  : 15605:15605 ioctl 40046210 7fff1f8524 returned -22
03-30 10:15:41.153     0     0 I init    : starting service 'qccsyshalservice'...
03-30 10:15:41.180     0     0 I init    : starting service 'qccsyshal@1.1-service'...
03-30 10:15:41.197     0     0 I init    : starting service 'vendor.memtrack-hal-1-0'...
03-30 10:15:41.210     0     0 I init    : starting service 'vendor.sensors-hal-1-0'...
03-30 10:15:41.215     0     0 I binder  : 15628:15628 ioctl 40046210 7ffaa8c554 returned -22
03-30 10:15:41.216     0     0 I binder  : 15628:15628 ioctl 40046210 7ffaa8c524 returned -22
03-30 10:15:41.221     0     0 I init    : starting service 'feature_enabler_client'...
03-30 10:15:41.223     0     0 I binder  : 15629:15629 ioctl 40046210 7fe1a027e4 returned -22
03-30 10:15:41.223     0     0 I binder  : 15629:15629 ioctl 40046210 7fe1a027b4 returned -22
03-30 10:15:41.228     0     0 I init    : Service 'qccsyshalservice' (pid 15628) exited with status 1
03-30 10:15:41.228     0     0 I init    : Sending signal 9 to service 'qccsyshalservice' (pid 15628) process group...
03-30 10:15:41.228     0     0 I libprocessgroup: Successfully killed process cgroup uid 1000 pid 15628 in 0ms
03-30 10:15:41.229     0     0 I init    : Service 'qccsyshal@1.1-service' (pid 15629) exited with status 1
03-30 10:15:41.229     0     0 I init    : Sending signal 9 to service 'qccsyshal@1.1-service' (pid 15629) process group...
03-30 10:15:41.255     0     0 I binder  : 15630:15630 ioctl 40046210 7fd85fc7e4 returned -22
03-30 10:15:41.258     0     0 I binder  : 15631:15631 ioctl 40046210 7fe30f93b4 returned -22
03-30 10:15:41.263     0     0 I binder  : 15632:15632 ioctl 40046210 7fcda869c4 returned -22
03-30 10:15:42.101     0     0 E QG-K    : qg_iio_read_raw: Couldn't read IIO channel 83, rc = -19
03-30 10:15:42.111     0     0 E QG-K    : qg_iio_read_raw: Couldn't read IIO channel 84, rc = -19
03-30 10:15:42.136     0     0 W healthd : battery l=67 v=3896 t=25.1 h=2 st=3 c=-167541 fc=0 cc=0 chg=
03-30 10:15:46.177     0     0 I init    : starting service 'qccsyshalservice'...
03-30 10:15:46.206     0     0 I init    : starting service 'qccsyshal@1.1-service'...
03-30 10:15:46.227     0     0 I init    : starting service 'vendor.memtrack-hal-1-0'...
03-30 10:15:46.242     0     0 I init    : starting service 'vendor.sensors-hal-1-0'...
03-30 10:15:46.257     0     0 I binder  : 15655:15655 ioctl 40046210 7fee8afc74 returned -22
03-30 10:15:46.258     0     0 I binder  : 15655:15655 ioctl 40046210 7fee8afc44 returned -22
03-30 10:15:46.260     0     0 I binder  : 15657:15657 ioctl 40046210 7fda850884 returned -22
03-30 10:15:46.261     0     0 I init    : starting service 'feature_enabler_client'...
03-30 10:15:46.268     0     0 I binder  : 15656:15656 ioctl 40046210 7fd5c69844 returned -22
03-30 10:15:46.268     0     0 I binder  : 15656:15656 ioctl 40046210 7fd5c69814 returned -22
03-30 10:15:46.272     0     0 I binder  : 15658:15658 ioctl 40046210 7fc507ebf4 returned -22
03-30 10:15:46.273     0     0 I init    : Service 'qccsyshalservice' (pid 15655) exited with status 1
03-30 10:15:46.273     0     0 I init    : Sending signal 9 to service 'qccsyshalservice' (pid 15655) process group...
03-30 10:15:46.274     0     0 I libprocessgroup: Successfully killed process cgroup uid 1000 pid 15655 in 0ms
03-30 10:15:46.275     0     0 I init    : Service 'qccsyshal@1.1-service' (pid 15656) exited with status 1
03-30 10:15:46.275     0     0 I init    : Sending signal 9 to service 'qccsyshal@1.1-service' (pid 15656) process group...
03-30 10:15:46.318     0     0 I binder  : 15659:15659 ioctl 40046210 7fd82c69a4 returned -22
03-30 10:15:50.217     0     0 I PM      : suspend entry (deep)
03-30 10:15:50.266     0     0 I Filesystems sync: 0.049 seconds
03-30 10:15:50.266     0     0 I         : Freezing user space processes ... (elapsed 0.012 seconds) done.
03-30 10:15:50.279     0     0 I         : OOM killer disabled.
03-30 10:15:50.279     0     0 I         : Freezing remaining freezable tasks ... (elapsed 0.003 seconds) done.
03-30 10:15:50.282     0     0 I printk  : Suspending console(s) (use no_console_suspend to debug)
03-30 10:15:50.293     0     0 E msm-dwc3 a600000.ssusb: Abort PM suspend!! (USB is outside LPM)
03-30 10:15:50.293     0     0 E PM      : dpm_run_callback(): 0xffffffee4cca7d1c returns -16
03-30 10:15:50.293     0     0 E PM      : Device a600000.ssusb failed to suspend: error -16
03-30 10:15:50.293     0     0 E PM      : Some devices failed to suspend, or early wake event detected
03-30 10:15:50.294     0     0 E SMB1390 : smb1390_ilim_vote_cb: Client missing
03-30 10:15:50.294     0     0 E [kworke][0x10b9e7e6d56][10:15:50.285686] wlan: [19165:E:QDF] __cds_get_context: Module ID 61 context is Null (via _wlan_hdd_cfg80211_resume_wlan)
03-30 10:15:50.353     0     0 I         : OOM killer enabled.
03-30 10:15:50.353     0     0 I         : Restarting tasks ... done.
03-30 10:15:50.359     0     0 I Abort   : Callback failed on a600000.ssusb in 0xffffffee4cca7d1c returned -16
03-30 10:15:50.360     0     0 I PM      : suspend exit
03-30 10:15:51.200     0     0 I init    : starting service 'qccsyshalservice'...
03-30 10:15:51.232     0     0 I init    : starting service 'qccsyshal@1.1-service'...
03-30 10:15:51.255     0     0 I init    : starting service 'vendor.memtrack-hal-1-0'...
03-30 10:15:51.269     0     0 I init    : starting service 'vendor.sensors-hal-1-0'...
03-30 10:15:51.275     0     0 I binder  : 15686:15686 ioctl 40046210 7fe1400d44 returned -22
03-30 10:15:51.275     0     0 I binder  : 15686:15686 ioctl 40046210 7fe1400d14 returned -22
03-30 10:15:51.282     0     0 I init    : starting service 'feature_enabler_client'...
03-30 10:15:51.283     0     0 I binder  : 15687:15687 ioctl 40046210 7fe17a9c84 returned -22
03-30 10:15:51.284     0     0 I binder  : 15687:15687 ioctl 40046210 7fe17a9c54 returned -22
03-30 10:15:51.288     0     0 I init    : Service 'qccsyshalservice' (pid 15686) exited with status 1
03-30 10:15:51.288     0     0 I init    : Sending signal 9 to service 'qccsyshalservice' (pid 15686) process group...
03-30 10:15:51.288     0     0 I libprocessgroup: Successfully killed process cgroup uid 1000 pid 15686 in 0ms
03-30 10:15:51.289     0     0 I init    : Service 'qccsyshal@1.1-service' (pid 15687) exited with status 1
03-30 10:15:51.289     0     0 I init    : Sending signal 9 to service 'qccsyshal@1.1-service' (pid 15687) process group...
03-30 10:15:51.302     0     0 I binder  : 15690:15690 ioctl 40046210 7fefe93bc4 returned -22
03-30 10:15:51.313     0     0 I binder  : 15688:15688 ioctl 40046210 7fc163d024 returned -22
03-30 10:15:51.317     0     0 I binder  : 15689:15689 ioctl 40046210 7fe2cb8874 returned -22
03-30 10:15:56.220     0     0 I init    : starting service 'qccsyshalservice'...
03-30 10:15:56.253     0     0 I init    : starting service 'qccsyshal@1.1-service'...
03-30 10:15:56.275     0     0 I init    : starting service 'vendor.memtrack-hal-1-0'...
03-30 10:15:56.290     0     0 I init    : starting service 'vendor.sensors-hal-1-0'...
03-30 10:15:56.295     0     0 I binder  : 15714:15714 ioctl 40046210 7fede037c4 returned -22
03-30 10:15:56.295     0     0 I binder  : 15714:15714 ioctl 40046210 7fede03794 returned -22
03-30 10:15:56.301     0     0 I init    : starting service 'feature_enabler_client'...
03-30 10:15:56.302     0     0 I binder  : 15715:15715 ioctl 40046210 7fd312ddc4 returned -22
03-30 10:15:56.302     0     0 I binder  : 15715:15715 ioctl 40046210 7fd312dd94 returned -22
03-30 10:15:56.307     0     0 I init    : Service 'qccsyshalservice' (pid 15714) exited with status 1
03-30 10:15:56.307     0     0 I init    : Sending signal 9 to service 'qccsyshalservice' (pid 15714) process group...
03-30 10:15:56.307     0     0 I libprocessgroup: Successfully killed process cgroup uid 1000 pid 15714 in 0ms
03-30 10:15:56.309     0     0 I init    : Service 'qccsyshal@1.1-service' (pid 15715) exited with status 1
03-30 10:15:56.309     0     0 I init    : Sending signal 9 to service 'qccsyshal@1.1-service' (pid 15715) process group...
03-30 10:15:56.320     0     0 I binder  : 15718:15718 ioctl 40046210 7fd683eba4 returned -22
03-30 10:15:56.330     0     0 I binder  : 15716:15716 ioctl 40046210 7feaa84534 returned -22
03-30 10:15:56.336     0     0 I binder  : 15717:15717 ioctl 40046210 7fd7cfa364 returned -22
03-30 10:16:00.396  1047  1394 W ActivityManager: Timeout executing service: ServiceRecord{6b4b98b u0 com.android.se/.SecureElementService}
03-30 10:16:00.518  1047 15737 I ActivityManager: dumpStackTraces pids=null nativepids=null
03-30 10:16:00.521  1047 15737 I ActivityManager: Dumping to /data/anr/anr_2022-03-30-10-16-00-520
03-30 10:16:00.521  1047 15737 I ActivityManager: Collecting stacks for pid 15605
03-30 10:16:00.641  1047 15737 I ActivityManager: Done dumping
03-30 10:16:00.642  1047 15737 E ActivityManager: ANR in com.android.se
03-30 10:16:00.642  1047 15737 E ActivityManager: PID: 15605
03-30 10:16:00.642  1047 15737 E ActivityManager: Reason: executing service com.android.se/.SecureElementService
03-30 10:16:00.642  1047 15737 E ActivityManager: ErrorId: 63be54d1-ee3b-44c0-b217-c411f4a0b464
03-30 10:16:00.642  1047 15737 E ActivityManager: Frozen: false
03-30 10:16:00.642  1047 15737 E ActivityManager: Load: 0.0 / 0.0 / 0.0
03-30 10:16:00.642  1047 15737 E ActivityManager: ----- Output from /proc/pressure/memory -----
03-30 10:16:00.642  1047 15737 E ActivityManager: some avg10=0.00 avg60=0.00 avg300=0.00 total=320889
03-30 10:16:00.642  1047 15737 E ActivityManager: full avg10=0.00 avg60=0.00 avg300=0.00 total=266317
03-30 10:16:00.642  1047 15737 E ActivityManager: ----- End output from /proc/pressure/memory -----
03-30 10:16:00.642  1047 15737 E ActivityManager: 
03-30 10:16:00.642  1047 15737 E ActivityManager: CPU usage from 20441ms to 0ms ago (2022-03-30 10:15:40.010 to 2022-03-30 10:16:00.451):
03-30 10:16:00.642  1047 15737 E ActivityManager:   4.2% 1047/system_server: 2.2% user + 2% kernel / faults: 1885 minor
03-30 10:16:00.642  1047 15737 E ActivityManager:   2.6% 1/init: 0.2% user + 2.3% kernel / faults: 1059 minor
03-30 10:16:00.642  1047 15737 E ActivityManager:   2% 478/logd: 0.4% user + 1.6% kernel / faults: 32 minor
03-30 10:16:00.642  1047 15737 E ActivityManager:   1.4% 481/hwservicemanager: 0.2% user + 1.2% kernel / faults: 252 minor
03-30 10:16:00.642  1047 15737 E ActivityManager:   1% 12574/kworker/u16:0-devfreq_wq: 0% user + 1% kernel
03-30 10:16:00.642  1047 15737 E ActivityManager:   0.9% 2058/org.codeaurora.ims: 0.5% user + 0.4% kernel / faults: 73 minor
03-30 10:16:00.642  1047 15737 E ActivityManager:   0.6% 2152/com.android.phone: 0.2% user + 0.3% kernel / faults: 18 minor
03-30 10:16:00.642  1047 15737 E ActivityManager:   0% 19165/kworker/u16:3: 0% user + 0% kernel
03-30 10:16:00.642  1047 15737 E ActivityManager:   0.5% 12/rcuog/0: 0% user + 0.5% kernel
03-30 10:16:00.642  1047 15737 E ActivityManager:   0.5% 8104/kworker/u16:2: 0% user + 0.5% kernel
03-30 10:16:00.642  1047 15737 E ActivityManager:   0.4% 14831/logcat: 0% user + 0.4% kernel
03-30 10:16:00.642  1047 15737 E ActivityManager:   0.1% 519/android.system.suspend@1.0-service: 0% user + 0.1% kernel
03-30 10:16:00.642  1047 15737 E ActivityManager:   0.2% 578/zygote64: 0% user + 0.2% kernel / faults: 39 minor
03-30 10:16:00.642  1047 15737 E ActivityManager:   0.2% 723/vendor.qti.hardware.servicetracker@1.2-service: 0% user + 0.1% kernel
03-30 10:16:00.642  1047 15737 E ActivityManager:   0.1% 11/rcu_preempt: 0% user + 0.1% kernel
03-30 10:16:00.642  1047 15737 E ActivityManager:   0.1% 13/rcuop/0: 0% user + 0.1% kernel
03-30 10:16:00.642  1047 15737 E ActivityManager:   0.1% 21/rcuop/1: 0% user + 0.1% kernel
03-30 10:16:00.642  1047 15737 E ActivityManager:   0.1% 27/rcuop/2: 0% user + 0.1% kernel
03-30 10:16:00.642  1047 15737 E ActivityManager:   0.1% 33/rcuop/3: 0% user + 0.1% kernel
03-30 10:16:00.642  1047 15737 E ActivityManager:   0.1% 52/rcuop/6: 0% user + 0.1% kernel
03-30 10:16:00.642  1047 15737 E ActivityManager:   0% 705/android.hardware.health@2.0-service: 0% user + 0% kernel
03-30 10:16:00.642  1047 15737 E ActivityManager:   0.1% 1957/.dataservices: 0% user + 0% kernel
03-30 10:16:00.642  1047 15737 E ActivityManager:   0.1% 24844/adbd: 0% user + 0% kernel
03-30 10:16:00.642  1047 15737 E ActivityManager:   0% 2/kthreadd: 0% user + 0% kernel
03-30 10:16:00.642  1047 15737 E ActivityManager:   0% 39/rcuog/4: 0% user + 0% kernel
03-30 10:16:00.642  1047 15737 E ActivityManager:   0% 58/rcuop/7: 0% user + 0% kernel
03-30 10:16:00.642  1047 15737 E ActivityManager:   0% 137/sugov:6: 0% user + 0% kernel
03-30 10:16:00.642  1047 15737 E ActivityManager:   0% 576/statsd: 0% user + 0% kernel / faults: 2 minor
03-30 10:16:00.642  1047 15737 E ActivityManager:   0% 577/netd: 0% user + 0% kernel
03-30 10:16:00.642  1047 15737 E ActivityManager:   0% 10/ksoftirqd/0: 0% user + 0% kernel
03-30 10:16:00.642  1047 15737 E ActivityManager:   0% 18/ksoftirqd/1: 0% user + 0% kernel
03-30 10:16:00.642  1047 15737 E ActivityManager:   0% 24/ksoftirqd/2: 0% user + 0% kernel
03-30 10:16:00.642  1047 15737 E ActivityManager:   0% 30/ksoftirqd/3: 0% user + 0% kernel
03-30 10:16:00.642  1047 15737 E ActivityManager:   0% 40/rcuop/4: 0% user + 0% kernel
03-30 10:16:00.642  1047 15737 E ActivityManager:   0% 136/sugov:0: 0% user + 0% kernel
03-30 10:16:00.642  1047 15737 E ActivityManager:   0% 138/core_ctl/0: 0% user + 0% kernel
03-30 10:16:00.642  1047 15737 E ActivityManager:   0% 224/kworker/5:1H-kblockd: 0% user + 0% kernel
03-30 10:16:00.642  1047 15737 E ActivityManager:   0% 480/servicemanager: 0% user + 0% kernel
03-30 10:16:00.642  1047 15737 E ActivityManager:   0% 541/f2fs_discard-25: 0% user + 0% kernel
03-30 10:16:00.642  1047 15737 E ActivityManager:   0% 1177/dpmd: 0% user + 0% kernel
03-30 10:16:00.642  1047 15737 E ActivityManager:   0% 1969/webview_zygote: 0% user + 0% kernel
03-30 10:16:00.642  1047 15737 E ActivityManager:   0% 4361/com.qualcomm.qti.qdma: 0% user + 0% kernel
03-30 10:16:00.642  1047 15737 E ActivityManager:   0% 6097/kworker/1:1-events: 0% user + 0% kernel
03-30 10:16:00.642  1047 15737 E ActivityManager:   0% 9717/kworker/3:2-events: 0% user + 0% kernel
03-30 10:16:00.642  1047 15737 E ActivityManager:   0% 12522/kworker/7:0-sdhci_msm_generic_swq: 0% user + 0% kernel
03-30 10:16:00.642  1047 15737 E ActivityManager:   0% 13171/kworker/2:2-mm_percpu_wq: 0% user + 0% kernel
03-30 10:16:00.642  1047 15737 E ActivityManager:   0% 28873/kworker/0:1-mm_percpu_wq: 0% user + 0% kernel
03-30 10:16:00.642  1047 15737 E ActivityManager:   0% 30279/kworker/6:1-ipv6_addrconf: 0% user + 0% kernel
03-30 10:16:00.642  1047 15737 E ActivityManager:  +0% 15605/com.android.se: 0% user + 0% kernel
03-30 10:16:00.642  1047 15737 E ActivityManager:  +0% 15678/kworker/3:0H: 0% user + 0% kernel
03-30 10:16:00.642  1047 15737 E ActivityManager:  +0% 15679/irq/31-90cd000.: 0% user + 0% kernel
03-30 10:16:00.642  1047 15737 E ActivityManager:  +0% 15680/irq/29-90b6300.: 0% user + 0% kernel
03-30 10:16:00.642  1047 15737 E ActivityManager:  +0% 15681/kworker/7:1: 0% user + 0% kernel
03-30 10:16:00.642  1047 15737 E ActivityManager:  +0% 15703/kworker/2:1-mm_percpu_wq: 0% user + 0% kernel
03-30 10:16:00.642  1047 15737 E ActivityManager: 2.9% TOTAL: 0.7% user + 1.9% kernel + 0% iowait + 0.1% irq + 0% softirq
03-30 10:16:00.642  1047 15737 E ActivityManager: CPU usage from 59859923ms to 59859923ms ago (1970-01-01 00:00:00.000 to 1970-01-01 00:00:00.000) with 0% awake:
03-30 10:16:00.642  1047 15737 E ActivityManager: 0% TOTAL: 0% user + 0% kernel
03-30 10:16:00.644  1047 15737 I ActivityManager: Killing 15605:com.android.se/1068 (adj -800): bg anr
03-30 10:16:00.644  1047 15737 D ActivityManager: Completed ANR of com.android.se in 193ms, latency 1ms
03-30 10:16:00.649  1047 15739 I DropBoxManagerService: add tag=system_app_anr isTagEnabled=true flags=0x6
03-30 10:16:00.689  1047 14521 I ActivityManager: Process com.android.se (pid 15605) has died: pers PER 
03-30 10:16:00.691  1047 14521 W ActivityManager: Scheduling restart of crashed service com.android.se/.SecureElementService in 0ms for persistent
03-30 10:16:00.693  1047 14521 W ActivityManager: Re-adding persistent process ProcessRecord{5a57e8a 15605:com.android.se/1068}
03-30 10:16:00.695  1047 14521 D CompatibilityChangeReporter: Compat change id reported: 135634846; UID 1068; state: DISABLED
03-30 10:16:00.751  1047  1405 W ActivityManager: Slow operation: 58ms so far, now at startProcess: returned from zygote!
03-30 10:16:00.752  1047  1405 W ActivityManager: Slow operation: 59ms so far, now at startProcess: done updating battery stats
03-30 10:16:00.752  1047  1405 W ActivityManager: Slow operation: 59ms so far, now at startProcess: building log message
03-30 10:16:00.752  1047  1405 I ActivityManager: Start proc 15740:com.android.se/1068 for restart com.android.se
03-30 10:16:00.752  1047  1405 W ActivityManager: Slow operation: 59ms so far, now at startProcess: starting to update pids map
03-30 10:16:00.752  1047  1405 W ActivityManager: Slow operation: 59ms so far, now at startProcess: done updating pids map
03-30 10:16:00.805     0     0 I binder  : 15740:15740 ioctl 40046210 7fff1f96b4 returned -22
03-30 10:16:00.852     0     0 I binder  : 15740:15740 ioctl 40046210 7fff1f8524 returned -22
03-30 10:16:01.242     0     0 I init    : starting service 'qccsyshalservice'...
03-30 10:16:01.275     0     0 I init    : starting service 'qccsyshal@1.1-service'...
03-30 10:16:01.293     0     0 I init    : starting service 'vendor.memtrack-hal-1-0'...
03-30 10:16:01.306     0     0 I init    : starting service 'vendor.sensors-hal-1-0'...
03-30 10:16:01.314     0     0 I binder  : 15763:15763 ioctl 40046210 7fd5c5d944 returned -22
03-30 10:16:01.314     0     0 I binder  : 15763:15763 ioctl 40046210 7fd5c5d914 returned -22
03-30 10:16:01.324     0     0 I init    : starting service 'feature_enabler_client'...
03-30 10:16:01.324     0     0 I binder  : 15764:15764 ioctl 40046210 7fced17034 returned -22
03-30 10:16:01.324     0     0 I binder  : 15764:15764 ioctl 40046210 7fced17004 returned -22
03-30 10:16:01.325     0     0 I binder  : 15765:15765 ioctl 40046210 7fd8870164 returned -22
03-30 10:16:01.330     0     0 I init    : Service 'qccsyshalservice' (pid 15763) exited with status 1
03-30 10:16:01.330     0     0 I init    : Sending signal 9 to service 'qccsyshalservice' (pid 15763) process group...
03-30 10:16:01.330     0     0 I libprocessgroup: Successfully killed process cgroup uid 1000 pid 15763 in 0ms
03-30 10:16:01.332     0     0 I init    : Service 'qccsyshal@1.1-service' (pid 15764) exited with status 1
03-30 10:16:01.332     0     0 I init    : Sending signal 9 to service 'qccsyshal@1.1-service' (pid 15764) process group...
03-30 10:16:01.342     0     0 I binder  : 15766:15766 ioctl 40046210 7fe084fce4 returned -22
03-30 10:16:01.378     0     0 I binder  : 15767:15767 ioctl 40046210 7ff29d2114 returned -22
03-30 10:16:06.251     0     0 E init    : Control message: Could not find 'vendor.qti.hardware.qccvndhal@1.0::IQccvndhal/qccvndhal' for ctl.interface_start from pid: 481 (/system/bin/hwservicemanager)
03-30 10:16:06.270     0     0 I init    : starting service 'qccsyshalservice'...
03-30 10:16:06.290     0     0 I init    : starting service 'qccsyshal@1.1-service'...
03-30 10:16:06.305     0     0 I init    : starting service 'vendor.memtrack-hal-1-0'...
03-30 10:16:06.319     0     0 I init    : starting service 'vendor.sensors-hal-1-0'...
03-30 10:16:06.321     0     0 I binder  : 15790:15790 ioctl 40046210 7fcb3ae0d4 returned -22
03-30 10:16:06.321     0     0 I binder  : 15790:15790 ioctl 40046210 7fcb3ae0a4 returned -22
03-30 10:16:06.326     0     0 I init    : Service 'qccsyshalservice' (pid 15790) exited with status 1
03-30 10:16:06.326     0     0 I init    : Sending signal 9 to service 'qccsyshalservice' (pid 15790) process group...
03-30 10:16:06.326     0     0 I libprocessgroup: Successfully killed process cgroup uid 1000 pid 15790 in 0ms
03-30 10:16:06.327     0     0 E init    : Control message: Could not find 'com.qualcomm.qti.uceservice@2.3::IUceService/com.qualcomm.qti.uceservice' for ctl.interface_start from pid: 481 (/system/bin/hwservicemanager)
03-30 10:16:06.345     0     0 I init    : starting service 'feature_enabler_client'...
03-30 10:16:06.355     0     0 I binder  : 15792:15792 ioctl 40046210 7fdea51c04 returned -22
03-30 10:16:06.356     0     0 I binder  : 15791:15791 ioctl 40046210 7ffb315be4 returned -22
03-30 10:16:06.356     0     0 I binder  : 15791:15791 ioctl 40046210 7ffb315bb4 returned -22
03-30 10:16:06.361     0     0 I binder  : 15793:15793 ioctl 40046210 7fd0874424 returned -22
03-30 10:16:06.382     0     0 I binder  : 15794:15794 ioctl 40046210 7fe350bc94 returned -22
03-30 10:16:11.284     0     0 I init    : starting service 'qccsyshalservice'...
03-30 10:16:11.319     0     0 I init    : starting service 'qccsyshal@1.1-service'...
03-30 10:16:11.335     0     0 I init    : starting service 'vendor.memtrack-hal-1-0'...
03-30 10:16:11.349     0     0 I init    : starting service 'vendor.sensors-hal-1-0'...
03-30 10:16:11.355     0     0 I binder  : 15817:15817 ioctl 40046210 7fd76a5544 returned -22
03-30 10:16:11.356     0     0 I binder  : 15817:15817 ioctl 40046210 7fd76a5514 returned -22
03-30 10:16:11.365     0     0 I binder  : 15818:15818 ioctl 40046210 7fd67778f4 returned -22
03-30 10:16:11.365     0     0 I binder  : 15818:15818 ioctl 40046210 7fd67778c4 returned -22
03-30 10:16:11.369     0     0 I binder  : 15819:15819 ioctl 40046210 7ff9ac4314 returned -22
03-30 10:16:11.372     0     0 I init    : starting service 'feature_enabler_client'...
03-30 10:16:11.378     0     0 I init    : Service 'qccsyshalservice' (pid 15817) exited with status 1
03-30 10:16:11.378     0     0 I init    : Sending signal 9 to service 'qccsyshalservice' (pid 15817) process group...
03-30 10:16:11.378     0     0 I libprocessgroup: Successfully killed process cgroup uid 1000 pid 15817 in 0ms
03-30 10:16:11.379     0     0 I init    : Service 'qccsyshal@1.1-service' (pid 15818) exited with status 1
03-30 10:16:11.379     0     0 I init    : Sending signal 9 to service 'qccsyshal@1.1-service' (pid 15818) process group...
03-30 10:16:11.411     0     0 I binder  : 15820:15820 ioctl 40046210 7fd740c2a4 returned -22
03-30 10:16:11.417     0     0 I binder  : 15821:15821 ioctl 40046210 7fe9934664 returned -22
03-30 10:16:16.307     0     0 I init    : starting service 'qccsyshalservice'...
03-30 10:16:16.337     0     0 I init    : starting service 'qccsyshal@1.1-service'...
03-30 10:16:16.355     0     0 I init    : starting service 'vendor.memtrack-hal-1-0'...
03-30 10:16:16.369     0     0 I init    : starting service 'vendor.sensors-hal-1-0'...
03-30 10:16:16.375     0     0 I binder  : 15844:15844 ioctl 40046210 7fe1669124 returned -22
03-30 10:16:16.375     0     0 I binder  : 15844:15844 ioctl 40046210 7fe16690f4 returned -22
03-30 10:16:16.380     0     0 I init    : starting service 'feature_enabler_client'...
03-30 10:16:16.382     0     0 I binder  : 15845:15845 ioctl 40046210 7ff9557d54 returned -22
03-30 10:16:16.382     0     0 I binder  : 15845:15845 ioctl 40046210 7ff9557d24 returned -22
03-30 10:16:16.387     0     0 I init    : Service 'qccsyshalservice' (pid 15844) exited with status 1
03-30 10:16:16.387     0     0 I init    : Sending signal 9 to service 'qccsyshalservice' (pid 15844) process group...
03-30 10:16:16.387     0     0 I libprocessgroup: Successfully killed process cgroup uid 1000 pid 15844 in 0ms
03-30 10:16:16.388     0     0 I init    : Service 'qccsyshal@1.1-service' (pid 15845) exited with status 1
03-30 10:16:16.388     0     0 I init    : Sending signal 9 to service 'qccsyshal@1.1-service' (pid 15845) process group...
03-30 10:16:16.414     0     0 I binder  : 15846:15846 ioctl 40046210 7fde88b4b4 returned -22
03-30 10:16:16.418     0     0 I binder  : 15847:15847 ioctl 40046210 7ff2279854 returned -22
03-30 10:16:16.423     0     0 I binder  : 15848:15848 ioctl 40046210 7fe3611224 returned -22
03-30 10:16:20.841  1047  1394 W ActivityManager: Timeout executing service: ServiceRecord{6b4b98b u0 com.android.se/.SecureElementService}
03-30 10:16:20.958  1047 15866 I ActivityManager: dumpStackTraces pids=null nativepids=null
03-30 10:16:20.961  1047 15866 I ActivityManager: Dumping to /data/anr/anr_2022-03-30-10-16-20-960
03-30 10:16:20.961  1047 15866 I ActivityManager: Collecting stacks for pid 15740
03-30 10:16:21.082  1047 15866 I ActivityManager: Done dumping
03-30 10:16:21.084  1047 15866 E ActivityManager: ANR in com.android.se
03-30 10:16:21.084  1047 15866 E ActivityManager: PID: 15740
03-30 10:16:21.084  1047 15866 E ActivityManager: Reason: executing service com.android.se/.SecureElementService
03-30 10:16:21.084  1047 15866 E ActivityManager: ErrorId: 52050914-20cb-4cba-923e-3e163680c5eb
03-30 10:16:21.084  1047 15866 E ActivityManager: Frozen: false
03-30 10:16:21.084  1047 15866 E ActivityManager: Load: 0.0 / 0.0 / 0.0
03-30 10:16:21.084  1047 15866 E ActivityManager: ----- Output from /proc/pressure/memory -----
03-30 10:16:21.084  1047 15866 E ActivityManager: some avg10=0.00 avg60=0.00 avg300=0.00 total=320889
03-30 10:16:21.084  1047 15866 E ActivityManager: full avg10=0.00 avg60=0.00 avg300=0.00 total=266317
03-30 10:16:21.084  1047 15866 E ActivityManager: ----- End output from /proc/pressure/memory -----
03-30 10:16:21.084  1047 15866 E ActivityManager: 
03-30 10:16:21.084  1047 15866 E ActivityManager: CPU usage from 20443ms to 0ms ago (2022-03-30 10:16:00.451 to 2022-03-30 10:16:20.894):
03-30 10:16:21.084  1047 15866 E ActivityManager:   3.7% 1047/system_server: 2.1% user + 1.6% kernel / faults: 1418 minor
03-30 10:16:21.084  1047 15866 E ActivityManager:   2.6% 1/init: 0.4% user + 2.2% kernel / faults: 1083 minor
03-30 10:16:21.084  1047 15866 E ActivityManager:   1.9% 478/logd: 0.2% user + 1.6% kernel / faults: 49 minor
03-30 10:16:21.084  1047 15866 E ActivityManager:   1.4% 481/hwservicemanager: 0.1% user + 1.2% kernel / faults: 252 minor
03-30 10:16:21.084  1047 15866 E ActivityManager:   1.1% 12574/kworker/u16:0-devfreq_wq: 0% user + 1.1% kernel
03-30 10:16:21.084  1047 15866 E ActivityManager:   1% 2058/org.codeaurora.ims: 0.3% user + 0.6% kernel / faults: 74 minor
03-30 10:16:21.084  1047 15866 E ActivityManager:   1% 19165/kworker/u16:3: 0% user + 1% kernel
03-30 10:16:21.084  1047 15866 E ActivityManager:   0.6% 2152/com.android.phone: 0.2% user + 0.3% kernel / faults: 19 minor
03-30 10:16:21.084  1047 15866 E ActivityManager:   0.5% 14831/logcat: 0% user + 0.4% kernel
03-30 10:16:21.084  1047 15866 E ActivityManager:   0.4% 12/rcuog/0: 0% user + 0.4% kernel
03-30 10:16:21.084  1047 15866 E ActivityManager:   0.2% 578/zygote64: 0% user + 0.2% kernel / faults: 39 minor
03-30 10:16:21.084  1047 15866 E ActivityManager:   0.1% 723/vendor.qti.hardware.servicetracker@1.2-service: 0% user + 0% kernel
03-30 10:16:21.084  1047 15866 E ActivityManager:   0.1% 11/rcu_preempt: 0% user + 0.1% kernel
03-30 10:16:21.084  1047 15866 E ActivityManager:   0.1% 21/rcuop/1: 0% user + 0.1% kernel
03-30 10:16:21.084  1047 15866 E ActivityManager:   0.1% 33/rcuop/3: 0% user + 0.1% kernel
03-30 10:16:21.084  1047 15866 E ActivityManager:   0.1% 58/rcuop/7: 0% user + 0.1% kernel
03-30 10:16:21.084  1047 15866 E ActivityManager:   0.1% 576/statsd: 0% user + 0% kernel
03-30 10:16:21.084  1047 15866 E ActivityManager:   0% 13/rcuop/0: 0% user + 0% kernel
03-30 10:16:21.084  1047 15866 E ActivityManager:   0% 27/rcuop/2: 0% user + 0% kernel
03-30 10:16:21.084  1047 15866 E ActivityManager:   0% 52/rcuop/6: 0% user + 0% kernel
03-30 10:16:21.084  1047 15866 E ActivityManager:   0% 1177/dpmd: 0% user + 0% kernel
03-30 10:16:21.084  1047 15866 E ActivityManager:   0% 1957/.dataservices: 0% user + 0% kernel / faults: 1 minor
03-30 10:16:21.084  1047 15866 E ActivityManager:   0% 4361/com.qualcomm.qti.qdma: 0% user + 0% kernel
03-30 10:16:21.084  1047 15866 E ActivityManager:   0% 15680/irq/29-90b6300.: 0% user + 0% kernel
03-30 10:16:21.084  1047 15866 E ActivityManager:   0% 10/ksoftirqd/0: 0% user + 0% kernel
03-30 10:16:21.084  1047 15866 E ActivityManager:   0% 18/ksoftirqd/1: 0% user + 0% kernel
03-30 10:16:21.084  1047 15866 E ActivityManager:   0% 24/ksoftirqd/2: 0% user + 0% kernel
03-30 10:16:21.084  1047 15866 E ActivityManager:   0% 39/rcuog/4: 0% user + 0% kernel
03-30 10:16:21.084  1047 15866 E ActivityManager:   0% 136/sugov:0: 0% user + 0% kernel
03-30 10:16:21.084  1047 15866 E ActivityManager:   0% 137/sugov:6: 0% user + 0% kernel
03-30 10:16:21.084  1047 15866 E ActivityManager:   0% 504/vold: 0% user + 0% kernel
03-30 10:16:21.084  1047 15866 E ActivityManager:   0% 544/tombstoned: 0% user + 0% kernel
03-30 10:16:21.084  1047 15866 E ActivityManager:   0% 773/audioserver: 0% user + 0% kernel
03-30 10:16:21.084  1047 15866 E ActivityManager:   0% 1779/com.android.bluetooth: 0% user + 0% kernel
03-30 10:16:21.084  1047 15866 E ActivityManager:   0% 6097/kworker/1:1-events: 0% user + 0% kernel
03-30 10:16:21.084  1047 15866 E ActivityManager:   0% 12522/kworker/7:0-sdhci_msm_generic_swq: 0% user + 0% kernel
03-30 10:16:21.084  1047 15866 E ActivityManager:   0% 17581/com.android.statementservice: 0% user + 0% kernel
03-30 10:16:21.084  1047 15866 E ActivityManager:   0% 24844/adbd: 0% user + 0% kernel
03-30 10:16:21.084  1047 15866 E ActivityManager:   0% 28873/kworker/0:1-mm_percpu_wq: 0% user + 0% kernel
03-30 10:16:21.084  1047 15866 E ActivityManager:   0% 30279/kworker/6:1-ipv6_addrconf: 0% user + 0% kernel
03-30 10:16:21.084  1047 15866 E ActivityManager:  +0% 15740/com.android.se: 0% user + 0% kernel
03-30 10:16:21.084  1047 15866 E ActivityManager: 2.6% TOTAL: 0.6% user + 1.7% kernel + 0% iowait + 0.1% irq + 0% softirq
03-30 10:16:21.084  1047 15866 E ActivityManager: CPU usage from 59880366ms to 59880366ms ago (1970-01-01 00:00:00.000 to 1970-01-01 00:00:00.000) with 0% awake:
03-30 10:16:21.084  1047 15866 E ActivityManager: 0% TOTAL: 0% user + 0% kernel
03-30 10:16:21.088  1047 15866 I ActivityManager: Killing 15740:com.android.se/1068 (adj -800): bg anr
03-30 10:16:21.091  1047 15866 D ActivityManager: Completed ANR of com.android.se in 197ms, latency 1ms
03-30 10:16:21.092  1047 15869 I DropBoxManagerService: add tag=system_app_anr isTagEnabled=true flags=0x6
03-30 10:16:21.148  1047 14518 I ActivityManager: Process com.android.se (pid 15740) has died: pers PER 
03-30 10:16:21.150  1047 14518 W ActivityManager: Scheduling restart of crashed service com.android.se/.SecureElementService in 0ms for persistent
03-30 10:16:21.152  1047 14518 W ActivityManager: Re-adding persistent process ProcessRecord{5a57e8a 15740:com.android.se/1068}
03-30 10:16:21.155  1047 14518 D CompatibilityChangeReporter: Compat change id reported: 135634846; UID 1068; state: DISABLED
03-30 10:16:21.210  1047  1405 W ActivityManager: Slow operation: 58ms so far, now at startProcess: returned from zygote!
03-30 10:16:21.211  1047  1405 W ActivityManager: Slow operation: 59ms so far, now at startProcess: done updating battery stats
03-30 10:16:21.211  1047  1405 W ActivityManager: Slow operation: 59ms so far, now at startProcess: building log message
03-30 10:16:21.211  1047  1405 I ActivityManager: Start proc 15870:com.android.se/1068 for restart com.android.se
03-30 10:16:21.211  1047  1405 W ActivityManager: Slow operation: 59ms so far, now at startProcess: starting to update pids map
03-30 10:16:21.211  1047  1405 W ActivityManager: Slow operation: 59ms so far, now at startProcess: done updating pids map
03-30 10:16:21.263     0     0 I binder  : 15870:15870 ioctl 40046210 7fff1f96b4 returned -22
03-30 10:16:21.301     0     0 I binder  : 15870:15870 ioctl 40046210 7fff1f8524 returned -22
03-30 10:16:21.329     0     0 I init    : starting service 'qccsyshalservice'...
03-30 10:16:21.358     0     0 I init    : starting service 'qccsyshal@1.1-service'...
03-30 10:16:21.375     0     0 I init    : starting service 'vendor.memtrack-hal-1-0'...
03-30 10:16:21.388     0     0 I init    : starting service 'vendor.sensors-hal-1-0'...
03-30 10:16:21.395     0     0 I binder  : 15891:15891 ioctl 40046210 7fcbb9b904 returned -22
03-30 10:16:21.396     0     0 I binder  : 15891:15891 ioctl 40046210 7fcbb9b8d4 returned -22
03-30 10:16:21.401     0     0 I init    : starting service 'feature_enabler_client'...
03-30 10:16:21.402     0     0 I binder  : 15892:15892 ioctl 40046210 7fee6ade64 returned -22
03-30 10:16:21.402     0     0 I binder  : 15892:15892 ioctl 40046210 7fee6ade34 returned -22
03-30 10:16:21.408     0     0 I init    : Service 'qccsyshalservice' (pid 15891) exited with status 1
03-30 10:16:21.408     0     0 I init    : Sending signal 9 to service 'qccsyshalservice' (pid 15891) process group...
03-30 10:16:21.408     0     0 I libprocessgroup: Successfully killed process cgroup uid 1000 pid 15891 in 0ms
03-30 10:16:21.409     0     0 E init    : Control message: Could not find 'vendor.qti.hardware.qccvndhal@1.0::IQccvndhal/qccvndhal' for ctl.interface_start from pid: 481 (/system/bin/hwservicemanager)
03-30 10:16:21.419     0     0 I binder  : 15894:15894 ioctl 40046210 7fc2bee544 returned -22
03-30 10:16:21.426     0     0 I init    : Service 'qccsyshal@1.1-service' (pid 15892) exited with status 1
03-30 10:16:21.428     0     0 I binder  : 15893:15893 ioctl 40046210 7fc02c6014 returned -22
03-30 10:16:21.442     0     0 I binder  : 15895:15895 ioctl 40046210 7fe0321ea4 returned -22
03-30 10:16:26.334     0     0 E init    : Control message: Could not find 'android.hardware.secure_element@1.2::ISecureElement/eSE1' for ctl.interface_start from pid: 481 (/system/bin/hwservicemanager)
03-30 10:16:26.352     0     0 I init    : starting service 'qccsyshalservice'...
03-30 10:16:26.372     0     0 I init    : starting service 'qccsyshal@1.1-service'...
03-30 10:16:26.388     0     0 I init    : starting service 'vendor.memtrack-hal-1-0'...
03-30 10:16:26.398     0     0 I init    : starting service 'vendor.sensors-hal-1-0'...
03-30 10:16:26.400     0     0 I binder  : 15916:15916 ioctl 40046210 7ffd9acbb4 returned -22
03-30 10:16:26.401     0     0 I binder  : 15916:15916 ioctl 40046210 7ffd9acb84 returned -22
03-30 10:16:26.405     0     0 I init    : starting service 'feature_enabler_client'...
03-30 10:16:26.411     0     0 I init    : Service 'qccsyshalservice' (pid 15916) exited with status 1
03-30 10:16:26.411     0     0 I init    : Sending signal 9 to service 'qccsyshalservice' (pid 15916) process group...
03-30 10:16:26.411     0     0 I libprocessgroup: Successfully killed process cgroup uid 1000 pid 15916 in 0ms
03-30 10:16:26.412     0     0 E init    : Control message: Could not find 'vendor.qti.hardware.qccvndhal@1.0::IQccvndhal/qccvndhal' for ctl.interface_start from pid: 481 (/system/bin/hwservicemanager)
03-30 10:16:26.435     0     0 I binder  : 15919:15919 ioctl 40046210 7fc0e2e004 returned -22
03-30 10:16:26.435     0     0 I binder  : 15919:15919 ioctl 40046210 7fc0e2dfd4 returned -22
03-30 10:16:26.437     0     0 I binder  : 15921:15921 ioctl 40046210 7fcf5ab754 returned -22
03-30 10:16:26.444     0     0 I binder  : 15922:15922 ioctl 40046210 7ffd0b9104 returned -22
03-30 10:16:26.450     0     0 I binder  : 15920:15920 ioctl 40046210 7fd84eb0b4 returned -22
03-30 10:16:31.357     0     0 E init    : Control message: Could not find 'android.hardware.secure_element@1.2::ISecureElement/eSE1' for ctl.interface_start from pid: 481 (/system/bin/hwservicemanager)
03-30 10:16:31.375     0     0 I init    : starting service 'qccsyshalservice'...
03-30 10:16:31.393     0     0 I init    : starting service 'qccsyshal@1.1-service'...
03-30 10:16:31.408     0     0 I init    : starting service 'vendor.memtrack-hal-1-0'...
03-30 10:16:31.418     0     0 I init    : starting service 'vendor.sensors-hal-1-0'...
03-30 10:16:31.419     0     0 I binder  : 15943:15943 ioctl 40046210 7fe3d38914 returned -22
03-30 10:16:31.419     0     0 I binder  : 15943:15943 ioctl 40046210 7fe3d388e4 returned -22
03-30 10:16:31.425     0     0 I init    : starting service 'feature_enabler_client'...
03-30 10:16:31.431     0     0 I init    : Service 'qccsyshalservice' (pid 15943) exited with status 1
03-30 10:16:31.431     0     0 I init    : Sending signal 9 to service 'qccsyshalservice' (pid 15943) process group...
03-30 10:16:31.431     0     0 I libprocessgroup: Successfully killed process cgroup uid 1000 pid 15943 in 0ms
03-30 10:16:31.433     0     0 E init    : Control message: Could not find 'vendor.qti.hardware.qccvndhal@1.0::IQccvndhal/qccvndhal' for ctl.interface_start from pid: 481 (/system/bin/hwservicemanager)
03-30 10:16:31.454     0     0 I binder  : 15947:15947 ioctl 40046210 7fdbcdfe44 returned -22
03-30 10:16:31.458     0     0 I binder  : 15946:15946 ioctl 40046210 7ff8f9b964 returned -22
03-30 10:16:31.458     0     0 I binder  : 15946:15946 ioctl 40046210 7ff8f9b934 returned -22
03-30 10:16:31.460     0     0 I binder  : 15949:15949 ioctl 40046210 7ff857af34 returned -22
03-30 10:16:31.468     0     0 I binder  : 15948:15948 ioctl 40046210 7fc2ca69f4 returned -22
03-30 10:16:36.377     0     0 E init    : Control message: Could not find 'android.hardware.secure_element@1.2::ISecureElement/eSE1' for ctl.interface_start from pid: 481 (/system/bin/hwservicemanager)
03-30 10:16:36.394     0     0 I init    : starting service 'qccsyshalservice'...
03-30 10:16:36.414     0     0 I init    : starting service 'qccsyshal@1.1-service'...
03-30 10:16:36.429     0     0 I init    : starting service 'vendor.memtrack-hal-1-0'...
03-30 10:16:36.437     0     0 I init    : starting service 'vendor.sensors-hal-1-0'...
03-30 10:16:36.439     0     0 I binder  : 15970:15970 ioctl 40046210 7fd78c0524 returned -22
03-30 10:16:36.439     0     0 I binder  : 15970:15970 ioctl 40046210 7fd78c04f4 returned -22
03-30 10:16:36.444     0     0 I init    : starting service 'feature_enabler_client'...
03-30 10:16:36.450     0     0 I init    : Service 'qccsyshalservice' (pid 15970) exited with status 1
03-30 10:16:36.450     0     0 I init    : Sending signal 9 to service 'qccsyshalservice' (pid 15970) process group...
03-30 10:16:36.450     0     0 I libprocessgroup: Successfully killed process cgroup uid 1000 pid 15970 in 0ms
03-30 10:16:36.451     0     0 E init    : Control message: Could not find 'vendor.qti.hardware.qccvndhal@1.0::IQccvndhal/qccvndhal' for ctl.interface_start from pid: 481 (/system/bin/hwservicemanager)
03-30 10:16:36.476     0     0 I binder  : 15971:15971 ioctl 40046210 7fddac6f44 returned -22
03-30 10:16:36.476     0     0 I binder  : 15971:15971 ioctl 40046210 7fddac6f14 returned -22
03-30 10:16:36.477     0     0 I binder  : 15974:15974 ioctl 40046210 7fde16d814 returned -22
03-30 10:16:36.479     0     0 I binder  : 15975:15975 ioctl 40046210 7ff7cf6094 returned -22
03-30 10:16:36.490     0     0 I binder  : 15976:15976 ioctl 40046210 7fd6998c84 returned -22
--------- beginning of main
03-30 10:16:40.448   481 15993 W libc    : Unable to set property "ctl.interface_start" to "com.qualcomm.qti.uceservice@2.3::IUceService/com.qualcomm.qti.uceservice": error code: 0x20
03-30 10:16:40.448   481 15992 I hwservicemanager: Tried to start vendor.qti.hardware.qccvndhal@1.0::IQccvndhal/qccvndhal as a lazy service, but was unable to. Usually this happens when a service is not installed, but if the service is intended to be used as a lazy service, then it may be configured incorrectly.
03-30 10:16:40.449   481 15993 I hwservicemanager: Tried to start com.qualcomm.qti.uceservice@2.3::IUceService/com.qualcomm.qti.uceservice as a lazy service, but was unable to. Usually this happens when a service is not installed, but if the service is intended to be used as a lazy service, then it may be configured incorrectly.
03-30 10:16:40.532  1047 12557 D CompatibilityInfo: mCompatibilityFlags - 0
03-30 10:16:40.532  1047 12557 D CompatibilityInfo: applicationDensity - 480
03-30 10:16:40.533  1047 12557 D CompatibilityInfo: applicationScale - 1.0
03-30 10:16:40.534  2058  2058 I QImsService: QtiImsExtService : QtiImsExtService created!
03-30 10:16:40.535  2058  2058 E QImsService: QtiImsExtService : QtiImsExtService, ImsService is not yet started retry.
03-30 10:16:40.535  2058  2058 E QImsService: QtiImsExtService : QtiImsExtService, ImsService is not yet started retry.
03-30 10:16:40.535  2058  2058 W QImsService: QtiImsExtService : onBind returned null
03-30 10:16:40.539  2152  2152 D QtiImsExtConnector: Attempt to bind QtiImsExt service returned with: true
03-30 10:16:40.539  2152  2152 D QtiImsExtConnector: onNullBinding componentName ComponentInfo{org.codeaurora.ims/org.codeaurora.ims.QtiImsExtService}
03-30 10:16:41.000  1177  1177 W HidlServiceManagement: Waited one second for com.qualcomm.qti.dpm.api@1.0::IdpmQmi/dpmQmiService
03-30 10:16:41.001   481   481 I hwservicemanager: Since com.qualcomm.qti.dpm.api@1.0::IdpmQmi/dpmQmiService is not registered, trying to start it as a lazy HAL.
03-30 10:16:41.003  1177  1177 I HidlServiceManagement: getService: Trying again for com.qualcomm.qti.dpm.api@1.0::IdpmQmi/dpmQmiService...
03-30 10:16:41.006   481 15994 W libc    : Unable to set property "ctl.interface_start" to "com.qualcomm.qti.dpm.api@1.0::IdpmQmi/dpmQmiService": error code: 0x20
03-30 10:16:41.006   481 15994 I hwservicemanager: Tried to start com.qualcomm.qti.dpm.api@1.0::IdpmQmi/dpmQmiService as a lazy service, but was unable to. Usually this happens when a service is not installed, but if the service is intended to be used as a lazy service, then it may be configured incorrectly.
03-30 10:16:41.049  1047 12557 D CompatibilityInfo: mCompatibilityFlags - 0
03-30 10:16:41.049  1047 12557 D CompatibilityInfo: applicationDensity - 480
03-30 10:16:41.049  1047 12557 D CompatibilityInfo: applicationScale - 1.0
03-30 10:16:41.051  2058  2058 I QImsService: QtiImsExtService : QtiImsExtService created!
03-30 10:16:41.051  2058  2058 E QImsService: QtiImsExtService : QtiImsExtService, ImsService is not yet started retry.
03-30 10:16:41.052  2058  2058 E QImsService: QtiImsExtService : QtiImsExtService, ImsService is not yet started retry.
03-30 10:16:41.052  2058  2058 W QImsService: QtiImsExtService : onBind returned null
03-30 10:16:41.054  2152  2152 D QtiImsExtConnector: Attempt to bind QtiImsExt service returned with: true
03-30 10:16:41.056  2152  2152 D QtiImsExtConnector: onNullBinding componentName ComponentInfo{org.codeaurora.ims/org.codeaurora.ims.QtiImsExtService}
03-30 10:16:41.290  1047  1394 W ActivityManager: Timeout executing service: ServiceRecord{6b4b98b u0 com.android.se/.SecureElementService}
03-30 10:16:41.385 15870 15870 W HidlServiceManagement: Waited one second for android.hardware.secure_element@1.2::ISecureElement/eSE1
03-30 10:16:41.386   481   481 I hwservicemanager: Since android.hardware.secure_element@1.2::ISecureElement/eSE1 is not registered, trying to start it as a lazy HAL.
03-30 10:16:41.386 15870 15870 I HidlServiceManagement: getService: Trying again for android.hardware.secure_element@1.2::ISecureElement/eSE1...
03-30 10:16:41.405   481 15996 W libc    : Unable to set property "ctl.interface_start" to "android.hardware.secure_element@1.2::ISecureElement/eSE1": error code: 0x20
03-30 10:16:41.405   481 15996 I hwservicemanager: Tried to start android.hardware.secure_element@1.2::ISecureElement/eSE1 as a lazy service, but was unable to. Usually this happens when a service is not installed, but if the service is intended to be used as a lazy service, then it may be configured incorrectly.
03-30 10:16:41.396     0     0 E init    : Control message: Could not find 'android.hardware.secure_element@1.2::ISecureElement/eSE1' for ctl.interface_start from pid: 481 (/system/bin/hwservicemanager)
03-30 10:16:41.414     0     0 I init    : starting service 'qccsyshalservice'...
03-30 10:16:41.425     0     0 I init    : starting service 'qccsyshal@1.1-service'...
03-30 10:16:41.435     0     0 I init    : starting service 'vendor.memtrack-hal-1-0'...
03-30 10:16:41.429  1047 15995 I ActivityManager: dumpStackTraces pids=null nativepids=null
03-30 10:16:41.432  1047 15995 I ActivityManager: Dumping to /data/anr/anr_2022-03-30-10-16-41-432
03-30 10:16:41.432  1047 15995 I ActivityManager: Collecting stacks for pid 15870
03-30 10:16:41.433  1047 15995 I system_server: libdebuggerd_client: started dumping process 15870
03-30 10:16:41.435   544   544 I tombstoned: registered intercept for pid 15870 and type kDebuggerdJavaBacktrace
03-30 10:16:41.446     0     0 I init    : starting service 'vendor.sensors-hal-1-0'...
03-30 10:16:41.447     0     0 I binder  : 15997:15997 ioctl 40046210 7fc2c9a444 returned -22
03-30 10:16:41.447     0     0 I binder  : 15997:15997 ioctl 40046210 7fc2c9a414 returned -22
03-30 10:16:41.453     0     0 I init    : starting service 'feature_enabler_client'...
03-30 10:16:41.436 15870 15875 I com.android.se: Thread[4,tid=15875,WaitingInMainSignalCatcherLoop,Thread*=0xb40000778e35bb20,peer=0x12dc05d8,"Signal Catcher"]: reacting to signal 3
03-30 10:16:41.436 15870 15875 I com.android.se: 
03-30 10:16:41.438 15997 15997 I qccsyshalservice: Start with system binder
03-30 10:16:41.438 15997 15997 D ProcessState: Binder ioctl to enable oneway spam detection failed: Invalid argument
03-30 10:16:41.439 15997 15997 D hw-ProcessState: Binder ioctl to enable oneway spam detection failed: Invalid argument
03-30 10:16:41.439 15997 15997 I qccsyshalservice: Registering qccsyshal service...
03-30 10:16:41.439 15997 15997 E cutils-trace: Error opening trace file: Permission denied (13)
