03-30 10:16:53.513  1957  3396 W HidlServiceManagement: Waited one second for com.qualcomm.qti.uceservice@2.3::IUceService/com.qualcomm.qti.uceservice
03-30 10:16:53.514   481   481 I hwservicemanager: Since vendor.qti.hardware.qccvndhal@1.0::IQccvndhal/qccvndhal is not registered, trying to start it as a lazy HAL.
03-30 10:16:53.515   481   481 I hwservicemanager: Since com.qualcomm.qti.uceservice@2.3::IUceService/com.qualcomm.qti.uceservice is not registered, trying to start it as a lazy HAL.
03-30 10:16:53.516  1957  3396 I HidlServiceManagement: getService: Trying again for com.qualcomm.qti.uceservice@2.3::IUceService/com.qualcomm.qti.uceservice...
03-30 10:16:53.517  4361  4361 I HidlServiceManagement: getService: Trying again for vendor.qti.hardware.qccvndhal@1.0::IQccvndhal/qccvndhal...
03-30 10:16:53.519   481 16086 W libc    : Unable to set property "ctl.interface_start" to "vendor.qti.hardware.qccvndhal@1.0::IQccvndhal/qccvndhal": error code: 0x20
03-30 10:16:53.520   481 16086 I hwservicemanager: Tried to start vendor.qti.hardware.qccvndhal@1.0::IQccvndhal/qccvndhal as a lazy service, but was unable to. Usually this happens when a service is not installed, but if the service is intended to be used as a lazy service, then it may be configured incorrectly.
03-30 10:16:53.521   481 16087 W libc    : Unable to set property "ctl.interface_start" to "com.qualcomm.qti.uceservice@2.3::IUceService/com.qualcomm.qti.uceservice": error code: 0x20
03-30 10:16:53.521   481 16087 I hwservicemanager: Tried to start com.qualcomm.qti.uceservice@2.3::IUceService/com.qualcomm.qti.uceservice as a lazy service, but was unable to. Usually this happens when a service is not installed, but if the service is intended to be used as a lazy service, then it may be configured incorrectly.
03-30 10:16:53.811 16007 16007 W HidlServiceManagement: Waited one second for android.hardware.secure_element@1.2::ISecureElement/eSE1
03-30 10:16:53.812   481   481 I hwservicemanager: Since android.hardware.secure_element@1.2::ISecureElement/eSE1 is not registered, trying to start it as a lazy HAL.
03-30 10:16:53.813 16007 16007 I HidlServiceManagement: getService: Trying again for android.hardware.secure_element@1.2::ISecureElement/eSE1...
03-30 10:16:53.816   481 16088 W libc    : Unable to set property "ctl.interface_start" to "android.hardware.secure_element@1.2::ISecureElement/eSE1": error code: 0x20
03-30 10:16:53.817   481 16088 I hwservicemanager: Tried to start android.hardware.secure_element@1.2::ISecureElement/eSE1 as a lazy service, but was unable to. Usually this happens when a service is not installed, but if the service is intended to be used as a lazy service, then it may be configured incorrectly.
03-30 10:16:53.976  1047 12557 D CompatibilityInfo: mCompatibilityFlags - 0
03-30 10:16:53.976  1047 12557 D CompatibilityInfo: applicationDensity - 480
03-30 10:16:53.976  1047 12557 D CompatibilityInfo: applicationScale - 1.0
03-30 10:16:53.978  2058  2058 I QImsService: QtiImsExtService : QtiImsExtService created!
03-30 10:16:53.978  2058  2058 E QImsService: QtiImsExtService : QtiImsExtService, ImsService is not yet started retry.
03-30 10:16:53.979  2058  2058 E QImsService: QtiImsExtService : QtiImsExtService, ImsService is not yet started retry.
03-30 10:16:53.979  2058  2058 W QImsService: QtiImsExtService : onBind returned null
03-30 10:16:53.980  2152  2152 D QtiImsExtConnector: Attempt to bind QtiImsExt service returned with: true
03-30 10:16:53.981  2152  2152 D QtiImsExtConnector: onNullBinding componentName ComponentInfo{org.codeaurora.ims/org.codeaurora.ims.QtiImsExtService}
03-30 10:16:54.053  1177  1177 W HidlServiceManagement: Waited one second for com.qualcomm.qti.dpm.api@1.0::IdpmQmi/dpmQmiService
03-30 10:16:54.054   481   481 I hwservicemanager: Since com.qualcomm.qti.dpm.api@1.0::IdpmQmi/dpmQmiService is not registered, trying to start it as a lazy HAL.
03-30 10:16:54.055  1177  1177 I HidlServiceManagement: getService: Trying again for com.qualcomm.qti.dpm.api@1.0::IdpmQmi/dpmQmiService...
03-30 10:16:54.059   481 16089 W libc    : Unable to set property "ctl.interface_start" to "com.qualcomm.qti.dpm.api@1.0::IdpmQmi/dpmQmiService": error code: 0x20
03-30 10:16:54.059   481 16089 I hwservicemanager: Tried to start com.qualcomm.qti.dpm.api@1.0::IdpmQmi/dpmQmiService as a lazy service, but was unable to. Usually this happens when a service is not installed, but if the service is intended to be used as a lazy service, then it may be configured incorrectly.
03-30 10:16:54.493  1047 12557 D CompatibilityInfo: mCompatibilityFlags - 0
03-30 10:16:54.494  1047 12557 D CompatibilityInfo: applicationDensity - 480
03-30 10:16:54.494  1047 12557 D CompatibilityInfo: applicationScale - 1.0
03-30 10:16:54.497  2058  2058 I QImsService: QtiImsExtService : QtiImsExtService created!
03-30 10:16:54.497  2152  2152 D QtiImsExtConnector: Attempt to bind QtiImsExt service returned with: true
03-30 10:16:54.497  2058  2058 E QImsService: QtiImsExtService : QtiImsExtService, ImsService is not yet started retry.
03-30 10:16:54.498  2058  2058 E QImsService: QtiImsExtService : QtiImsExtService, ImsService is not yet started retry.
03-30 10:16:54.498  2058  2058 W QImsService: QtiImsExtService : onBind returned null
03-30 10:16:54.500  2152  2152 D QtiImsExtConnector: onNullBinding componentName ComponentInfo{org.codeaurora.ims/org.codeaurora.ims.QtiImsExtService}
03-30 10:16:54.518  1957  3396 W HidlServiceManagement: Waited one second for com.qualcomm.qti.uceservice@2.3::IUceService/com.qualcomm.qti.uceservice
03-30 10:16:54.519  4361  4361 W HidlServiceManagement: Waited one second for vendor.qti.hardware.qccvndhal@1.0::IQccvndhal/qccvndhal
03-30 10:16:54.520   481   481 I hwservicemanager: Since com.qualcomm.qti.uceservice@2.3::IUceService/com.qualcomm.qti.uceservice is not registered, trying to start it as a lazy HAL.
03-30 10:16:54.521   481   481 I hwservicemanager: Since vendor.qti.hardware.qccvndhal@1.0::IQccvndhal/qccvndhal is not registered, trying to start it as a lazy HAL.
03-30 10:16:54.522  4361  4361 I HidlServiceManagement: getService: Trying again for vendor.qti.hardware.qccvndhal@1.0::IQccvndhal/qccvndhal...
03-30 10:16:54.522  1957  3396 I HidlServiceManagement: getService: Trying again for com.qualcomm.qti.uceservice@2.3::IUceService/com.qualcomm.qti.uceservice...
03-30 10:16:54.526   481 16091 W libc    : Unable to set property "ctl.interface_start" to "vendor.qti.hardware.qccvndhal@1.0::IQccvndhal/qccvndhal": error code: 0x20
03-30 10:16:54.526   481 16091 I hwservicemanager: Tried to start vendor.qti.hardware.qccvndhal@1.0::IQccvndhal/qccvndhal as a lazy service, but was unable to. Usually this happens when a service is not installed, but if the service is intended to be used as a lazy service, then it may be configured incorrectly.
03-30 10:16:54.526   481 16090 W libc    : Unable to set property "ctl.interface_start" to "com.qualcomm.qti.uceservice@2.3::IUceService/com.qualcomm.qti.uceservice": error code: 0x20
03-30 10:16:54.527   481 16090 I hwservicemanager: Tried to start com.qualcomm.qti.uceservice@2.3::IUceService/com.qualcomm.qti.uceservice as a lazy service, but was unable to. Usually this happens when a service is not installed, but if the service is intended to be used as a lazy service, then it may be configured incorrectly.
03-30 10:16:54.816 16007 16007 W HidlServiceManagement: Waited one second for android.hardware.secure_element@1.2::ISecureElement/eSE1
03-30 10:16:54.817   481   481 I hwservicemanager: Since android.hardware.secure_element@1.2::ISecureElement/eSE1 is not registered, trying to start it as a lazy HAL.
03-30 10:16:54.818 16007 16007 I HidlServiceManagement: getService: Trying again for android.hardware.secure_element@1.2::ISecureElement/eSE1...
03-30 10:16:54.821   481 16092 W libc    : Unable to set property "ctl.interface_start" to "android.hardware.secure_element@1.2::ISecureElement/eSE1": error code: 0x20
03-30 10:16:54.821   481 16092 I hwservicemanager: Tried to start android.hardware.secure_element@1.2::ISecureElement/eSE1 as a lazy service, but was unable to. Usually this happens when a service is not installed, but if the service is intended to be used as a lazy service, then it may be configured incorrectly.
03-30 10:16:55.012  1047 12557 D CompatibilityInfo: mCompatibilityFlags - 0
03-30 10:16:55.012  1047 12557 D CompatibilityInfo: applicationDensity - 480
03-30 10:16:55.012  1047 12557 D CompatibilityInfo: applicationScale - 1.0
03-30 10:16:55.014  2058  2058 I QImsService: QtiImsExtService : QtiImsExtService created!
03-30 10:16:55.015  2058  2058 E QImsService: QtiImsExtService : QtiImsExtService, ImsService is not yet started retry.
03-30 10:16:55.015  2152  2152 D QtiImsExtConnector: Attempt to bind QtiImsExt service returned with: true
03-30 10:16:55.015  2058  2058 E QImsService: QtiImsExtService : QtiImsExtService, ImsService is not yet started retry.
03-30 10:16:55.015  2058  2058 W QImsService: QtiImsExtService : onBind returned null
03-30 10:16:55.017  2152  2152 D QtiImsExtConnector: onNullBinding componentName ComponentInfo{org.codeaurora.ims/org.codeaurora.ims.QtiImsExtService}
03-30 10:16:55.057  1177  1177 W HidlServiceManagement: Waited one second for com.qualcomm.qti.dpm.api@1.0::IdpmQmi/dpmQmiService
03-30 10:16:55.058   481   481 I hwservicemanager: Since com.qualcomm.qti.dpm.api@1.0::IdpmQmi/dpmQmiService is not registered, trying to start it as a lazy HAL.
03-30 10:16:55.060  1177  1177 I HidlServiceManagement: getService: Trying again for com.qualcomm.qti.dpm.api@1.0::IdpmQmi/dpmQmiService...
03-30 10:16:55.063   481 16093 W libc    : Unable to set property "ctl.interface_start" to "com.qualcomm.qti.dpm.api@1.0::IdpmQmi/dpmQmiService": error code: 0x20
03-30 10:16:55.063   481 16093 I hwservicemanager: Tried to start com.qualcomm.qti.dpm.api@1.0::IdpmQmi/dpmQmiService as a lazy service, but was unable to. Usually this happens when a service is not installed, but if the service is intended to be used as a lazy service, then it may be configured incorrectly.
03-30 10:16:55.524  4361  4361 W HidlServiceManagement: Waited one second for vendor.qti.hardware.qccvndhal@1.0::IQccvndhal/qccvndhal
03-30 10:16:55.525  1957  3396 W HidlServiceManagement: Waited one second for com.qualcomm.qti.uceservice@2.3::IUceService/com.qualcomm.qti.uceservice
03-30 10:16:55.526   481   481 I hwservicemanager: Since vendor.qti.hardware.qccvndhal@1.0::IQccvndhal/qccvndhal is not registered, trying to start it as a lazy HAL.
03-30 10:16:55.527   481   481 I hwservicemanager: Since com.qualcomm.qti.uceservice@2.3::IUceService/com.qualcomm.qti.uceservice is not registered, trying to start it as a lazy HAL.
03-30 10:16:55.529  1047 12557 D CompatibilityInfo: mCompatibilityFlags - 0
03-30 10:16:55.529  1047 12557 D CompatibilityInfo: applicationDensity - 480
03-30 10:16:55.529  1047 12557 D CompatibilityInfo: applicationScale - 1.0
03-30 10:16:55.529  1957  3396 I HidlServiceManagement: getService: Trying again for com.qualcomm.qti.uceservice@2.3::IUceService/com.qualcomm.qti.uceservice...
03-30 10:16:55.531  4361  4361 I HidlServiceManagement: getService: Trying again for vendor.qti.hardware.qccvndhal@1.0::IQccvndhal/qccvndhal...
03-30 10:16:55.532   481 16094 W libc    : Unable to set property "ctl.interface_start" to "vendor.qti.hardware.qccvndhal@1.0::IQccvndhal/qccvndhal": error code: 0x20
03-30 10:16:55.532  2058  2058 I QImsService: QtiImsExtService : QtiImsExtService created!
03-30 10:16:55.532   481 16094 I hwservicemanager: Tried to start vendor.qti.hardware.qccvndhal@1.0::IQccvndhal/qccvndhal as a lazy service, but was unable to. Usually this happens when a service is not installed, but if the service is intended to be used as a lazy service, then it may be configured incorrectly.
03-30 10:16:55.532  2058  2058 E QImsService: QtiImsExtService : QtiImsExtService, ImsService is not yet started retry.
03-30 10:16:55.533  2058  2058 E QImsService: QtiImsExtService : QtiImsExtService, ImsService is not yet started retry.
03-30 10:16:55.533  2058  2058 W QImsService: QtiImsExtService : onBind returned null
03-30 10:16:55.533  2152  2152 D QtiImsExtConnector: Attempt to bind QtiImsExt service returned with: true
03-30 10:16:55.533   481 16095 W libc    : Unable to set property "ctl.interface_start" to "com.qualcomm.qti.uceservice@2.3::IUceService/com.qualcomm.qti.uceservice": error code: 0x20
03-30 10:16:55.533   481 16095 I hwservicemanager: Tried to start com.qualcomm.qti.uceservice@2.3::IUceService/com.qualcomm.qti.uceservice as a lazy service, but was unable to. Usually this happens when a service is not installed, but if the service is intended to be used as a lazy service, then it may be configured incorrectly.
03-30 10:16:55.534  2152  2152 D QtiImsExtConnector: onNullBinding componentName ComponentInfo{org.codeaurora.ims/org.codeaurora.ims.QtiImsExtService}
03-30 10:16:55.820 16007 16007 W HidlServiceManagement: Waited one second for android.hardware.secure_element@1.2::ISecureElement/eSE1
03-30 10:16:55.822   481   481 I hwservicemanager: Since android.hardware.secure_element@1.2::ISecureElement/eSE1 is not registered, trying to start it as a lazy HAL.
03-30 10:16:55.823 16007 16007 I HidlServiceManagement: getService: Trying again for android.hardware.secure_element@1.2::ISecureElement/eSE1...
03-30 10:16:55.826   481 16096 W libc    : Unable to set property "ctl.interface_start" to "android.hardware.secure_element@1.2::ISecureElement/eSE1": error code: 0x20
03-30 10:16:55.826   481 16096 I hwservicemanager: Tried to start android.hardware.secure_element@1.2::ISecureElement/eSE1 as a lazy service, but was unable to. Usually this happens when a service is not installed, but if the service is intended to be used as a lazy service, then it may be configured incorrectly.
03-30 10:16:56.047  1047 14521 D CompatibilityInfo: mCompatibilityFlags - 0
03-30 10:16:56.047  1047 14521 D CompatibilityInfo: applicationDensity - 480
03-30 10:16:56.047  1047 14521 D CompatibilityInfo: applicationScale - 1.0
03-30 10:16:56.049  2058  2058 I QImsService: QtiImsExtService : QtiImsExtService created!
03-30 10:16:56.049  2058  2058 E QImsService: QtiImsExtService : QtiImsExtService, ImsService is not yet started retry.
03-30 10:16:56.050  2058  2058 E QImsService: QtiImsExtService : QtiImsExtService, ImsService is not yet started retry.
03-30 10:16:56.050  2058  2058 W QImsService: QtiImsExtService : onBind returned null
03-30 10:16:56.050  2152  2152 D QtiImsExtConnector: Attempt to bind QtiImsExt service returned with: true
03-30 10:16:56.051  2152  2152 D QtiImsExtConnector: onNullBinding componentName ComponentInfo{org.codeaurora.ims/org.codeaurora.ims.QtiImsExtService}
03-30 10:16:56.060  1177  1177 W HidlServiceManagement: Waited one second for com.qualcomm.qti.dpm.api@1.0::IdpmQmi/dpmQmiService
03-30 10:16:56.062   481   481 I hwservicemanager: Since com.qualcomm.qti.dpm.api@1.0::IdpmQmi/dpmQmiService is not registered, trying to start it as a lazy HAL.
03-30 10:16:56.063  1177  1177 I HidlServiceManagement: getService: Trying again for com.qualcomm.qti.dpm.api@1.0::IdpmQmi/dpmQmiService...
03-30 10:16:56.066   481 16097 W libc    : Unable to set property "ctl.interface_start" to "com.qualcomm.qti.dpm.api@1.0::IdpmQmi/dpmQmiService": error code: 0x20
03-30 10:16:56.066   481 16097 I hwservicemanager: Tried to start com.qualcomm.qti.dpm.api@1.0::IdpmQmi/dpmQmiService as a lazy service, but was unable to. Usually this happens when a service is not installed, but if the service is intended to be used as a lazy service, then it may be configured incorrectly.
03-30 10:16:56.374  1957  3449 I DPMJ    : |REQ:RCVR| DPM creating socket
03-30 10:16:56.470     0     0 I init    : starting service 'qccsyshalservice'...
03-30 10:16:56.498     0     0 I init    : starting service 'qccsyshal@1.1-service'...
03-30 10:16:56.514     0     0 I init    : starting service 'vendor.memtrack-hal-1-0'...
03-30 10:16:56.527     0     0 I init    : starting service 'vendor.sensors-hal-1-0'...
03-30 10:16:56.527 16098 16098 I qccsyshalservice: Start with system binder
03-30 10:16:56.528 16098 16098 D ProcessState: Binder ioctl to enable oneway spam detection failed: Invalid argument
03-30 10:16:56.528 16098 16098 D hw-ProcessState: Binder ioctl to enable oneway spam detection failed: Invalid argument
03-30 10:16:56.528 16098 16098 I qccsyshalservice: Registering qccsyshal service...
03-30 10:16:56.528 16098 16098 E cutils-trace: Error opening trace file: Permission denied (13)
03-30 10:16:56.529   481   481 I hwservicemanager: getTransport: Cannot find entry vendor.qti.hardware.qccsyshal@1.0::IQccsyshal/qccsyshal in either framework or device VINTF manifest.
03-30 10:16:56.529 16098 16098 E HidlServiceManagement: Service vendor.qti.hardware.qccsyshal@1.0::IQccsyshal/qccsyshal must be in VINTF manifest in order to register/get.
03-30 10:16:56.529 16098 16098 E qccsyshalservice: [ERROR] registerAsService() failed with status: -2147483648
03-30 10:16:56.530  1957  3396 W HidlServiceManagement: Waited one second for com.qualcomm.qti.uceservice@2.3::IUceService/com.qualcomm.qti.uceservice
03-30 10:16:56.530   481   481 I hwservicemanager: Since com.qualcomm.qti.uceservice@2.3::IUceService/com.qualcomm.qti.uceservice is not registered, trying to start it as a lazy HAL.
03-30 10:16:56.531  1957  3396 I HidlServiceManagement: getService: Trying again for com.qualcomm.qti.uceservice@2.3::IUceService/com.qualcomm.qti.uceservice...
03-30 10:16:56.531  4361  4361 W HidlServiceManagement: Waited one second for vendor.qti.hardware.qccvndhal@1.0::IQccvndhal/qccvndhal
03-30 10:16:56.536     0     0 I binder  : 16098:16098 ioctl 40046210 7fe4b79134 returned -22
03-30 10:16:56.536     0     0 I binder  : 16098:16098 ioctl 40046210 7fe4b79104 returned -22
03-30 10:16:56.540     0     0 I init    : starting service 'feature_enabler_client'...
03-30 10:16:56.532   481   481 I hwservicemanager: Since vendor.qti.hardware.qccvndhal@1.0::IQccvndhal/qccvndhal is not registered, trying to start it as a lazy HAL.
03-30 10:16:56.533  4361  4361 I HidlServiceManagement: getService: Trying again for vendor.qti.hardware.qccvndhal@1.0::IQccvndhal/qccvndhal...
03-30 10:16:56.533 16099 16099 I qccsyshal@1.1-service: Start with system binder
03-30 10:16:56.533 16099 16099 D ProcessState: Binder ioctl to enable oneway spam detection failed: Invalid argument
03-30 10:16:56.534 16099 16099 D hw-ProcessState: Binder ioctl to enable oneway spam detection failed: Invalid argument
03-30 10:16:56.534 16099 16099 I qccsyshal@1.1-service: Registering qccsyshal service...
03-30 10:16:56.534 16099 16099 E cutils-trace: Error opening trace file: Permission denied (13)
03-30 10:16:56.534   481   481 I hwservicemanager: getTransport: Cannot find entry vendor.qti.hardware.qccsyshal@1.1::IQccsyshal/qccsyshal in either framework or device VINTF manifest.
03-30 10:16:56.535 16099 16099 E HidlServiceManagement: Service vendor.qti.hardware.qccsyshal@1.1::IQccsyshal/qccsyshal must be in VINTF manifest in order to register/get.
03-30 10:16:56.535 16099 16099 E qccsyshal@1.1-service: [ERROR] registerAsService() failed with status: -2147483648
03-30 10:16:56.542     0     0 I binder  : 16099:16099 ioctl 40046210 7fd7ca4504 returned -22
03-30 10:16:56.542     0     0 I binder  : 16099:16099 ioctl 40046210 7fd7ca44d4 returned -22
03-30 10:16:56.539   481 16102 W libc    : Unable to set property "ctl.interface_start" to "com.qualcomm.qti.uceservice@2.3::IUceService/com.qualcomm.qti.uceservice": error code: 0x20
03-30 10:16:56.539   481 16102 I hwservicemanager: Tried to start com.qualcomm.qti.uceservice@2.3::IUceService/com.qualcomm.qti.uceservice as a lazy service, but was unable to. Usually this happens when a service is not installed, but if the service is intended to be used as a lazy service, then it may be configured incorrectly.
03-30 10:16:56.540   481 16103 W libc    : Unable to set property "ctl.interface_start" to "vendor.qti.hardware.qccvndhal@1.0::IQccvndhal/qccvndhal": error code: 0x20
03-30 10:16:56.541   481 16103 I hwservicemanager: Tried to start vendor.qti.hardware.qccvndhal@1.0::IQccvndhal/qccvndhal as a lazy service, but was unable to. Usually this happens when a service is not installed, but if the service is intended to be used as a lazy service, then it may be configured incorrectly.
03-30 10:16:56.545     0     0 I init    : Service 'qccsyshalservice' (pid 16098) exited with status 1
03-30 10:16:56.545     0     0 I init    : Sending signal 9 to service 'qccsyshalservice' (pid 16098) process group...
03-30 10:16:56.545     0     0 I libprocessgroup: Successfully killed process cgroup uid 1000 pid 16098 in 0ms
03-30 10:16:56.546     0     0 I init    : Service 'qccsyshal@1.1-service' (pid 16099) exited with status 1
03-30 10:16:56.546     0     0 I init    : Sending signal 9 to service 'qccsyshal@1.1-service' (pid 16099) process group...
03-30 10:16:56.549 16100 16100 D hw-ProcessState: Binder ioctl to enable oneway spam detection failed: Invalid argument
03-30 10:16:56.550 16100 16100 E cutils-trace: Error opening trace file: Permission denied (13)
03-30 10:16:56.550   481   481 I hwservicemanager: getTransport: Cannot find entry android.hardware.memtrack@1.0::IMemtrack/default in either framework or device VINTF manifest.
03-30 10:16:56.558     0     0 I binder  : 16100:16100 ioctl 40046210 7fd87a8e94 returned -22
03-30 10:16:56.554   481   481 I hwservicemanager: getTransport: Cannot find entry android.hardware.memtrack@1.0::IMemtrack/default in either framework or device VINTF manifest.
03-30 10:16:56.555 16100 16100 E HidlServiceManagement: Service android.hardware.memtrack@1.0::IMemtrack/default must be in VINTF manifest in order to register/get.
03-30 10:16:56.555 16100 16100 E LegacySupport: Could not register service android.hardware.memtrack@1.0::IMemtrack/default (-2147483648).
03-30 10:16:56.559  1047 14521 D CompatibilityInfo: mCompatibilityFlags - 0
03-30 10:16:56.559  1047 14521 D CompatibilityInfo: applicationDensity - 480
03-30 10:16:56.559  1047 14521 D CompatibilityInfo: applicationScale - 1.0
03-30 10:16:56.561  2058  2058 I QImsService: QtiImsExtService : QtiImsExtService created!
03-30 10:16:56.561  2058  2058 E QImsService: QtiImsExtService : QtiImsExtService, ImsService is not yet started retry.
03-30 10:16:56.561  2058  2058 E QImsService: QtiImsExtService : QtiImsExtService, ImsService is not yet started retry.
03-30 10:16:56.561  2058  2058 W QImsService: QtiImsExtService : onBind returned null
03-30 10:16:56.561  2152  2152 D QtiImsExtConnector: Attempt to bind QtiImsExt service returned with: true
03-30 10:16:56.562  2152  2152 D QtiImsExtConnector: onNullBinding componentName ComponentInfo{org.codeaurora.ims/org.codeaurora.ims.QtiImsExtService}
03-30 10:16:56.579 16101 16101 D hw-ProcessState: Binder ioctl to enable oneway spam detection failed: Invalid argument
03-30 10:16:56.580 16101 16101 E cutils-trace: Error opening trace file: Permission denied (13)
03-30 10:16:56.581   481   481 I hwservicemanager: getTransport: Cannot find entry android.hardware.sensors@1.0::ISensors/default in either framework or device VINTF manifest.
03-30 10:16:56.587     0     0 I binder  : 16101:16101 ioctl 40046210 7ffb7d4704 returned -22
03-30 10:16:56.590 16104 16104 D ProcessState: Binder ioctl to enable oneway spam detection failed: Invalid argument
03-30 10:16:56.599     0     0 I binder  : 16104:16104 ioctl 40046210 7fd6eed174 returned -22
03-30 10:16:56.591 16104 16104 D FEATURE_ENABLER_CLIENT: : Shared buffer size: 1040
03-30 10:16:56.591 16104 16104 D QSEECOMAPI: QSEECom_get_handle sb_length = 0x1040
03-30 10:16:56.592 16104 16104 D QSEECOMAPI: App is not loaded in QSEE
03-30 10:16:56.592 16104 16104 E QSEECOMAPI: Error::Cannot open the file /vendor/firmware_mnt/image/featenabler.mdt errno = 2
03-30 10:16:56.592 16104 16104 E QSEECOMAPI: Error::Loading image failed with ret = -1
03-30 10:16:56.592 16104 16104 D QSEECOMAPI: QSEECom_get_handle sb_length = 0x1040
03-30 10:16:56.592 16104 16104 D QSEECOMAPI: App is not loaded in QSEE
03-30 10:16:56.593 16104 16104 E QSEECOMAPI: Error::Cannot open the file /vendor/firmware/featenabler.mdt errno = 2
03-30 10:16:56.593 16104 16104 E QSEECOMAPI: Error::Loading image failed with ret = -1
03-30 10:16:56.593 16104 16104 E FEATURE_ENABLER_CLIENT: : Start app: fail 0x0
03-30 10:16:56.600 16101 16101 I android.hardware.sensors@1.0-service: Loaded library from sensors.ssc.so
03-30 10:16:56.600 16101 16101 W android.hardware.sensors@1.0-service: Error calling dlsym: undefined symbol: HMI
03-30 10:16:56.604 16101 16101 E android.hardware.sensors@1.0-service: HAL specifies version 1.4, but does not implement set_operation_mode()
03-30 10:16:56.606   481   481 I hwservicemanager: getTransport: Cannot find entry android.hardware.sensors@1.0::ISensors/default in either framework or device VINTF manifest.
03-30 10:16:56.607 16101 16101 E HidlServiceManagement: Service android.hardware.sensors@1.0::ISensors/default must be in VINTF manifest in order to register/get.
03-30 10:16:56.607 16101 16101 E LegacySupport: Could not register service android.hardware.sensors@1.0::ISensors/default (-2147483648).
03-30 10:16:56.826 16007 16007 W HidlServiceManagement: Waited one second for android.hardware.secure_element@1.2::ISecureElement/eSE1
03-30 10:16:56.827   481   481 I hwservicemanager: Since android.hardware.secure_element@1.2::ISecureElement/eSE1 is not registered, trying to start it as a lazy HAL.
03-30 10:16:56.828 16007 16007 I HidlServiceManagement: getService: Trying again for android.hardware.secure_element@1.2::ISecureElement/eSE1...
03-30 10:16:56.832   481 16107 W libc    : Unable to set property "ctl.interface_start" to "android.hardware.secure_element@1.2::ISecureElement/eSE1": error code: 0x20
03-30 10:16:56.832   481 16107 I hwservicemanager: Tried to start android.hardware.secure_element@1.2::ISecureElement/eSE1 as a lazy service, but was unable to. Usually this happens when a service is not installed, but if the service is intended to be used as a lazy service, then it may be configured incorrectly.
03-30 10:16:57.065  1177  1177 W HidlServiceManagement: Waited one second for com.qualcomm.qti.dpm.api@1.0::IdpmQmi/dpmQmiService
03-30 10:16:57.067   481   481 I hwservicemanager: Since com.qualcomm.qti.dpm.api@1.0::IdpmQmi/dpmQmiService is not registered, trying to start it as a lazy HAL.
03-30 10:16:57.068  1177  1177 I HidlServiceManagement: getService: Trying again for com.qualcomm.qti.dpm.api@1.0::IdpmQmi/dpmQmiService...
03-30 10:16:57.070  1047 12557 D CompatibilityInfo: mCompatibilityFlags - 0
03-30 10:16:57.070  1047 12557 D CompatibilityInfo: applicationDensity - 480
03-30 10:16:57.070  1047 12557 D CompatibilityInfo: applicationScale - 1.0
03-30 10:16:57.071   481 16108 W libc    : Unable to set property "ctl.interface_start" to "com.qualcomm.qti.dpm.api@1.0::IdpmQmi/dpmQmiService": error code: 0x20
03-30 10:16:57.072   481 16108 I hwservicemanager: Tried to start com.qualcomm.qti.dpm.api@1.0::IdpmQmi/dpmQmiService as a lazy service, but was unable to. Usually this happens when a service is not installed, but if the service is intended to be used as a lazy service, then it may be configured incorrectly.
03-30 10:16:57.073  2058  2058 I QImsService: QtiImsExtService : QtiImsExtService created!
03-30 10:16:57.073  2058  2058 E QImsService: QtiImsExtService : QtiImsExtService, ImsService is not yet started retry.
03-30 10:16:57.073  2058  2058 E QImsService: QtiImsExtService : QtiImsExtService, ImsService is not yet started retry.
03-30 10:16:57.073  2058  2058 W QImsService: QtiImsExtService : onBind returned null
03-30 10:16:57.074  2152  2152 D QtiImsExtConnector: Attempt to bind QtiImsExt service returned with: true
03-30 10:16:57.075  2152  2152 D QtiImsExtConnector: onNullBinding componentName ComponentInfo{org.codeaurora.ims/org.codeaurora.ims.QtiImsExtService}
03-30 10:16:57.534  1957  3396 W HidlServiceManagement: Waited one second for com.qualcomm.qti.uceservice@2.3::IUceService/com.qualcomm.qti.uceservice
03-30 10:16:57.534  4361  4361 W HidlServiceManagement: Waited one second for vendor.qti.hardware.qccvndhal@1.0::IQccvndhal/qccvndhal
03-30 10:16:57.535   481   481 I hwservicemanager: Since com.qualcomm.qti.uceservice@2.3::IUceService/com.qualcomm.qti.uceservice is not registered, trying to start it as a lazy HAL.
03-30 10:16:57.536   481   481 I hwservicemanager: Since vendor.qti.hardware.qccvndhal@1.0::IQccvndhal/qccvndhal is not registered, trying to start it as a lazy HAL.
03-30 10:16:57.536  1957  3396 I HidlServiceManagement: getService: Trying again for com.qualcomm.qti.uceservice@2.3::IUceService/com.qualcomm.qti.uceservice...
03-30 10:16:57.537  4361  4361 I HidlServiceManagement: getService: Trying again for vendor.qti.hardware.qccvndhal@1.0::IQccvndhal/qccvndhal...
03-30 10:16:57.541   481 16109 W libc    : Unable to set property "ctl.interface_start" to "com.qualcomm.qti.uceservice@2.3::IUceService/com.qualcomm.qti.uceservice": error code: 0x20
03-30 10:16:57.541   481 16109 I hwservicemanager: Tried to start com.qualcomm.qti.uceservice@2.3::IUceService/com.qualcomm.qti.uceservice as a lazy service, but was unable to. Usually this happens when a service is not installed, but if the service is intended to be used as a lazy service, then it may be configured incorrectly.
03-30 10:16:57.543   481 16110 W libc    : Unable to set property "ctl.interface_start" to "vendor.qti.hardware.qccvndhal@1.0::IQccvndhal/qccvndhal": error code: 0x20
03-30 10:16:57.545   481 16110 I hwservicemanager: Tried to start vendor.qti.hardware.qccvndhal@1.0::IQccvndhal/qccvndhal as a lazy service, but was unable to. Usually this happens when a service is not installed, but if the service is intended to be used as a lazy service, then it may be configured incorrectly.
03-30 10:16:57.586  1047 12557 D CompatibilityInfo: mCompatibilityFlags - 0
03-30 10:16:57.587  1047 12557 D CompatibilityInfo: applicationDensity - 480
03-30 10:16:57.587  1047 12557 D CompatibilityInfo: applicationScale - 1.0
03-30 10:16:57.589  2058  2058 I QImsService: QtiImsExtService : QtiImsExtService created!
03-30 10:16:57.589  2058  2058 E QImsService: QtiImsExtService : QtiImsExtService, ImsService is not yet started retry.
03-30 10:16:57.590  2058  2058 E QImsService: QtiImsExtService : QtiImsExtService, ImsService is not yet started retry.
03-30 10:16:57.590  2058  2058 W QImsService: QtiImsExtService : onBind returned null
03-30 10:16:57.590  2152  2152 D QtiImsExtConnector: Attempt to bind QtiImsExt service returned with: true
03-30 10:16:57.591  2152  2152 D QtiImsExtConnector: onNullBinding componentName ComponentInfo{org.codeaurora.ims/org.codeaurora.ims.QtiImsExtService}
03-30 10:16:57.627  1515  1515 I hvdcp_opti: type=1400 audit(0.0:9698): avc: denied { read } for name="present" dev="sysfs" ino=63631 scontext=u:r:vendor_hvdcp:s0 tcontext=u:object_r:sysfs:s0 tclass=file permissive=1
03-30 10:16:57.627  1515  1515 I hvdcp_opti: type=1400 audit(0.0:9699): avc: denied { open } for path="/sys/devices/platform/soc/c440000.qcom,spmi/spmi-0/spmi0-00/c440000.qcom,spmi:qcom,pm6150@0:qcom,qpnp-smb5/power_supply/usb/present" dev="sysfs" ino=63631 scontext=u:r:vendor_hvdcp:s0 tcontext=u:object_r:sysfs:s0 tclass=file permissive=1
03-30 10:16:57.831 16007 16007 W HidlServiceManagement: Waited one second for android.hardware.secure_element@1.2::ISecureElement/eSE1
03-30 10:16:57.832   481   481 I hwservicemanager: Since android.hardware.secure_element@1.2::ISecureElement/eSE1 is not registered, trying to start it as a lazy HAL.
03-30 10:16:57.833 16007 16007 I HidlServiceManagement: getService: Trying again for android.hardware.secure_element@1.2::ISecureElement/eSE1...
03-30 10:16:57.837   481 16111 W libc    : Unable to set property "ctl.interface_start" to "android.hardware.secure_element@1.2::ISecureElement/eSE1": error code: 0x20
03-30 10:16:57.837   481 16111 I hwservicemanager: Tried to start android.hardware.secure_element@1.2::ISecureElement/eSE1 as a lazy service, but was unable to. Usually this happens when a service is not installed, but if the service is intended to be used as a lazy service, then it may be configured incorrectly.
03-30 10:16:58.071  1177  1177 W HidlServiceManagement: Waited one second for com.qualcomm.qti.dpm.api@1.0::IdpmQmi/dpmQmiService
03-30 10:16:58.072   481   481 I hwservicemanager: Since com.qualcomm.qti.dpm.api@1.0::IdpmQmi/dpmQmiService is not registered, trying to start it as a lazy HAL.
03-30 10:16:58.073  1177  1177 I HidlServiceManagement: getService: Trying again for com.qualcomm.qti.dpm.api@1.0::IdpmQmi/dpmQmiService...
03-30 10:16:58.076   481 16112 W libc    : Unable to set property "ctl.interface_start" to "com.qualcomm.qti.dpm.api@1.0::IdpmQmi/dpmQmiService": error code: 0x20
03-30 10:16:58.077   481 16112 I hwservicemanager: Tried to start com.qualcomm.qti.dpm.api@1.0::IdpmQmi/dpmQmiService as a lazy service, but was unable to. Usually this happens when a service is not installed, but if the service is intended to be used as a lazy service, then it may be configured incorrectly.
03-30 10:16:58.103  1047 12557 D CompatibilityInfo: mCompatibilityFlags - 0
03-30 10:16:58.103  1047 12557 D CompatibilityInfo: applicationDensity - 480
03-30 10:16:58.103  1047 12557 D CompatibilityInfo: applicationScale - 1.0
03-30 10:16:58.105  2058  2058 I QImsService: QtiImsExtService : QtiImsExtService created!
03-30 10:16:58.105  2058  2058 E QImsService: QtiImsExtService : QtiImsExtService, ImsService is not yet started retry.
03-30 10:16:58.106  2152  2152 D QtiImsExtConnector: Attempt to bind QtiImsExt service returned with: true
03-30 10:16:58.106  2058  2058 E QImsService: QtiImsExtService : QtiImsExtService, ImsService is not yet started retry.
03-30 10:16:58.106  2058  2058 W QImsService: QtiImsExtService : onBind returned null
03-30 10:16:58.108  2152  2152 D QtiImsExtConnector: onNullBinding componentName ComponentInfo{org.codeaurora.ims/org.codeaurora.ims.QtiImsExtService}
03-30 10:16:58.537  1957  3396 W HidlServiceManagement: Waited one second for com.qualcomm.qti.uceservice@2.3::IUceService/com.qualcomm.qti.uceservice
03-30 10:16:58.538  4361  4361 W HidlServiceManagement: Waited one second for vendor.qti.hardware.qccvndhal@1.0::IQccvndhal/qccvndhal
03-30 10:16:58.538   481   481 I hwservicemanager: Since com.qualcomm.qti.uceservice@2.3::IUceService/com.qualcomm.qti.uceservice is not registered, trying to start it as a lazy HAL.
03-30 10:16:58.539   481   481 I hwservicemanager: Since vendor.qti.hardware.qccvndhal@1.0::IQccvndhal/qccvndhal is not registered, trying to start it as a lazy HAL.
03-30 10:16:58.540  4361  4361 I HidlServiceManagement: getService: Trying again for vendor.qti.hardware.qccvndhal@1.0::IQccvndhal/qccvndhal...
03-30 10:16:58.540  1957  3396 I HidlServiceManagement: getService: Trying again for com.qualcomm.qti.uceservice@2.3::IUceService/com.qualcomm.qti.uceservice...
03-30 10:16:58.543   481 16113 W libc    : Unable to set property "ctl.interface_start" to "com.qualcomm.qti.uceservice@2.3::IUceService/com.qualcomm.qti.uceservice": error code: 0x20
03-30 10:16:58.544   481 16113 I hwservicemanager: Tried to start com.qualcomm.qti.uceservice@2.3::IUceService/com.qualcomm.qti.uceservice as a lazy service, but was unable to. Usually this happens when a service is not installed, but if the service is intended to be used as a lazy service, then it may be configured incorrectly.
03-30 10:16:58.545   481 16114 W libc    : Unable to set property "ctl.interface_start" to "vendor.qti.hardware.qccvndhal@1.0::IQccvndhal/qccvndhal": error code: 0x20
03-30 10:16:58.545   481 16114 I hwservicemanager: Tried to start vendor.qti.hardware.qccvndhal@1.0::IQccvndhal/qccvndhal as a lazy service, but was unable to. Usually this happens when a service is not installed, but if the service is intended to be used as a lazy service, then it may be configured incorrectly.
03-30 10:16:58.618  1047 14522 D CompatibilityInfo: mCompatibilityFlags - 0
03-30 10:16:58.618  1047 14522 D CompatibilityInfo: applicationDensity - 480
03-30 10:16:58.619  1047 14522 D CompatibilityInfo: applicationScale - 1.0
03-30 10:16:58.621  2058  2058 I QImsService: QtiImsExtService : QtiImsExtService created!
03-30 10:16:58.621  2058  2058 E QImsService: QtiImsExtService : QtiImsExtService, ImsService is not yet started retry.
03-30 10:16:58.622  2058  2058 E QImsService: QtiImsExtService : QtiImsExtService, ImsService is not yet started retry.
03-30 10:16:58.622  2058  2058 W QImsService: QtiImsExtService : onBind returned null
03-30 10:16:58.622  2152  2152 D QtiImsExtConnector: Attempt to bind QtiImsExt service returned with: true
03-30 10:16:58.623  2152  2152 D QtiImsExtConnector: onNullBinding componentName ComponentInfo{org.codeaurora.ims/org.codeaurora.ims.QtiImsExtService}
03-30 10:16:58.836 16007 16007 W HidlServiceManagement: Waited one second for android.hardware.secure_element@1.2::ISecureElement/eSE1
03-30 10:16:58.837   481   481 I hwservicemanager: Since android.hardware.secure_element@1.2::ISecureElement/eSE1 is not registered, trying to start it as a lazy HAL.
03-30 10:16:58.839 16007 16007 I HidlServiceManagement: getService: Trying again for android.hardware.secure_element@1.2::ISecureElement/eSE1...
03-30 10:16:58.842   481 16115 W libc    : Unable to set property "ctl.interface_start" to "android.hardware.secure_element@1.2::ISecureElement/eSE1": error code: 0x20
03-30 10:16:58.842   481 16115 I hwservicemanager: Tried to start android.hardware.secure_element@1.2::ISecureElement/eSE1 as a lazy service, but was unable to. Usually this happens when a service is not installed, but if the service is intended to be used as a lazy service, then it may be configured incorrectly.
03-30 10:16:59.076  1177  1177 W HidlServiceManagement: Waited one second for com.qualcomm.qti.dpm.api@1.0::IdpmQmi/dpmQmiService
03-30 10:16:59.077   481   481 I hwservicemanager: Since com.qualcomm.qti.dpm.api@1.0::IdpmQmi/dpmQmiService is not registered, trying to start it as a lazy HAL.
03-30 10:16:59.078  1177  1177 I HidlServiceManagement: getService: Trying again for com.qualcomm.qti.dpm.api@1.0::IdpmQmi/dpmQmiService...
03-30 10:16:59.082   481 16116 W libc    : Unable to set property "ctl.interface_start" to "com.qualcomm.qti.dpm.api@1.0::IdpmQmi/dpmQmiService": error code: 0x20
03-30 10:16:59.082   481 16116 I hwservicemanager: Tried to start com.qualcomm.qti.dpm.api@1.0::IdpmQmi/dpmQmiService as a lazy service, but was unable to. Usually this happens when a service is not installed, but if the service is intended to be used as a lazy service, then it may be configured incorrectly.
03-30 10:16:59.135  1047 14522 D CompatibilityInfo: mCompatibilityFlags - 0
03-30 10:16:59.135  1047 14522 D CompatibilityInfo: applicationDensity - 480
03-30 10:16:59.135  1047 14522 D CompatibilityInfo: applicationScale - 1.0
03-30 10:16:59.138  2058  2058 I QImsService: QtiImsExtService : QtiImsExtService created!
03-30 10:16:59.138  2058  2058 E QImsService: QtiImsExtService : QtiImsExtService, ImsService is not yet started retry.
03-30 10:16:59.138  2152  2152 D QtiImsExtConnector: Attempt to bind QtiImsExt service returned with: true
03-30 10:16:59.138  2058  2058 E QImsService: QtiImsExtService : QtiImsExtService, ImsService is not yet started retry.
03-30 10:16:59.138  2058  2058 W QImsService: QtiImsExtService : onBind returned null
03-30 10:16:59.140  2152  2152 D QtiImsExtConnector: onNullBinding componentName ComponentInfo{org.codeaurora.ims/org.codeaurora.ims.QtiImsExtService}
03-30 10:16:59.543  4361  4361 W HidlServiceManagement: Waited one second for vendor.qti.hardware.qccvndhal@1.0::IQccvndhal/qccvndhal
03-30 10:16:59.544  1957  3396 W HidlServiceManagement: Waited one second for com.qualcomm.qti.uceservice@2.3::IUceService/com.qualcomm.qti.uceservice
03-30 10:16:59.544   481   481 I hwservicemanager: Since vendor.qti.hardware.qccvndhal@1.0::IQccvndhal/qccvndhal is not registered, trying to start it as a lazy HAL.
03-30 10:16:59.546   481   481 I hwservicemanager: Since com.qualcomm.qti.uceservice@2.3::IUceService/com.qualcomm.qti.uceservice is not registered, trying to start it as a lazy HAL.
03-30 10:16:59.547  4361  4361 I HidlServiceManagement: getService: Trying again for vendor.qti.hardware.qccvndhal@1.0::IQccvndhal/qccvndhal...
03-30 10:16:59.548  1957  3396 I HidlServiceManagement: getService: Trying again for com.qualcomm.qti.uceservice@2.3::IUceService/com.qualcomm.qti.uceservice...
03-30 10:16:59.549   481 16117 W libc    : Unable to set property "ctl.interface_start" to "vendor.qti.hardware.qccvndhal@1.0::IQccvndhal/qccvndhal": error code: 0x20
03-30 10:16:59.550   481 16117 I hwservicemanager: Tried to start vendor.qti.hardware.qccvndhal@1.0::IQccvndhal/qccvndhal as a lazy service, but was unable to. Usually this happens when a service is not installed, but if the service is intended to be used as a lazy service, then it may be configured incorrectly.
03-30 10:16:59.551   481 16118 W libc    : Unable to set property "ctl.interface_start" to "com.qualcomm.qti.uceservice@2.3::IUceService/com.qualcomm.qti.uceservice": error code: 0x20
03-30 10:16:59.551   481 16118 I hwservicemanager: Tried to start com.qualcomm.qti.uceservice@2.3::IUceService/com.qualcomm.qti.uceservice as a lazy service, but was unable to. Usually this happens when a service is not installed, but if the service is intended to be used as a lazy service, then it may be configured incorrectly.
03-30 10:16:59.652  1047 14522 D CompatibilityInfo: mCompatibilityFlags - 0
03-30 10:16:59.652  1047 14522 D CompatibilityInfo: applicationDensity - 480
03-30 10:16:59.653  1047 14522 D CompatibilityInfo: applicationScale - 1.0
03-30 10:16:59.655  2058  2058 I QImsService: QtiImsExtService : QtiImsExtService created!
03-30 10:16:59.655  2058  2058 E QImsService: QtiImsExtService : QtiImsExtService, ImsService is not yet started retry.
03-30 10:16:59.655  2058  2058 E QImsService: QtiImsExtService : QtiImsExtService, ImsService is not yet started retry.
03-30 10:16:59.656  2152  2152 D QtiImsExtConnector: Attempt to bind QtiImsExt service returned with: true
03-30 10:16:59.656  2058  2058 W QImsService: QtiImsExtService : onBind returned null
03-30 10:16:59.657  2152  2152 D QtiImsExtConnector: onNullBinding componentName ComponentInfo{org.codeaurora.ims/org.codeaurora.ims.QtiImsExtService}
03-30 10:16:59.841 16007 16007 W HidlServiceManagement: Waited one second for android.hardware.secure_element@1.2::ISecureElement/eSE1
03-30 10:16:59.842   481   481 I hwservicemanager: Since android.hardware.secure_element@1.2::ISecureElement/eSE1 is not registered, trying to start it as a lazy HAL.
03-30 10:16:59.843 16007 16007 I HidlServiceManagement: getService: Trying again for android.hardware.secure_element@1.2::ISecureElement/eSE1...
03-30 10:16:59.847   481 16119 W libc    : Unable to set property "ctl.interface_start" to "android.hardware.secure_element@1.2::ISecureElement/eSE1": error code: 0x20
03-30 10:16:59.847   481 16119 I hwservicemanager: Tried to start android.hardware.secure_element@1.2::ISecureElement/eSE1 as a lazy service, but was unable to. Usually this happens when a service is not installed, but if the service is intended to be used as a lazy service, then it may be configured incorrectly.
03-30 10:17:00.081  1177  1177 W HidlServiceManagement: Waited one second for com.qualcomm.qti.dpm.api@1.0::IdpmQmi/dpmQmiService
03-30 10:17:00.082   481   481 I hwservicemanager: Since com.qualcomm.qti.dpm.api@1.0::IdpmQmi/dpmQmiService is not registered, trying to start it as a lazy HAL.
03-30 10:17:00.083  1177  1177 I HidlServiceManagement: getService: Trying again for com.qualcomm.qti.dpm.api@1.0::IdpmQmi/dpmQmiService...
03-30 10:17:00.087   481 16120 W libc    : Unable to set property "ctl.interface_start" to "com.qualcomm.qti.dpm.api@1.0::IdpmQmi/dpmQmiService": error code: 0x20
03-30 10:17:00.087   481 16120 I hwservicemanager: Tried to start com.qualcomm.qti.dpm.api@1.0::IdpmQmi/dpmQmiService as a lazy service, but was unable to. Usually this happens when a service is not installed, but if the service is intended to be used as a lazy service, then it may be configured incorrectly.
03-30 10:17:00.170  1047 14521 D CompatibilityInfo: mCompatibilityFlags - 0
03-30 10:17:00.170  1047 14521 D CompatibilityInfo: applicationDensity - 480
03-30 10:17:00.171  1047 14521 D CompatibilityInfo: applicationScale - 1.0
03-30 10:17:00.173  2058  2058 I QImsService: QtiImsExtService : QtiImsExtService created!
03-30 10:17:00.173  2058  2058 E QImsService: QtiImsExtService : QtiImsExtService, ImsService is not yet started retry.
03-30 10:17:00.174  2058  2058 E QImsService: QtiImsExtService : QtiImsExtService, ImsService is not yet started retry.
03-30 10:17:00.174  2058  2058 W QImsService: QtiImsExtService : onBind returned null
03-30 10:17:00.176  2152  2152 D QtiImsExtConnector: Attempt to bind QtiImsExt service returned with: true
03-30 10:17:00.177  2152  2152 D QtiImsExtConnector: onNullBinding componentName ComponentInfo{org.codeaurora.ims/org.codeaurora.ims.QtiImsExtService}
03-30 10:17:00.378  1957  3449 I DPMJ    : |REQ:RCVR| DPM creating socket
03-30 10:17:00.550  4361  4361 W HidlServiceManagement: Waited one second for vendor.qti.hardware.qccvndhal@1.0::IQccvndhal/qccvndhal
03-30 10:17:00.551  1957  3396 W HidlServiceManagement: Waited one second for com.qualcomm.qti.uceservice@2.3::IUceService/com.qualcomm.qti.uceservice
03-30 10:17:00.551   481   481 I hwservicemanager: Since vendor.qti.hardware.qccvndhal@1.0::IQccvndhal/qccvndhal is not registered, trying to start it as a lazy HAL.
03-30 10:17:00.553   481   481 I hwservicemanager: Since com.qualcomm.qti.uceservice@2.3::IUceService/com.qualcomm.qti.uceservice is not registered, trying to start it as a lazy HAL.
03-30 10:17:00.555  1957  3396 I HidlServiceManagement: getService: Trying again for com.qualcomm.qti.uceservice@2.3::IUceService/com.qualcomm.qti.uceservice...
03-30 10:17:00.555  4361  4361 I HidlServiceManagement: getService: Trying again for vendor.qti.hardware.qccvndhal@1.0::IQccvndhal/qccvndhal...
03-30 10:17:00.556   481 16121 W libc    : Unable to set property "ctl.interface_start" to "vendor.qti.hardware.qccvndhal@1.0::IQccvndhal/qccvndhal": error code: 0x20
03-30 10:17:00.556   481 16121 I hwservicemanager: Tried to start vendor.qti.hardware.qccvndhal@1.0::IQccvndhal/qccvndhal as a lazy service, but was unable to. Usually this happens when a service is not installed, but if the service is intended to be used as a lazy service, then it may be configured incorrectly.
03-30 10:17:00.558   481 16122 W libc    : Unable to set property "ctl.interface_start" to "com.qualcomm.qti.uceservice@2.3::IUceService/com.qualcomm.qti.uceservice": error code: 0x20
03-30 10:17:00.558   481 16122 I hwservicemanager: Tried to start com.qualcomm.qti.uceservice@2.3::IUceService/com.qualcomm.qti.uceservice as a lazy service, but was unable to. Usually this happens when a service is not installed, but if the service is intended to be used as a lazy service, then it may be configured incorrectly.
03-30 10:17:00.689  1047 14522 D CompatibilityInfo: mCompatibilityFlags - 0
03-30 10:17:00.689  1047 14522 D CompatibilityInfo: applicationDensity - 480
03-30 10:17:00.689  1047 14522 D CompatibilityInfo: applicationScale - 1.0
03-30 10:17:00.692  2058  2058 I QImsService: QtiImsExtService : QtiImsExtService created!
03-30 10:17:00.692  2058  2058 E QImsService: QtiImsExtService : QtiImsExtService, ImsService is not yet started retry.
03-30 10:17:00.692  2058  2058 E QImsService: QtiImsExtService : QtiImsExtService, ImsService is not yet started retry.
03-30 10:17:00.692  2058  2058 W QImsService: QtiImsExtService : onBind returned null
03-30 10:17:00.693  2152  2152 D QtiImsExtConnector: Attempt to bind QtiImsExt service returned with: true
03-30 10:17:00.694  2152  2152 D QtiImsExtConnector: onNullBinding componentName ComponentInfo{org.codeaurora.ims/org.codeaurora.ims.QtiImsExtService}
03-30 10:17:00.846 16007 16007 W HidlServiceManagement: Waited one second for android.hardware.secure_element@1.2::ISecureElement/eSE1
03-30 10:17:00.847   481   481 I hwservicemanager: Since android.hardware.secure_element@1.2::ISecureElement/eSE1 is not registered, trying to start it as a lazy HAL.
03-30 10:17:00.848 16007 16007 I HidlServiceManagement: getService: Trying again for android.hardware.secure_element@1.2::ISecureElement/eSE1...
03-30 10:17:00.852   481 16123 W libc    : Unable to set property "ctl.interface_start" to "android.hardware.secure_element@1.2::ISecureElement/eSE1": error code: 0x20
03-30 10:17:00.853   481 16123 I hwservicemanager: Tried to start android.hardware.secure_element@1.2::ISecureElement/eSE1 as a lazy service, but was unable to. Usually this happens when a service is not installed, but if the service is intended to be used as a lazy service, then it may be configured incorrectly.
03-30 10:17:01.085  1177  1177 W HidlServiceManagement: Waited one second for com.qualcomm.qti.dpm.api@1.0::IdpmQmi/dpmQmiService
03-30 10:17:01.086   481   481 I hwservicemanager: Since com.qualcomm.qti.dpm.api@1.0::IdpmQmi/dpmQmiService is not registered, trying to start it as a lazy HAL.
03-30 10:17:01.088  1177  1177 I HidlServiceManagement: getService: Trying again for com.qualcomm.qti.dpm.api@1.0::IdpmQmi/dpmQmiService...
03-30 10:17:01.092   481 16124 W libc    : Unable to set property "ctl.interface_start" to "com.qualcomm.qti.dpm.api@1.0::IdpmQmi/dpmQmiService": error code: 0x20
